Archive member included because of file (symbol)

contiki-z1.a(contiki-z1-plat)
                              obj_z1/contiki-z1-main.o (init_platform)
contiki-z1.a(msp430.o)        obj_z1/contiki-z1-main.o (splhigh_)
contiki-z1.a(leds.o)          obj_z1/contiki-z1-main.o (leds_init)
contiki-z1.a(watchdog.o)      obj_z1/contiki-z1-main.o (watchdog_start)
contiki-z1.a(xmem.o)          obj_z1/contiki-z1-main.o (xmem_init)
contiki-z1.a(spi.o)           contiki-z1.a(xmem.o) (spi_init)
contiki-z1.a(cc2420.o)        obj_z1/contiki-z1-main.o (cc2420_set_pan_addr)
contiki-z1.a(cc2420-arch.o)   contiki-z1.a(cc2420.o) (cc2420_arch_init)
contiki-z1.a(node-id.o)       obj_z1/contiki-z1-main.o (node_id_restore)
contiki-z1.a(sensors.o)       contiki-z1.a(contiki-z1-plat) (sensors_process)
contiki-z1.a(button-sensor.o)
                              obj_z1/contiki-z1-main.o (button_sensor)
contiki-z1.a(uart0.o)         obj_z1/contiki-z1-main.o (uart0_active)
contiki-z1.a(uart0-putchar.o)
                              obj_z1/contiki-z1-main.o (putchar)
contiki-z1.a(adxl345.o)       obj_z1/contiki-z1-main.o (accm_init)
contiki-z1.a(clock.o)         obj_z1/contiki-z1-main.o (clock_init)
contiki-z1.a(leds-arch.o)     contiki-z1.a(leds.o) (leds_arch_init)
contiki-z1.a(rtimer-arch.o)   obj_z1/contiki-z1-main.o (rtimer_arch_now)
contiki-z1.a(autostart.o)     obj_z1/contiki-z1-main.o (autostart_start)
contiki-z1.a(ctimer.o)        obj_z1/contiki-z1-main.o (ctimer_init)
contiki-z1.a(energest.o)      obj_z1/contiki-z1-main.o (energest_init)
contiki-z1.a(etimer.o)        contiki-z1.a(clock.o) (etimer_request_poll)
contiki-z1.a(process.o)       udp-client.co (process_current)
contiki-z1.a(rtimer.o)        obj_z1/contiki-z1-main.o (rtimer_init)
contiki-z1.a(timer.o)         contiki-z1.a(button-sensor.o) (timer_set)
contiki-z1.a(list.o)          contiki-z1.a(ctimer.o) (list_init)
contiki-z1.a(random.o)        udp-client.co (random_rand)
contiki-z1.a(sicslowpan.o)    obj_z1/contiki-z1-main.o (sicslowpan_driver)
contiki-z1.a(uip6.o)          contiki-z1.a(sicslowpan.o) (uip_aligned_buf)
contiki-z1.a(uip-ds6.o)       contiki-z1.a(uip6.o) (uip_ds6_is_addr_onlink)
contiki-z1.a(uip-ds6-nbr.o)   contiki-z1.a(uip-ds6.o) (uip_ds6_neighbors_init)
contiki-z1.a(uip-ds6-route.o)
                              contiki-z1.a(uip-ds6.o) (uip_ds6_route_init)
contiki-z1.a(uip-icmp6.o)     contiki-z1.a(uip6.o) (uip_icmp6_input)
contiki-z1.a(uip-nd6.o)       contiki-z1.a(uip-ds6-nbr.o) (uip_nd6_ns_output)
contiki-z1.a(tcpip.o)         contiki-z1.a(sicslowpan.o) (tcpip_set_outputfunc)
contiki-z1.a(uip-debug.o)     udp-client.co (uip_debug_ipaddr_print)
contiki-z1.a(uip-udp-packet.)
                              udp-client.co (uip_udp_packet_sendto)
contiki-z1.a(rpl.o)           contiki-z1.a(uip-ds6-nbr.o) (rpl_link_neighbor_callback)
contiki-z1.a(rpl-dag.o)       contiki-z1.a(rpl.o) (default_instance)
contiki-z1.a(rpl-ext-header.)
                              contiki-z1.a(uip6.o) (rpl_verify_header)
contiki-z1.a(rpl-icmp6.o)     contiki-z1.a(rpl.o) (dao_output_target)
contiki-z1.a(rpl-mrhof.o)     contiki-z1.a(rpl.o) (rpl_mrhof)
contiki-z1.a(rpl-timers.o)    contiki-z1.a(rpl.o) (rpl_reset_periodic_timer)
contiki-z1.a(linkaddr.o)      obj_z1/contiki-z1-main.o (linkaddr_copy)
contiki-z1.a(nbr-table.o)     contiki-z1.a(uip-ds6-nbr.o) (nbr_table_register)
contiki-z1.a(packetbuf.o)     contiki-z1.a(cc2420.o) (packetbuf_set_datalen)
contiki-z1.a(queuebuf.o)      obj_z1/contiki-z1-main.o (queuebuf_init)
contiki-z1.a(csma.o)          obj_z1/contiki-z1-main.o (csma_driver)
contiki-z1.a(framer-802154.o)
                              contiki-z1.a(sicslowpan.o) (framer_802154)
contiki-z1.a(framer.o)        contiki-z1.a(framer-802154.o) (framer_canonical_create_and_secure)
contiki-z1.a(mac.o)           contiki-z1.a(csma.o) (mac_call_sent_callback)
contiki-z1.a(contikimac.o)    obj_z1/contiki-z1-main.o (contikimac_driver)
contiki-z1.a(nullsec.o)       contiki-z1.a(sicslowpan.o) (nullsec_driver)
contiki-z1.a(powertrace.o)    udp-client.co (powertrace_start)
contiki-z1.a(i2cmaster.o)     contiki-z1.a(adxl345.o) (i2c_receiveinit)
contiki-z1.a(compower.o)      contiki-z1.a(powertrace.o) (compower_idle_activity)
contiki-z1.a(stimer.o)        contiki-z1.a(uip-ds6.o) (stimer_set)
contiki-z1.a(memb.o)          contiki-z1.a(uip-ds6-route.o) (memb_init)
contiki-z1.a(frame802154.o)   contiki-z1.a(framer-802154.o) (frame802154_hdrlen)
contiki-z1.a(mac-sequence.o)  contiki-z1.a(contikimac.o) (mac_sequence_is_duplicate)
/usr/lib/gcc/msp430/4.6.3/mcpu-430x/mmpy-16/libgcc.a(_mulsi3.o)
                              contiki-z1.a(rpl.o) (__mulsi3)
/usr/lib/gcc/msp430/4.6.3/mcpu-430x/mmpy-16/libgcc.a(_udivmod16.o)
                              contiki-z1.a(rpl-dag.o) (__udivhi3)
/usr/lib/gcc/msp430/4.6.3/mcpu-430x/mmpy-16/libgcc.a(_divmod16.o)
                              contiki-z1.a(sicslowpan.o) (__divhi3)
/usr/lib/gcc/msp430/4.6.3/mcpu-430x/mmpy-16/libgcc.a(_udivmod32.o)
[...]
Memory Configuration

Name             Origin             Length             Attributes
sfr              0x00000000         0x00000010
peripheral_8bit  0x00000010         0x000000f0
peripheral_16bit 0x00000100         0x00000100
ram_mirror       0x00000200         0x00000800         xw
infomem          0x00001000         0x00000100
infod            0x00001000         0x00000040
infoc            0x00001040         0x00000040
infob            0x00001080         0x00000040
infoa            0x000010c0         0x00000040
ram              0x00001100         0x00002000         xw
rom              0x00003100         0x0000cebe         xr
vectors          0x0000ffc0         0x00000040
far_rom          0x00010000         0x0000a000
bsl              0x00000000         0x00000000
ram2             0x00000000         0x00000000         xw
usbram           0x00000000         0x00000000         xw
*default*        0x00000000         0xffffffff

Linker script and memory map

LOAD /usr/lib/gcc/msp430/4.6.3/mcpu-430x/mmpy-16/crt0ivtbl32.o
                0x00000041                __P1SEL2 = 0x41
                0x00000045                __P5SEL2 = 0x45
LOAD udp-client.co
LOAD obj_z1/contiki-z1-main.o
LOAD contiki-z1.a
LOAD /usr/lib/gcc/msp430/4.6.3/mcpu-430x/mmpy-16/libgcc.a
LOAD /usr/lib/gcc/msp430/4.6.3/../../../../msp430/lib/mcpu-430x/mmpy-16/libc.a
LOAD /usr/lib/gcc/msp430/4.6.3/mcpu-430x/mmpy-16/libgcc.a
LOAD /usr/lib/gcc/msp430/4.6.3/mcpu-430x/mmpy-16/libcrt0.a
                0x00000040                PROVIDE (__info_segment_size, 0x40)
                0x00001000                PROVIDE (__infod, 0x1000)
                0x00001040                PROVIDE (__infoc, 0x1040)
                0x00001080                PROVIDE (__infob, 0x1080)
                0x000010c0                PROVIDE (__infoa, 0x10c0)
                0x00000000                __IE1 = 0x0
                0x00000002                __IFG1 = 0x2
                0x00000001                __IE2 = 0x1
                0x00000003                __IFG2 = 0x3
                0x00000006                __UC1IE = 0x6
                0x00000007                __UC1IFG = 0x7
                0x000001a0                __ADC12CTL0 = 0x1a0
                0x000001a2                __ADC12CTL1 = 0x1a2
                0x000001a4                __ADC12IFG = 0x1a4
                0x000001a6                __ADC12IE = 0x1a6
                0x000001a8                __ADC12IV = 0x1a8
                0x00000140                __ADC12MEM0 = 0x140
                0x00000142                __ADC12MEM1 = 0x142
                0x00000144                __ADC12MEM2 = 0x144
                0x00000146                __ADC12MEM3 = 0x146
                0x00000148                __ADC12MEM4 = 0x148
                0x0000014a                __ADC12MEM5 = 0x14a
                0x0000014c                __ADC12MEM6 = 0x14c
                0x0000014e                __ADC12MEM7 = 0x14e
                0x00000150                __ADC12MEM8 = 0x150
                0x00000152                __ADC12MEM9 = 0x152
                0x00000154                __ADC12MEM10 = 0x154
                0x00000156                __ADC12MEM11 = 0x156
                0x00000158                __ADC12MEM12 = 0x158
                0x0000015a                __ADC12MEM13 = 0x15a
                0x0000015c                __ADC12MEM14 = 0x15c
                0x0000015e                __ADC12MEM15 = 0x15e
                0x00000080                __ADC12MCTL0 = 0x80
                0x00000081                __ADC12MCTL1 = 0x81
                0x00000082                __ADC12MCTL2 = 0x82
                0x00000083                __ADC12MCTL3 = 0x83
                0x00000084                __ADC12MCTL4 = 0x84
                0x00000085                __ADC12MCTL5 = 0x85
                0x00000086                __ADC12MCTL6 = 0x86
                0x00000087                __ADC12MCTL7 = 0x87
                0x00000088                __ADC12MCTL8 = 0x88
                0x00000089                __ADC12MCTL9 = 0x89
                0x0000008a                __ADC12MCTL10 = 0x8a
                0x0000008b                __ADC12MCTL11 = 0x8b
                0x0000008c                __ADC12MCTL12 = 0x8c
                0x0000008d                __ADC12MCTL13 = 0x8d
                0x0000008e                __ADC12MCTL14 = 0x8e
                0x0000008f                __ADC12MCTL15 = 0x8f
                0x00000056                __DCOCTL = 0x56
                0x00000057                __BCSCTL1 = 0x57
                0x00000058                __BCSCTL2 = 0x58
                0x00000053                __BCSCTL3 = 0x53
                0x00000059                __CACTL1 = 0x59
                0x0000005a                __CACTL2 = 0x5a
                0x0000005b                __CAPD = 0x5b
                0x000001c0                __DAC12_0CTL = 0x1c0
                0x000001c2                __DAC12_1CTL = 0x1c2
                0x000001c8                __DAC12_0DAT = 0x1c8
                0x000001ca                __DAC12_1DAT = 0x1ca
                0x00000122                __DMACTL0 = 0x122
                0x00000124                __DMACTL1 = 0x124
                0x00000126                __DMAIV = 0x126
                0x000001d0                __DMA0CTL = 0x1d0
                0x000001dc                __DMA1CTL = 0x1dc
                0x000001e8                __DMA2CTL = 0x1e8
                0x000001d2                __DMA0SA = 0x1d2
                0x000001d2                __DMA0SAL = 0x1d2
                0x000001d6                __DMA0DA = 0x1d6
                0x000001d6                __DMA0DAL = 0x1d6
                0x000001da                __DMA0SZ = 0x1da
                0x000001de                __DMA1SA = 0x1de
                0x000001de                __DMA1SAL = 0x1de
                0x000001e2                __DMA1DA = 0x1e2
                0x000001e2                __DMA1DAL = 0x1e2
                0x000001e6                __DMA1SZ = 0x1e6
                0x000001ea                __DMA2SA = 0x1ea
                0x000001ea                __DMA2SAL = 0x1ea
                0x000001ee                __DMA2DA = 0x1ee
                0x000001ee                __DMA2DAL = 0x1ee
                0x000001f2                __DMA2SZ = 0x1f2
                0x00000128                __FCTL1 = 0x128
                0x0000012a                __FCTL2 = 0x12a
                0x0000012c                __FCTL3 = 0x12c
                0x000001be                __FCTL4 = 0x1be
                0x00000130                __MPY = 0x130
                0x00000132                __MPYS = 0x132
                0x00000134                __MAC = 0x134
                0x00000136                __MACS = 0x136
                0x00000138                __OP2 = 0x138
                0x0000013a                __RESLO = 0x13a
                0x0000013c                __RESHI = 0x13c
                0x0000013e                __SUMEXT = 0x13e
                0x00000020                __P1IN = 0x20
                0x00000021                __P1OUT = 0x21
                0x00000022                __P1DIR = 0x22
                0x00000023                __P1IFG = 0x23
                0x00000024                __P1IES = 0x24
                0x00000025                __P1IE = 0x25
                0x00000026                __P1SEL = 0x26
                0x00000027                __P1REN = 0x27
                0x00000028                __P2IN = 0x28
                0x00000029                __P2OUT = 0x29
                0x0000002a                __P2DIR = 0x2a
                0x0000002b                __P2IFG = 0x2b
                0x0000002c                __P2IES = 0x2c
                0x0000002d                __P2IE = 0x2d
                0x0000002e                __P2SEL = 0x2e
                0x0000002f                __P2REN = 0x2f
                0x00000018                __P3IN = 0x18
                0x00000019                __P3OUT = 0x19
                0x0000001a                __P3DIR = 0x1a
                0x0000001b                __P3SEL = 0x1b
                0x00000010                __P3REN = 0x10
                0x0000001c                __P4IN = 0x1c
                0x0000001d                __P4OUT = 0x1d
                0x0000001e                __P4DIR = 0x1e
                0x0000001f                __P4SEL = 0x1f
                0x00000011                __P4REN = 0x11
                0x00000030                __P5IN = 0x30
                0x00000031                __P5OUT = 0x31
                0x00000032                __P5DIR = 0x32
                0x00000033                __P5SEL = 0x33
                0x00000012                __P5REN = 0x12
                0x00000034                __P6IN = 0x34
                0x00000035                __P6OUT = 0x35
                0x00000036                __P6DIR = 0x36
                0x00000037                __P6SEL = 0x37
                0x00000013                __P6REN = 0x13
                0x00000038                __P7IN = 0x38
                0x0000003a                __P7OUT = 0x3a
                0x0000003c                __P7DIR = 0x3c
                0x0000003e                __P7SEL = 0x3e
                0x00000014                __P7REN = 0x14
                0x00000039                __P8IN = 0x39
                0x0000003b                __P8OUT = 0x3b
                0x0000003d                __P8DIR = 0x3d
                0x0000003f                __P8SEL = 0x3f
                0x00000015                __P8REN = 0x15
                0x00000038                __PAIN = 0x38
                0x0000003a                __PAOUT = 0x3a
                0x0000003c                __PADIR = 0x3c
                0x0000003e                __PASEL = 0x3e
                0x00000014                __PAREN = 0x14
                0x00000055                __SVSCTL = 0x55
                0x0000012e                __TAIV = 0x12e
                0x00000160                __TACTL = 0x160
                0x00000162                __TACCTL0 = 0x162
                0x00000164                __TACCTL1 = 0x164
                0x00000166                __TACCTL2 = 0x166
                0x00000170                __TAR = 0x170
                0x00000172                __TACCR0 = 0x172
                0x00000174                __TACCR1 = 0x174
                0x00000176                __TACCR2 = 0x176
                0x0000011e                __TBIV = 0x11e
                0x00000180                __TBCTL = 0x180
                0x00000182                __TBCCTL0 = 0x182
                0x00000184                __TBCCTL1 = 0x184
                0x00000186                __TBCCTL2 = 0x186
                0x00000188                __TBCCTL3 = 0x188
                0x0000018a                __TBCCTL4 = 0x18a
                0x0000018c                __TBCCTL5 = 0x18c
                0x0000018e                __TBCCTL6 = 0x18e
                0x00000190                __TBR = 0x190
                0x00000192                __TBCCR0 = 0x192
                0x00000194                __TBCCR1 = 0x194
                0x00000196                __TBCCR2 = 0x196
                0x00000198                __TBCCR3 = 0x198
                0x0000019a                __TBCCR4 = 0x19a
                0x0000019c                __TBCCR5 = 0x19c
                0x0000019e                __TBCCR6 = 0x19e
                0x00000060                __UCA0CTL0 = 0x60
                0x00000061                __UCA0CTL1 = 0x61
                0x00000062                __UCA0BR0 = 0x62
                0x00000063                __UCA0BR1 = 0x63
                0x00000064                __UCA0MCTL = 0x64
                0x00000065                __UCA0STAT = 0x65
                0x00000066                __UCA0RXBUF = 0x66
                0x00000067                __UCA0TXBUF = 0x67
                0x0000005d                __UCA0ABCTL = 0x5d
                0x0000005e                __UCA0IRTCTL = 0x5e
                0x0000005f                __UCA0IRRCTL = 0x5f
                0x00000068                __UCB0CTL0 = 0x68
                0x00000069                __UCB0CTL1 = 0x69
                0x0000006a                __UCB0BR0 = 0x6a
                0x0000006b                __UCB0BR1 = 0x6b
                0x0000006c                __UCB0I2CIE = 0x6c
                0x0000006d                __UCB0STAT = 0x6d
                0x0000006e                __UCB0RXBUF = 0x6e
                0x0000006f                __UCB0TXBUF = 0x6f
                0x00000118                __UCB0I2COA = 0x118
                0x0000011a                __UCB0I2CSA = 0x11a
                0x000000d0                __UCA1CTL0 = 0xd0
                0x000000d1                __UCA1CTL1 = 0xd1
                0x000000d2                __UCA1BR0 = 0xd2
                0x000000d3                __UCA1BR1 = 0xd3
                0x000000d4                __UCA1MCTL = 0xd4
                0x000000d5                __UCA1STAT = 0xd5
                0x000000d6                __UCA1RXBUF = 0xd6
                0x000000d7                __UCA1TXBUF = 0xd7
                0x000000cd                __UCA1ABCTL = 0xcd
                0x000000ce                __UCA1IRTCTL = 0xce
                0x000000cf                __UCA1IRRCTL = 0xcf
                0x000000d8                __UCB1CTL0 = 0xd8
                0x000000d9                __UCB1CTL1 = 0xd9
                0x000000da                __UCB1BR0 = 0xda
                0x000000db                __UCB1BR1 = 0xdb
                0x000000dc                __UCB1I2CIE = 0xdc
                0x000000dd                __UCB1STAT = 0xdd
                0x000000de                __UCB1RXBUF = 0xde
                0x000000df                __UCB1TXBUF = 0xdf
                0x0000017c                __UCB1I2COA = 0x17c
                0x0000017e                __UCB1I2CSA = 0x17e
                0x00000120                __WDTCTL = 0x120
                0x000010c0                __TLV_CHECKSUM = 0x10c0
                0x000010f6                __TLV_DCO_30_TAG = 0x10f6
                0x000010f7                __TLV_DCO_30_LEN = 0x10f7
                0x000010da                __TLV_ADC12_1_TAG = 0x10da
                0x000010db                __TLV_ADC12_1_LEN = 0x10db
                0x000010f8                __CALDCO_16MHZ = 0x10f8
                0x000010f9                __CALBC1_16MHZ = 0x10f9
                0x000010fa                __CALDCO_12MHZ = 0x10fa
                0x000010fb                __CALBC1_12MHZ = 0x10fb
                0x000010fc                __CALDCO_8MHZ = 0x10fc
                0x000010fd                __CALBC1_8MHZ = 0x10fd
                0x000010fe                __CALDCO_1MHZ = 0x10fe
                0x000010ff                __CALBC1_1MHZ = 0x10ff

.hash
 *(.hash)

.dynsym
 *(.dynsym)

.dynstr
 *(.dynstr)

.gnu.version
 *(.gnu.version)

.gnu.version_d
 *(.gnu.version_d)

.gnu.version_r
 *(.gnu.version_r)

.rel.init
 *(.rel.init)

.rela.init
 *(.rela.init)

.rel.fini
 *(.rel.fini)

.rela.fini
 *(.rela.fini)

.rel.text
 *(.rel.text .rel.text.* .rel.gnu.linkonce.t.*)

.rela.text
 *(.rela.text .rela.text.* .rela.gnu.linkonce.t.*)

.rel.rodata
 *(.rel.rodata .rel.rodata.* .rel.gnu.linkonce.r.*)

.rela.rodata
 *(.rela.rodata .rela.rodata.* .rela.gnu.linkonce.r.*)

.rel.data
 *(.rel.data .rel.data.* .rel.gnu.linkonce.d.*)

.rela.data
 *(.rela.data .rela.data.* .rela.gnu.linkonce.d.*)

.rel.bss
 *(.rel.bss .rel.bss.* .rel.gnu.linkonce.b.*)

.rela.bss
 *(.rela.bss .rela.bss.* .rela.gnu.linkonce.b.*)

.rel.ctors
 *(.rel.ctors)

.rela.ctors
 *(.rela.ctors)

.rel.dtors
 *(.rel.dtors)

.rela.dtors
 *(.rela.dtors)

.rel.got
 *(.rel.got)

.rela.got
 *(.rela.got)

.rel.plt
 *(.rel.plt)

.rela.plt
 *(.rela.plt)

.text           0x00003100     0xc2e8
                0x00003100                . = ALIGN (0x2)
 *(.init .init.*)
 *(.init0)
 .init0         0x00003100        0x0 /usr/lib/gcc/msp430/4.6.3/mcpu-430x/mmpy-16/libcrt0.a(_reset_vector__.o)
                0x00003100                _reset_vector__
 *(.init1)
 .init1         0x00003100        0xc /usr/lib/gcc/msp430/4.6.3/mcpu-430x/mmpy-16/libcrt0.a(__watchdog_support.o)
                0x00003100                __watchdog_support
 *(.init2)
 .init2         0x0000310c        0x4 /usr/lib/gcc/msp430/4.6.3/mcpu-430x/mmpy-16/libcrt0.a(__init_stack.o)
                0x0000310c                __init_stack
 *(.init3)
 .init3         0x00003110        0x0 /usr/lib/gcc/msp430/4.6.3/mcpu-430x/mmpy-16/libcrt0.a(__low_level_init.o)
                0x00003110                __low_level_init
 *(.init4)
 .init4         0x00003110       0x18 /usr/lib/gcc/msp430/4.6.3/mcpu-430x/mmpy-16/libcrt0.a(_copy_data.o)
                0x00003110                __do_copy_data
 .init4         0x00003128       0x16 /usr/lib/gcc/msp430/4.6.3/mcpu-430x/mmpy-16/libcrt0.a(_clear_bss.o)
                0x00003128                __do_clear_bss
 *(.init5)
 *(.init6)
 *(.init7)
 *(.init8)
 *(.init9)
 .init9         0x0000313e      0x35c obj_z1/contiki-z1-main.o
                0x0000313e                main
 *(.fini9)
 .fini9         0x0000349a        0x0 /usr/lib/gcc/msp430/4.6.3/mcpu-430x/mmpy-16/libcrt0.a(__stop_progExec__.o)
                0x0000349a                __stop_progExec__
 *(.fini8)
 *(.fini7)
 *(.fini6)
 *(.fini5)
 *(.fini4)
 *(.fini3)
 *(.fini2)
 *(.fini1)
 *(.fini0)
 .fini0         0x0000349a        0x6 /usr/lib/gcc/msp430/4.6.3/mcpu-430x/mmpy-16/libcrt0.a(_endless_loop__.o)
                0x0000349a                _endless_loop__
 *(.fini .fini.*)
                0x000034a0                . = ALIGN (0x2)
                0x000034a0                __ctors_start = .
 *(.ctors)
                0x000034a0                __ctors_end = .
                0x000034a0                __dtors_start = .
 *(.dtors)
                0x000034a0                __dtors_end = .
                0x000034a0                . = ALIGN (0x2)
 *(.text .text.* .gnu.linkonce.t.*)
 .text          0x000034a0        0x4 /usr/lib/gcc/msp430/4.6.3/mcpu-430x/mmpy-16/crt0ivtbl32.o
                0x000034a0                __isr_14
                0x000034a0                __isr_4
                0x000034a0                __isr_29
                0x000034a0                __isr_11
                0x000034a0                __isr_5
                0x000034a0                __isr_2
                0x000034a0                __isr_10
                0x000034a0                __isr_7
                0x000034a0                __isr_0
                0x000034a0                __isr_28
                0x000034a0                __isr_8
                0x000034a0                __isr_20
                0x000034a0                __isr_3
                0x000034a0                __isr_12
                0x000034a0                __isr_13
                0x000034a0                __isr_27
                0x000034a0                __isr_9
                0x000034a0                __isr_30
                0x000034a0                __isr_6
                0x000034a0                __isr_22
                0x000034a0                __isr_1
                0x000034a0                __isr_15
                0x000034a0                __isr_21
 .text.crt0     0x000034a4        0x0 /usr/lib/gcc/msp430/4.6.3/mcpu-430x/mmpy-16/crt0ivtbl32.o
 .text          0x000034a4      0x25e udp-client.co
 .text          0x00003702        0x6 obj_z1/contiki-z1-main.o
                0x00003702                uip_log
 .text          0x00003708        0xc contiki-z1.a(contiki-z1-plat)
                0x00003708                init_platform
 .text          0x00003714       0xcc contiki-z1.a(msp430.o)
                0x00003714                msp430_init_dco
                0x0000373c                splhigh_
                0x00003744                msp430_sync_dco
                0x000037b6                msp430_cpu_init
 .text          0x000037e0      0x146 contiki-z1.a(leds.o)
                0x000038ce                leds_init
                0x000038d8                leds_get
                0x000038de                leds_set
                0x000038e4                leds_on
                0x000038ee                leds_off
                0x000038fc                leds_toggle
                0x00003906                leds_blink
 .text          0x00003926       0x5c contiki-z1.a(watchdog.o)
                0x00003926                __isr_26
                0x00003926                watchdog_interrupt
                0x0000392c                watchdog_start
                0x00003940                watchdog_periodic
                0x00003952                watchdog_stop
                0x00003968                watchdog_init
                0x0000397c                watchdog_reboot
 .text          0x00003982      0x350 contiki-z1.a(xmem.o)
                0x000039fa                xmem_init
                0x00003a18                xmem_pread
                0x00003ae8                xmem_pwrite
                0x00003c1c                xmem_erase
 .text          0x00003cd2       0x38 contiki-z1.a(spi.o)
                0x00003cd2                spi_init
 .text          0x00003d0a      0xa12 contiki-z1.a(cc2420.o)
                0x0000409a                cc2420_on
                0x000040bc                cc2420_off
                0x000042ce                cc2420_get_channel
                0x000042d4                cc2420_set_channel
                0x0000430e                cc2420_set_pan_addr
                0x0000435a                cc2420_interrupt
                0x00004372                cc2420_set_txpower
                0x00004380                cc2420_get_txpower
                0x000044b6                cc2420_rssi
                0x000045a4                cc2420_set_cca_threshold
                0x0000463e                cc2420_init
 .text          0x0000471c       0x1a contiki-z1.a(cc2420-arch.o)
                0x0000471c                cc2420_arch_init
 .text          0x00004736       0x9a contiki-z1.a(node-id.o)
                0x00004736                node_id_restore
                0x00004782                node_id_burn
 .text          0x000047d0      0x158 contiki-z1.a(sensors.o)
                0x0000488e                sensors_first
                0x00004894                sensors_next
                0x000048c0                sensors_changed
                0x000048ea                sensors_find
 .text          0x00004928      0x100 contiki-z1.a(button-sensor.o)
                0x000049b2                irq_p2
                0x000049b2                __isr_19
 .text          0x00004a28       0xd8 contiki-z1.a(uart0.o)
                0x00004a28                uart0_active
                0x00004a36                uart0_set_input
                0x00004a3c                uart0_writeb
                0x00004a54                uart0_init
                0x00004a9a                __isr_23
                0x00004a9a                uart0_rx_interrupt
 .text          0x00004b00       0x10 contiki-z1.a(uart0-putchar.o)
                0x00004b00                putchar
 .text          0x00004b10      0x318 contiki-z1.a(adxl345.o)
                0x00004b10                accm_write_reg
                0x00004b3e                accm_write_stream
                0x00004b68                accm_read_reg
                0x00004c12                accm_read_stream
                0x00004c64                accm_read_axis
                0x00004c8a                accm_set_grange
                0x00004cae                accm_init
                0x00004d38                accm_set_irq
                0x00004d64                port1_isr
                0x00004d64                __isr_18
 .text          0x00004e28      0x1e8 contiki-z1.a(clock.o)
                0x00004e28                __isr_24
                0x00004e28                timera1
                0x00004f32                clock_time
                0x00004f4c                clock_set
                0x00004f62                clock_fine_max
                0x00004f68                clock_fine
                0x00004f74                clock_init
                0x00004f9c                clock_delay
                0x00004fa8                clock_wait
                0x00004fd0                clock_set_seconds
                0x00004fe8                clock_seconds
                0x00005002                clock_counter
 .text          0x00005010       0x78 contiki-z1.a(leds-arch.o)
                0x00005010                leds_arch_init
                0x0000501e                leds_arch_get
                0x0000504e                leds_arch_set
 .text          0x00005088       0x7e contiki-z1.a(rtimer-arch.o)
                0x00005088                rtimer_arch_init
                0x00005096                rtimer_arch_now
                0x000050a4                __isr_25
                0x000050a4                timera0
                0x00005100                rtimer_arch_schedule
 .text          0x00005106       0x2a contiki-z1.a(autostart.o)
                0x00005106                autostart_start
                0x0000511c                autostart_exit
 .text          0x00005130      0x1ae contiki-z1.a(ctimer.o)
                0x000051cc                ctimer_init
                0x000051e4                ctimer_set
                0x0000522c                ctimer_reset
                0x00005258                ctimer_restart
                0x00005284                ctimer_stop
                0x000052ac                ctimer_expired
 .text          0x000052de       0xae contiki-z1.a(energest.o)
                0x000052de                energest_init
                0x00005306                energest_type_time
                0x00005342                energest_leveldevice_leveltime
                0x00005348                energest_type_set
                0x00005354                energest_flush
 .text          0x0000538c      0x252 contiki-z1.a(etimer.o)
                0x000053fc                etimer_request_poll
                0x00005506                etimer_set
                0x00005518                etimer_reset
                0x0000552a                etimer_restart
                0x0000553c                etimer_adjust
                0x00005556                etimer_expired
                0x00005564                etimer_expiration_time
                0x00005578                etimer_start_time
                0x00005580                etimer_pending
                0x0000558c                etimer_next_expiration_time
                0x000055a2                etimer_stop
 .text          0x000055de      0x2a0 contiki-z1.a(process.o)
                0x000056de                process_alloc_event
                0x000056ec                process_exit
                0x000056f6                process_init
                0x00005712                process_run
                0x000057b6                process_nevents
                0x000057c4                process_post
                0x00005814                process_post_synch
                0x00005826                process_start
                0x00005858                process_poll
                0x00005870                process_is_running
 .text          0x0000587e       0x50 contiki-z1.a(rtimer.o)
                0x0000587e                rtimer_init
                0x00005884                rtimer_set
                0x000058a8                rtimer_run_next
 .text          0x000058ce       0x8c contiki-z1.a(timer.o)
                0x000058ce                timer_set
                0x000058ea                timer_reset
                0x000058f8                timer_restart
                0x0000590c                timer_expired
                0x00005936                timer_remaining
 .text          0x0000595a       0xf6 contiki-z1.a(list.o)
                0x0000595a                list_init
                0x00005960                list_head
                0x00005964                list_copy
                0x0000596a                list_tail
                0x0000597c                list_chop
                0x000059a0                list_pop
                0x000059ae                list_remove
                0x000059e2                list_push
                0x000059f8                list_add
                0x00005a1e                list_length
                0x00005a2e                list_insert
                0x00005a44                list_item_next
 .text          0x00005a50        0xc contiki-z1.a(random.o)
                0x00005a50                random_init
                0x00005a56                random_rand
 .text          0x00005a5c      0xefc contiki-z1.a(sicslowpan.o)
                0x00006204                sicslowpan_init
                0x00006946                rime_sniffer_add
                0x0000694c                rime_sniffer_remove
                0x00006952                sicslowpan_get_last_rssi
 .text          0x00006958     0x138a contiki-z1.a(uip6.o)
                0x00006aac                uip_add32
                0x00006b10                uip_chksum
                0x00006b28                uip_icmp6chksum
                0x00006b32                uip_tcpchksum
                0x00006b3c                uip_udpchksum
                0x00006b46                uip_init
                0x00006ba8                uip_connect
                0x00006cc4                remove_ext_hdr
                0x00006d1a                uip_udp_new
                0x00006dde                uip_unlisten
                0x00006e08                uip_listen
                0x00006e34                uip_process
                0x00007c44                uip_htons
                0x00007c50                uip_htonl
                0x00007c7a                uip_send
 .text.unlikely
                0x00007ce2       0x2e contiki-z1.a(uip6.o)
 .text          0x00007d10      0x68c contiki-z1.a(uip-ds6.o)
                0x00007d10                uip_ds6_list_loop
                0x00007d76                uip_ds6_prefix_add
                0x00007de6                uip_ds6_prefix_rm
                0x00007df0                uip_ds6_prefix_lookup
                0x00007e18                uip_ds6_is_addr_onlink
                0x00007e5a                uip_ds6_addr_lookup
                0x00007e84                uip_ds6_get_link_local
                0x00007ec2                uip_ds6_get_global
                0x00007f00                uip_ds6_maddr_add
                0x00007f48                uip_ds6_addr_add
                0x00007ffc                uip_ds6_maddr_rm
                0x00008006                uip_ds6_maddr_lookup
                0x00008030                uip_ds6_addr_rm
                0x00008084                uip_ds6_periodic
                0x000080ce                uip_ds6_aaddr_add
                0x00008114                uip_ds6_aaddr_rm
                0x0000811e                uip_ds6_aaddr_lookup
                0x00008146                uip_ds6_set_addr_iid
                0x0000815a                get_match_length
                0x00008194                uip_ds6_select_src
                0x0000822e                uip_ds6_compute_reachable_time
                0x00008264                uip_ds6_init
 .text          0x0000839c      0x29e contiki-z1.a(uip-ds6-nbr.o)
                0x0000839c                uip_ds6_nbr_rm
                0x000083b6                uip_ds6_neighbors_init
                0x000083c4                uip_ds6_nbr_add
                0x00008418                uip_ds6_nbr_get_ipaddr
                0x0000841a                uip_ds6_nbr_get_ll
                0x00008426                uip_ds6_nbr_num
                0x0000844a                uip_ds6_nbr_lookup
                0x00008488                uip_ds6_nbr_ll_lookup
                0x00008494                uip_ds6_nbr_ipaddr_from_lladdr
                0x0000849a                uip_ds6_nbr_lladdr_from_ipaddr
                0x000084ac                uip_ds6_link_neighbor_callback
                0x000084d2                uip_ds6_neighbor_periodic
                0x000085ee                uip_ds6_get_least_lifetime_neighbor
 .text          0x0000863a      0x472 contiki-z1.a(uip-ds6-route.o)
                0x0000867a                uip_ds6_notification_add
                0x00008692                uip_ds6_notification_rm
                0x0000869e                uip_ds6_route_init
                0x000086d4                uip_ds6_route_nexthop
                0x000086ee                uip_ds6_route_head
                0x000086f8                uip_ds6_route_next
                0x00008706                uip_ds6_route_num_routes
                0x0000870c                uip_ds6_route_lookup
                0x0000877a                uip_ds6_route_rm
                0x00008854                uip_ds6_route_add
                0x0000894c                uip_ds6_route_rm_by_nexthop
                0x00008960                uip_ds6_defrt_rm
                0x000089a4                uip_ds6_defrt_lookup
                0x000089d6                uip_ds6_defrt_add
                0x00008a3e                uip_ds6_defrt_choose
                0x00008a74                uip_ds6_defrt_periodic
 .text          0x00008aac      0x4a0 contiki-z1.a(uip-icmp6.o)
                0x00008cde                uip_icmp6_input
                0x00008d1e                uip_icmp6_register_input_handler
                0x00008d2a                uip_icmp6_error_output
                0x00008e90                uip_icmp6_send
                0x00008f16                uip_icmp6_echo_reply_callback_add
                0x00008f2e                uip_icmp6_echo_reply_callback_rm
                0x00008f3a                uip_icmp6_init
 .text          0x00008f4c      0x556 contiki-z1.a(uip-nd6.o)
                0x0000933c                uip_nd6_ns_output
                0x00009490                uip_nd6_init
 .text          0x000094a2      0x4ca contiki-z1.a(tcpip.o)
                0x000094b8                tcpip_output
                0x000094c8                tcpip_set_outputfunc
                0x000094ce                tcp_unlisten
                0x00009500                tcp_listen
                0x00009534                tcp_attach
                0x00009540                udp_attach
                0x0000954c                udp_new
                0x00009566                udp_broadcast_new
                0x000095ac                tcpip_input
                0x000095c2                tcpip_ipv6_output
                0x000098bc                tcpip_poll_udp
                0x000098ca                tcpip_poll_tcp
                0x000098d8                tcp_connect
                0x000098fa                tcpip_uipcall
 .text          0x0000996c       0xac contiki-z1.a(uip-debug.o)
                0x0000996c                uip_debug_ipaddr_print
                0x000099dc                uip_debug_lladdr_print
 .text          0x00009a18       0x84 contiki-z1.a(uip-udp-packet.)
                0x00009a18                uip_udp_packet_send
                0x00009a46                uip_udp_packet_sendto
 .text          0x00009a9c      0x254 contiki-z1.a(rpl.o)
                0x00009a9c                rpl_get_mode
                0x00009aa2                rpl_set_mode
                0x00009ade                rpl_purge_routes
                0x00009b74                rpl_remove_routes
                0x00009b96                rpl_remove_routes_by_nexthop
                0x00009bd4                rpl_add_route
                0x00009c14                rpl_link_neighbor_callback
                0x00009c88                rpl_ipv6_neighbor_callback
                0x00009ca6                rpl_init
 .text          0x00009cf0      0xfc8 contiki-z1.a(rpl-dag.o)
                0x00009e58                rpl_get_nbr
                0x00009e76                rpl_print_neighbor_list
                0x00009f5e                rpl_dag_init
                0x00009f6c                rpl_get_parent
                0x00009f78                rpl_get_parent_rank
                0x00009f90                rpl_get_parent_link_metric
                0x00009fa8                rpl_get_parent_ipaddr
                0x00009fb8                rpl_set_prefix
                0x0000a02c                rpl_set_default_route
                0x0000a082                rpl_alloc_instance
                0x0000a0b6                rpl_set_default_instance
                0x0000a0bc                rpl_get_default_instance
                0x0000a0c2                rpl_add_parent
                0x0000a110                rpl_find_parent
                0x0000a12a                rpl_find_parent_any_dag
                0x0000a14c                rpl_select_parent
                0x0000a1c2                rpl_select_dag
                0x0000a334                rpl_nullify_parent
                0x0000a384                rpl_remove_parent
                0x0000a3ce                rpl_free_dag
                0x0000a404                rpl_free_instance
                0x0000a46c                rpl_move_parent
                0x0000a4be                rpl_get_any_dag
                0x0000a4d6                rpl_get_instance
                0x0000a4f0                rpl_alloc_dag
                0x0000a54c                rpl_repair_root
                0x0000a59c                rpl_set_root
                0x0000a6b6                rpl_find_of
                0x0000a6c6                rpl_join_instance
                0x0000a7ee                rpl_local_repair
                0x0000a852                rpl_process_parent_event
                0x0000a898                rpl_recalculate_ranks
                0x0000a8e0                rpl_add_dag
                0x0000a9e2                rpl_process_dio
                0x0000acac                rpl_lock_parent
 .text          0x0000acb8      0x336 contiki-z1.a(rpl-ext-header.)
                0x0000acb8                rpl_verify_header
                0x0000ad6a                rpl_update_header_empty
                0x0000ae8c                rpl_update_header_final
                0x0000af20                rpl_remove_header
                0x0000af6a                rpl_invert_header
                0x0000afdc                rpl_insert_header
 .text          0x0000afee      0xbb0 contiki-z1.a(rpl-icmp6.o)
                0x0000b12a                dis_output
                0x0000b17a                dio_output
                0x0000b3e4                dao_output_target
                0x0000b4b6                dao_output
                0x0000b4dc                dao_ack_output
                0x0000b794                tru_output
                0x0000bb74                rpl_icmp6_register_handlers
 .text          0x0000bb9e      0x196 contiki-z1.a(rpl-mrhof.o)
 .text          0x0000bd34      0x44c contiki-z1.a(rpl-timers.o)
                0x0000bf9c                rpl_reset_periodic_timer
                0x0000bff8                rpl_reset_dio_timer
                0x0000c010                rpl_schedule_dao
                0x0000c01c                rpl_schedule_dao_immediately
                0x0000c026                rpl_cancel_dao
                0x0000c040                rpl_schedule_probing
 .text          0x0000c180       0x26 contiki-z1.a(linkaddr.o)
                0x0000c180                linkaddr_copy
                0x0000c188                linkaddr_cmp
                0x0000c19a                linkaddr_set_node_addr
 .text          0x0000c1a6      0x464 contiki-z1.a(nbr-table.o)
                0x0000c32c                nbr_table_register
                0x0000c352                nbr_table_next
                0x0000c3ca                nbr_table_head
                0x0000c3fc                nbr_table_add_lladdr
                0x0000c528                nbr_table_get_from_lladdr
                0x0000c56c                nbr_table_remove
                0x0000c596                nbr_table_lock
                0x0000c5a6                nbr_table_unlock
                0x0000c5b6                nbr_table_get_lladdr
 .text          0x0000c60a      0x1e2 contiki-z1.a(packetbuf.o)
                0x0000c60a                packetbuf_clear_hdr
                0x0000c612                packetbuf_compact
                0x0000c640                packetbuf_copyto_hdr
                0x0000c65c                packetbuf_copyto
                0x0000c6a2                packetbuf_hdr_remove
                0x0000c6a8                packetbuf_hdrreduce
                0x0000c6c2                packetbuf_set_datalen
                0x0000c6c8                packetbuf_dataptr
                0x0000c6d6                packetbuf_hdrptr
                0x0000c6e0                packetbuf_datalen
                0x0000c6e6                packetbuf_hdrlen
                0x0000c6f6                packetbuf_totlen
                0x0000c702                packetbuf_hdralloc
                0x0000c72c                packetbuf_attr_clear
                0x0000c754                packetbuf_clear
                0x0000c76e                packetbuf_copyfrom
                0x0000c798                packetbuf_attr_copyto
                0x0000c7ba                packetbuf_attr_copyfrom
                0x0000c7de                packetbuf_holds_broadcast
 .text          0x0000c7ec      0x13c contiki-z1.a(queuebuf.o)
                0x0000c7ec                queuebuf_init
                0x0000c7fe                queuebuf_numfree
                0x0000c808                queuebuf_new_from_packetbuf
                0x0000c856                queuebuf_update_attr_from_packetbuf
                0x0000c868                queuebuf_update_from_packetbuf
                0x0000c88a                queuebuf_free
                0x0000c8b4                queuebuf_to_packetbuf
                0x0000c8e6                queuebuf_dataptr
                0x0000c902                queuebuf_datalen
                0x0000c90a                queuebuf_addr
                0x0000c918                queuebuf_attr
                0x0000c926                queuebuf_debug_print
 .text          0x0000c928      0x376 contiki-z1.a(csma.o)
 .text          0x0000cc9e      0x1b4 contiki-z1.a(framer-802154.o)
 .text          0x0000ce52       0x20 contiki-z1.a(framer.o)
                0x0000ce52                framer_canonical_create_and_secure
 .text          0x0000ce72       0x14 contiki-z1.a(mac.o)
                0x0000ce72                mac_call_sent_callback
 .text          0x0000ce86      0x602 contiki-z1.a(contikimac.o)
                0x0000d484                contikimac_debug_print
 .text          0x0000d488       0x1c contiki-z1.a(nullsec.o)
 .text          0x0000d4a4      0x9de contiki-z1.a(powertrace.o)
                0x0000d570                powertrace_print
                0x0000de42                powertrace_start
                0x0000de5a                powertrace_stop
                0x0000de64                powertrace_sniff
 .text          0x0000de82      0x1b2 contiki-z1.a(i2cmaster.o)
                0x0000de82                i2c_setrate
                0x0000de88                i2c_receiveinit
                0x0000dec0                i2c_transmitinit
                0x0000def2                i2c_receive_n
                0x0000df36                i2c_busy
                0x0000df40                i2c_enable
                0x0000df64                i2c_disable
                0x0000df7e                i2c_transmit_n
                0x0000df92                __isr_16
                0x0000df92                i2c_tx_interrupt
                0x0000e01c                i2c_rx_interrupt
                0x0000e01c                __isr_17
 .text          0x0000e034       0xb6 contiki-z1.a(compower.o)
                0x0000e034                compower_accumulate
                0x0000e09e                compower_clear
                0x0000e0b0                compower_init
                0x0000e0ba                compower_attrconv
                0x0000e0ca                compower_accumulate_attrs
 .text          0x0000e0ea       0xa4 contiki-z1.a(stimer.o)
                0x0000e0ea                stimer_set
                0x0000e106                stimer_reset
                0x0000e114                stimer_restart
                0x0000e128                stimer_expired
                0x0000e158                stimer_remaining
                0x0000e17c                stimer_elapsed
 .text          0x0000e18e      0x102 contiki-z1.a(memb.o)
                0x0000e18e                memb_init
                0x0000e1c4                memb_alloc
                0x0000e202                memb_free
                0x0000e23c                memb_inmemb
                0x0000e26a                memb_numfree
 .text          0x0000e290      0x35a contiki-z1.a(frame802154.o)
                0x0000e324                frame802154_hdrlen
                0x0000e352                frame802154_create
                0x0000e464                frame802154_parse
 .text          0x0000e5ea       0xa8 contiki-z1.a(mac-sequence.o)
                0x0000e5ea                mac_sequence_is_duplicate
                0x0000e626                mac_sequence_register_seqno
 .text          0x0000e692        0x0 /usr/lib/gcc/msp430/4.6.3/mcpu-430x/mmpy-16/libgcc.a(_mulsi3.o)
 .text.libgcc   0x0000e692       0x2a /usr/lib/gcc/msp430/4.6.3/mcpu-430x/mmpy-16/libgcc.a(_mulsi3.o)
                0x0000e692                __mulsi3
 .text          0x0000e6bc        0x0 /usr/lib/gcc/msp430/4.6.3/mcpu-430x/mmpy-16/libgcc.a(_udivmod16.o)
 .text.libgcc   0x0000e6bc       0x22 /usr/lib/gcc/msp430/4.6.3/mcpu-430x/mmpy-16/libgcc.a(_udivmod16.o)
                0x0000e6bc                __udivhi3
                0x0000e6bc                __ext_udivmod16
                0x0000e6d6                __umodhi3
 .text          0x0000e6de        0x0 /usr/lib/gcc/msp430/4.6.3/mcpu-430x/mmpy-16/libgcc.a(_divmod16.o)
 .text.libgcc   0x0000e6de       0x3a /usr/lib/gcc/msp430/4.6.3/mcpu-430x/mmpy-16/libgcc.a(_divmod16.o)
                0x0000e6de                __ext_divmod16
                0x0000e6de                __divhi3
                0x0000e710                __modhi3
 .text          0x0000e718        0x0 /usr/lib/gcc/msp430/4.6.3/mcpu-430x/mmpy-16/libgcc.a(_udivmod32.o)
 .text.libgcc   0x0000e718       0x38 /usr/lib/gcc/msp430/4.6.3/mcpu-430x/mmpy-16/libgcc.a(_udivmod32.o)
                0x0000e718                __udivsi3
                0x0000e718                __ext_udivmod32
                0x0000e746                __umodsi3
 .text          0x0000e750       0x28 /usr/lib/gcc/msp430/4.6.3/../../../../msp430/lib/mcpu-430x/mmpy-16/libc.a(strncmp.o)
                0x0000e750                strncmp
 .text          0x0000e778       0x20 /usr/lib/gcc/msp430/4.6.3/../../../../msp430/lib/mcpu-430x/mmpy-16/libc.a(memcmp.o)
                0x0000e778                memcmp
 .text          0x0000e798       0xe4 /usr/lib/gcc/msp430/4.6.3/../../../../msp430/lib/mcpu-430x/mmpy-16/libc.a(memcpy.o)
                0x0000e798                memcpy
 .text          0x0000e87c       0xe4 /usr/lib/gcc/msp430/4.6.3/../../../../msp430/lib/mcpu-430x/mmpy-16/libc.a(memmove.o)
                0x0000e87c                memmove
 .text          0x0000e960       0x5c /usr/lib/gcc/msp430/4.6.3/../../../../msp430/lib/mcpu-430x/mmpy-16/libc.a(memset.o)
                0x0000e960                memset
 .text          0x0000e9bc       0x1e /usr/lib/gcc/msp430/4.6.3/../../../../msp430/lib/mcpu-430x/mmpy-16/libc.a(printf.o)
                0x0000e9bc                printf
                0x0000e9cc                vprintf
 .text          0x0000e9da       0xb8 /usr/lib/gcc/msp430/4.6.3/../../../../msp430/lib/mcpu-430x/mmpy-16/libc.a(sprintf.o)
                0x0000ea34                sprintf
                0x0000ea50                snprintf
                0x0000ea6a                vsprintf
                0x0000ea80                vsnprintf
 .text          0x0000ea92      0x818 /usr/lib/gcc/msp430/4.6.3/../../../../msp430/lib/mcpu-430x/mmpy-16/libc.a(vuprintf.o)
                0x0000ec0e                vuprintf
 .text          0x0000f2aa       0x2c /usr/lib/gcc/msp430/4.6.3/../../../../msp430/lib/mcpu-430x/mmpy-16/libc.a(puts.o)
                0x0000f2aa                puts
 .text          0x0000f2d6       0x54 /usr/lib/gcc/msp430/4.6.3/../../../../msp430/lib/mcpu-430x/mmpy-16/libc.a(rand.o)
                0x0000f2d6                rand_r
                0x0000f2fa                rand
                0x0000f320                srand
 .text          0x0000f32a        0x0 /usr/lib/gcc/msp430/4.6.3/mcpu-430x/mmpy-16/libgcc.a(_udivmod64.o)
 .text.libgcc   0x0000f32a       0xbc /usr/lib/gcc/msp430/4.6.3/mcpu-430x/mmpy-16/libgcc.a(_udivmod64.o)
                0x0000f32a                __xabi_udivmod64
                0x0000f37c                __udivdi3
                0x0000f396                __umoddi3
                0x0000f3b8                __udivmoddi4
 .text          0x0000f3e6        0x0 /usr/lib/gcc/msp430/4.6.3/mcpu-430x/mmpy-16/libcrt0.a(_reset_vector__.o)
 .text          0x0000f3e6        0x0 /usr/lib/gcc/msp430/4.6.3/mcpu-430x/mmpy-16/libcrt0.a(__watchdog_support.o)
 .text          0x0000f3e6        0x0 /usr/lib/gcc/msp430/4.6.3/mcpu-430x/mmpy-16/libcrt0.a(__init_stack.o)
 .text          0x0000f3e6        0x0 /usr/lib/gcc/msp430/4.6.3/mcpu-430x/mmpy-16/libcrt0.a(__low_level_init.o)
 .text          0x0000f3e6        0x0 /usr/lib/gcc/msp430/4.6.3/mcpu-430x/mmpy-16/libcrt0.a(_copy_data.o)
 .text          0x0000f3e6        0x0 /usr/lib/gcc/msp430/4.6.3/mcpu-430x/mmpy-16/libcrt0.a(_clear_bss.o)
 .text          0x0000f3e6        0x0 /usr/lib/gcc/msp430/4.6.3/mcpu-430x/mmpy-16/libcrt0.a(__stop_progExec__.o)
 .text          0x0000f3e6        0x0 /usr/lib/gcc/msp430/4.6.3/mcpu-430x/mmpy-16/libcrt0.a(_endless_loop__.o)
 .text          0x0000f3e6        0x0 /usr/lib/gcc/msp430/4.6.3/mcpu-430x/mmpy-16/libcrt0.a(_unexpected_.o)
 .text.crt0     0x0000f3e6        0x2 /usr/lib/gcc/msp430/4.6.3/mcpu-430x/mmpy-16/libcrt0.a(_unexpected_.o)
                0x0000f3e6                _unexpected_
                0x0000f3e8                . = ALIGN (0x2)

.rodata         0x0000f3e8      0x548
                0x0000f3e8                . = ALIGN (0x2)
 *(.rodata .rodata.* .gnu.linkonce.r.*)
 .rodata        0x0000f3e8      0x104 udp-client.co
                0x0000f4d4                autostart_processes
 .rodata        0x0000f4ec      0x115 obj_z1/contiki-z1-main.o
 .rodata        0x0000f601       0x2c contiki-z1.a(xmem.o)
 *fill*         0x0000f62d        0x1 00
 .rodata        0x0000f62e       0x5a contiki-z1.a(cc2420.o)
                0x0000f64a                cc2420_aes_128_driver
                0x0000f64e                cc2420_driver
 .rodata        0x0000f688        0x8 contiki-z1.a(sensors.o)
 .rodata        0x0000f690       0x10 contiki-z1.a(button-sensor.o)
                0x0000f698                button_sensor
 .rodata        0x0000f6a0       0x16 contiki-z1.a(adxl345.o)
 .rodata        0x0000f6b6        0xf contiki-z1.a(ctimer.o)
 .rodata        0x0000f6c5        0xc contiki-z1.a(etimer.o)
 *fill*         0x0000f6d1        0x1 00
 .rodata        0x0000f6d2       0x24 contiki-z1.a(sicslowpan.o)
                0x0000f6de                sicslowpan_driver
                0x0000f6e4                llprefix
                0x0000f6e6                unc_mxconf
                0x0000f6ea                unc_ctxconf
                0x0000f6ee                unc_llconf
 .rodata        0x0000f6f6       0x20 contiki-z1.a(uip6.o)
 .rodata        0x0000f716        0xd contiki-z1.a(tcpip.o)
 .rodata        0x0000f723       0x29 contiki-z1.a(uip-debug.o)
 .rodata        0x0000f74c       0x6a contiki-z1.a(rpl-dag.o)
 .rodata        0x0000f7b6        0x8 contiki-z1.a(linkaddr.o)
                0x0000f7b6                linkaddr_null
 .rodata        0x0000f7be       0x14 contiki-z1.a(csma.o)
                0x0000f7c4                csma_driver
 .rodata        0x0000f7d2        0x8 contiki-z1.a(framer-802154.o)
                0x0000f7d2                framer_802154
 .rodata        0x0000f7da       0x1c contiki-z1.a(contikimac.o)
                0x0000f7e6                contikimac_driver
 .rodata        0x0000f7f6       0x14 contiki-z1.a(nullsec.o)
                0x0000f7fe                nullsec_driver
 .rodata        0x0000f80a      0x11d contiki-z1.a(powertrace.o)
 .rodata        0x0000f927        0x2 contiki-z1.a(frame802154.o)
 .rodata        0x0000f929        0x7 /usr/lib/gcc/msp430/4.6.3/../../../../msp430/lib/mcpu-430x/mmpy-16/libc.a(vuprintf.o)
                0x0000f930                . = ALIGN (0x2)
                0x0000f930                _etext = .

.data           0x00001100      0x12a load address 0x0000f930
                0x00001100                . = ALIGN (0x2)
                0x00001100                PROVIDE (__data_start, .)
 *(.data .data.* .gnu.linkonce.d.*)
 .data          0x00001100        0x0 /usr/lib/gcc/msp430/4.6.3/mcpu-430x/mmpy-16/crt0ivtbl32.o
 .data          0x00001100        0xa udp-client.co
                0x00001100                udp_client_process
 .data          0x0000110a        0x4 obj_z1/contiki-z1-main.o
                0x0000110a                sensors
 .data          0x0000110e        0x0 contiki-z1.a(contiki-z1-plat)
 .data          0x0000110e        0x2 contiki-z1.a(msp430.o)
 .data          0x00001110        0x0 contiki-z1.a(leds.o)
 .data          0x00001110        0x0 contiki-z1.a(watchdog.o)
 .data          0x00001110        0x0 contiki-z1.a(xmem.o)
 .data          0x00001110        0x0 contiki-z1.a(spi.o)
 .data          0x00001110        0xa contiki-z1.a(cc2420.o)
                0x00001110                cc2420_process
 .data          0x0000111a        0x0 contiki-z1.a(cc2420-arch.o)
 .data          0x0000111a        0x0 contiki-z1.a(node-id.o)
 .data          0x0000111a        0xa contiki-z1.a(sensors.o)
                0x0000111a                sensors_process
 .data          0x00001124        0x0 contiki-z1.a(button-sensor.o)
 .data          0x00001124        0x0 contiki-z1.a(uart0.o)
 .data          0x00001124        0x0 contiki-z1.a(uart0-putchar.o)
 .data          0x00001124       0x20 contiki-z1.a(adxl345.o)
                0x00001124                accmeter_process
 .data          0x00001144        0x0 contiki-z1.a(clock.o)
 .data          0x00001144        0x0 contiki-z1.a(leds-arch.o)
 .data          0x00001144        0x0 contiki-z1.a(rtimer-arch.o)
 .data          0x00001144        0x0 contiki-z1.a(autostart.o)
 .data          0x00001144        0xa contiki-z1.a(ctimer.o)
                0x00001144                ctimer_process
 .data          0x0000114e        0x0 contiki-z1.a(energest.o)
 .data          0x0000114e        0xa contiki-z1.a(etimer.o)
                0x0000114e                etimer_process
 .data          0x00001158        0x0 contiki-z1.a(process.o)
 .data          0x00001158        0x0 contiki-z1.a(rtimer.o)
 .data          0x00001158        0x0 contiki-z1.a(timer.o)
 .data          0x00001158        0x0 contiki-z1.a(list.o)
 .data          0x00001158        0x0 contiki-z1.a(random.o)
 .data          0x00001158        0x0 contiki-z1.a(sicslowpan.o)
 .data          0x00001158        0x0 contiki-z1.a(uip6.o)
 .data          0x00001158        0x0 contiki-z1.a(uip-ds6.o)
 .data          0x00001158        0xa contiki-z1.a(uip-ds6-nbr.o)
                0x00001158                ds6_neighbors
 .data          0x00001162       0x20 contiki-z1.a(uip-ds6-route.o)
 .data          0x00001182        0xc contiki-z1.a(uip-icmp6.o)
 .data          0x0000118e        0xc contiki-z1.a(uip-nd6.o)
 .data          0x0000119a        0xa contiki-z1.a(tcpip.o)
                0x0000119a                tcpip_process
 .data          0x000011a4        0x0 contiki-z1.a(uip-debug.o)
 .data          0x000011a4        0x0 contiki-z1.a(uip-udp-packet.)
 .data          0x000011a4        0x0 contiki-z1.a(rpl.o)
 .data          0x000011a4        0xa contiki-z1.a(rpl-dag.o)
                0x000011a4                rpl_parents
 .data          0x000011ae        0x0 contiki-z1.a(rpl-ext-header.)
 .data          0x000011ae       0x20 contiki-z1.a(rpl-icmp6.o)
 .data          0x000011ce        0xe contiki-z1.a(rpl-mrhof.o)
                0x000011ce                rpl_mrhof
 .data          0x000011dc        0x0 contiki-z1.a(rpl-timers.o)
 .data          0x000011dc        0x0 contiki-z1.a(linkaddr.o)
 .data          0x000011dc        0x8 contiki-z1.a(nbr-table.o)
 .data          0x000011e4        0x0 contiki-z1.a(packetbuf.o)
 .data          0x000011e4       0x10 contiki-z1.a(queuebuf.o)
 .data          0x000011f4       0x18 contiki-z1.a(csma.o)
 .data          0x0000120c        0x0 contiki-z1.a(framer-802154.o)
 .data          0x0000120c        0x0 contiki-z1.a(framer.o)
 .data          0x0000120c        0x0 contiki-z1.a(mac.o)
 .data          0x0000120c        0x0 contiki-z1.a(contikimac.o)
 .data          0x0000120c        0x0 contiki-z1.a(nullsec.o)
 .data          0x0000120c       0x18 contiki-z1.a(powertrace.o)
                0x0000120c                powertrace_process
 .data          0x00001224        0x1 contiki-z1.a(i2cmaster.o)
                0x00001224                prescale_lsb
 .data          0x00001225        0x0 contiki-z1.a(compower.o)
 .data          0x00001225        0x0 contiki-z1.a(stimer.o)
 .data          0x00001225        0x0 contiki-z1.a(memb.o)
 .data          0x00001225        0x0 contiki-z1.a(frame802154.o)
 .data          0x00001225        0x0 contiki-z1.a(mac-sequence.o)
 .data          0x00001225        0x0 /usr/lib/gcc/msp430/4.6.3/mcpu-430x/mmpy-16/libgcc.a(_mulsi3.o)
 .data          0x00001225        0x0 /usr/lib/gcc/msp430/4.6.3/mcpu-430x/mmpy-16/libgcc.a(_udivmod16.o)
 .data          0x00001225        0x0 /usr/lib/gcc/msp430/4.6.3/mcpu-430x/mmpy-16/libgcc.a(_divmod16.o)
 .data          0x00001225        0x0 /usr/lib/gcc/msp430/4.6.3/mcpu-430x/mmpy-16/libgcc.a(_udivmod32.o)
 .data          0x00001225        0x0 /usr/lib/gcc/msp430/4.6.3/../../../../msp430/lib/mcpu-430x/mmpy-16/libc.a(strncmp.o)
 .data          0x00001225        0x0 /usr/lib/gcc/msp430/4.6.3/../../../../msp430/lib/mcpu-430x/mmpy-16/libc.a(memcmp.o)
 .data          0x00001225        0x0 /usr/lib/gcc/msp430/4.6.3/../../../../msp430/lib/mcpu-430x/mmpy-16/libc.a(memcpy.o)
 .data          0x00001225        0x0 /usr/lib/gcc/msp430/4.6.3/../../../../msp430/lib/mcpu-430x/mmpy-16/libc.a(memmove.o)
 .data          0x00001225        0x0 /usr/lib/gcc/msp430/4.6.3/../../../../msp430/lib/mcpu-430x/mmpy-16/libc.a(memset.o)
 .data          0x00001225        0x0 /usr/lib/gcc/msp430/4.6.3/../../../../msp430/lib/mcpu-430x/mmpy-16/libc.a(printf.o)
 .data          0x00001225        0x0 /usr/lib/gcc/msp430/4.6.3/../../../../msp430/lib/mcpu-430x/mmpy-16/libc.a(sprintf.o)
 .data          0x00001225        0x0 /usr/lib/gcc/msp430/4.6.3/../../../../msp430/lib/mcpu-430x/mmpy-16/libc.a(vuprintf.o)
 .data          0x00001225        0x0 /usr/lib/gcc/msp430/4.6.3/../../../../msp430/lib/mcpu-430x/mmpy-16/libc.a(puts.o)
 *fill*         0x00001225        0x1 00
 .data          0x00001226        0x4 /usr/lib/gcc/msp430/4.6.3/../../../../msp430/lib/mcpu-430x/mmpy-16/libc.a(rand.o)
 .data          0x0000122a        0x0 /usr/lib/gcc/msp430/4.6.3/mcpu-430x/mmpy-16/libgcc.a(_udivmod64.o)
 .data          0x0000122a        0x0 /usr/lib/gcc/msp430/4.6.3/mcpu-430x/mmpy-16/libcrt0.a(_reset_vector__.o)
 .data          0x0000122a        0x0 /usr/lib/gcc/msp430/4.6.3/mcpu-430x/mmpy-16/libcrt0.a(__watchdog_support.o)
 .data          0x0000122a        0x0 /usr/lib/gcc/msp430/4.6.3/mcpu-430x/mmpy-16/libcrt0.a(__init_stack.o)
 .data          0x0000122a        0x0 /usr/lib/gcc/msp430/4.6.3/mcpu-430x/mmpy-16/libcrt0.a(__low_level_init.o)
 .data          0x0000122a        0x0 /usr/lib/gcc/msp430/4.6.3/mcpu-430x/mmpy-16/libcrt0.a(_copy_data.o)
 .data          0x0000122a        0x0 /usr/lib/gcc/msp430/4.6.3/mcpu-430x/mmpy-16/libcrt0.a(_clear_bss.o)
 .data          0x0000122a        0x0 /usr/lib/gcc/msp430/4.6.3/mcpu-430x/mmpy-16/libcrt0.a(__stop_progExec__.o)
 .data          0x0000122a        0x0 /usr/lib/gcc/msp430/4.6.3/mcpu-430x/mmpy-16/libcrt0.a(_endless_loop__.o)
 .data          0x0000122a        0x0 /usr/lib/gcc/msp430/4.6.3/mcpu-430x/mmpy-16/libcrt0.a(_unexpected_.o)
                0x0000122a                . = ALIGN (0x2)
                0x0000122a                _edata = .
                0x0000f930                PROVIDE (__data_load_start, LOADADDR (.data))
                0x0000012a                PROVIDE (__data_size, SIZEOF (.data))

.bss            0x0000122a     0x166a load address 0x0000fa5a
                0x0000122a                PROVIDE (__bss_start, .)
 *(.bss .bss.*)
 .bss           0x0000122a        0x0 /usr/lib/gcc/msp430/4.6.3/mcpu-430x/mmpy-16/crt0ivtbl32.o
 .bss           0x0000122a       0x34 udp-client.co
 .bss           0x0000125e        0x4 obj_z1/contiki-z1-main.o
 .bss           0x00001262        0x0 contiki-z1.a(contiki-z1-plat)
 .bss           0x00001262        0x0 contiki-z1.a(msp430.o)
 .bss           0x00001262        0x1 contiki-z1.a(leds.o)
 *fill*         0x00001263        0x1 00
 .bss           0x00001264        0x2 contiki-z1.a(watchdog.o)
 .bss           0x00001266        0x0 contiki-z1.a(xmem.o)
 .bss           0x00001266        0x2 contiki-z1.a(spi.o)
                0x00001266                spi_busy
 .bss           0x00001268        0x8 contiki-z1.a(cc2420.o)
 .bss           0x00001270        0x0 contiki-z1.a(cc2420-arch.o)
 .bss           0x00001270        0x2 contiki-z1.a(node-id.o)
                0x00001270                node_id
 .bss           0x00001272        0x6 contiki-z1.a(sensors.o)
 .bss           0x00001278        0x8 contiki-z1.a(button-sensor.o)
 .bss           0x00001280        0x4 contiki-z1.a(uart0.o)
 .bss           0x00001284        0x0 contiki-z1.a(uart0-putchar.o)
 .bss           0x00001284       0x16 contiki-z1.a(adxl345.o)
 .bss           0x0000129a        0xa contiki-z1.a(clock.o)
 .bss           0x000012a4        0x0 contiki-z1.a(leds-arch.o)
 .bss           0x000012a4        0x0 contiki-z1.a(rtimer-arch.o)
 .bss           0x000012a4        0x0 contiki-z1.a(autostart.o)
 .bss           0x000012a4        0x4 contiki-z1.a(ctimer.o)
 .bss           0x000012a8        0x0 contiki-z1.a(energest.o)
 .bss           0x000012a8        0x6 contiki-z1.a(etimer.o)
 .bss           0x000012ae       0x42 contiki-z1.a(process.o)
                0x000012ae                process_current
                0x000012b0                process_list
 .bss           0x000012f0        0x2 contiki-z1.a(rtimer.o)
 .bss           0x000012f2        0x0 contiki-z1.a(timer.o)
 .bss           0x000012f2        0x0 contiki-z1.a(list.o)
 .bss           0x000012f2        0x0 contiki-z1.a(random.o)
 .bss           0x000012f2       0xc0 contiki-z1.a(sicslowpan.o)
 .bss           0x000013b2       0x12 contiki-z1.a(uip6.o)
                0x000013b2                uip_ext_opt_offset
                0x000013b4                uip_ext_len
                0x000013b6                uip_ext_bitmap
 .bss           0x000013c4       0x18 contiki-z1.a(uip-ds6.o)
 .bss           0x000013dc      0x23a contiki-z1.a(uip-ds6-nbr.o)
 .bss           0x00001616      0x29c contiki-z1.a(uip-ds6-route.o)
 .bss           0x000018b2       0x14 contiki-z1.a(uip-icmp6.o)
 .bss           0x000018c6        0xa contiki-z1.a(uip-nd6.o)
 .bss           0x000018d0       0x36 contiki-z1.a(tcpip.o)
 .bss           0x00001906        0x0 contiki-z1.a(uip-debug.o)
 .bss           0x00001906        0x0 contiki-z1.a(uip-udp-packet.)
 .bss           0x00001906        0x2 contiki-z1.a(rpl.o)
 .bss           0x00001908       0xb4 contiki-z1.a(rpl-dag.o)
 .bss           0x000019bc        0x0 contiki-z1.a(rpl-ext-header.)
 .bss           0x000019bc       0x10 contiki-z1.a(rpl-icmp6.o)
 .bss           0x000019cc        0x4 contiki-z1.a(rpl-mrhof.o)
                0x000019cc                attack_flag_sinkhole
                0x000019ce                attack_flag
 .bss           0x000019d0       0x18 contiki-z1.a(rpl-timers.o)
 .bss           0x000019e8        0x0 contiki-z1.a(linkaddr.o)
 .bss           0x000019e8       0xda contiki-z1.a(nbr-table.o)
 .bss           0x00001ac2       0xb8 contiki-z1.a(packetbuf.o)
 .bss           0x00001b7a      0x2d0 contiki-z1.a(queuebuf.o)
 .bss           0x00001e4a       0x8c contiki-z1.a(csma.o)
 .bss           0x00001ed6        0x2 contiki-z1.a(framer-802154.o)
 .bss           0x00001ed8        0x0 contiki-z1.a(framer.o)
 .bss           0x00001ed8        0x0 contiki-z1.a(mac.o)
 .bss           0x00001ed8       0x2a contiki-z1.a(contikimac.o)
 .bss           0x00001f02        0x0 contiki-z1.a(nullsec.o)
 .bss           0x00001f02      0x31a contiki-z1.a(powertrace.o)
 .bss           0x0000221c        0x4 contiki-z1.a(i2cmaster.o)
                0x0000221c                prescale_msb
 .bss           0x00002220        0x8 contiki-z1.a(compower.o)
 .bss           0x00002228        0x0 contiki-z1.a(stimer.o)
 .bss           0x00002228        0x0 contiki-z1.a(memb.o)
 .bss           0x00002228        0x0 contiki-z1.a(frame802154.o)
 .bss           0x00002228       0xa0 contiki-z1.a(mac-sequence.o)
 .bss           0x000022c8        0x0 /usr/lib/gcc/msp430/4.6.3/mcpu-430x/mmpy-16/libgcc.a(_mulsi3.o)
 .bss           0x000022c8        0x0 /usr/lib/gcc/msp430/4.6.3/mcpu-430x/mmpy-16/libgcc.a(_udivmod16.o)
 .bss           0x000022c8        0x0 /usr/lib/gcc/msp430/4.6.3/mcpu-430x/mmpy-16/libgcc.a(_divmod16.o)
 .bss           0x000022c8        0x0 /usr/lib/gcc/msp430/4.6.3/mcpu-430x/mmpy-16/libgcc.a(_udivmod32.o)
 .bss           0x000022c8        0x0 /usr/lib/gcc/msp430/4.6.3/../../../../msp430/lib/mcpu-430x/mmpy-16/libc.a(strncmp.o)
 .bss           0x000022c8        0x0 /usr/lib/gcc/msp430/4.6.3/../../../../msp430/lib/mcpu-430x/mmpy-16/libc.a(memcmp.o)
 .bss           0x000022c8        0x0 /usr/lib/gcc/msp430/4.6.3/../../../../msp430/lib/mcpu-430x/mmpy-16/libc.a(memcpy.o)
 .bss           0x000022c8        0x0 /usr/lib/gcc/msp430/4.6.3/../../../../msp430/lib/mcpu-430x/mmpy-16/libc.a(memmove.o)
 .bss           0x000022c8        0x0 /usr/lib/gcc/msp430/4.6.3/../../../../msp430/lib/mcpu-430x/mmpy-16/libc.a(memset.o)
 .bss           0x000022c8        0x0 /usr/lib/gcc/msp430/4.6.3/../../../../msp430/lib/mcpu-430x/mmpy-16/libc.a(printf.o)
 .bss           0x000022c8        0x4 /usr/lib/gcc/msp430/4.6.3/../../../../msp430/lib/mcpu-430x/mmpy-16/libc.a(sprintf.o)
 .bss           0x000022cc        0x0 /usr/lib/gcc/msp430/4.6.3/../../../../msp430/lib/mcpu-430x/mmpy-16/libc.a(vuprintf.o)
 .bss           0x000022cc        0x0 /usr/lib/gcc/msp430/4.6.3/../../../../msp430/lib/mcpu-430x/mmpy-16/libc.a(puts.o)
 .bss           0x000022cc        0x0 /usr/lib/gcc/msp430/4.6.3/../../../../msp430/lib/mcpu-430x/mmpy-16/libc.a(rand.o)
 .bss           0x000022cc        0x0 /usr/lib/gcc/msp430/4.6.3/mcpu-430x/mmpy-16/libgcc.a(_udivmod64.o)
 .bss           0x000022cc        0x0 /usr/lib/gcc/msp430/4.6.3/mcpu-430x/mmpy-16/libcrt0.a(_reset_vector__.o)
 .bss           0x000022cc        0x0 /usr/lib/gcc/msp430/4.6.3/mcpu-430x/mmpy-16/libcrt0.a(__watchdog_support.o)
 .bss           0x000022cc        0x0 /usr/lib/gcc/msp430/4.6.3/mcpu-430x/mmpy-16/libcrt0.a(__init_stack.o)
 .bss           0x000022cc        0x0 /usr/lib/gcc/msp430/4.6.3/mcpu-430x/mmpy-16/libcrt0.a(__low_level_init.o)
 .bss           0x000022cc        0x0 /usr/lib/gcc/msp430/4.6.3/mcpu-430x/mmpy-16/libcrt0.a(_copy_data.o)
 .bss           0x000022cc        0x0 /usr/lib/gcc/msp430/4.6.3/mcpu-430x/mmpy-16/libcrt0.a(_clear_bss.o)
 .bss           0x000022cc        0x0 /usr/lib/gcc/msp430/4.6.3/mcpu-430x/mmpy-16/libcrt0.a(__stop_progExec__.o)
 .bss           0x000022cc        0x0 /usr/lib/gcc/msp430/4.6.3/mcpu-430x/mmpy-16/libcrt0.a(_endless_loop__.o)
 .bss           0x000022cc        0x0 /usr/lib/gcc/msp430/4.6.3/mcpu-430x/mmpy-16/libcrt0.a(_unexpected_.o)
 *(COMMON)
 COMMON         0x000022cc        0x2 obj_z1/contiki-z1-main.o
                0x000022cc                sensors_flags
 COMMON         0x000022ce       0x10 contiki-z1.a(cc2420.o)
                0x000022ce                cc2420_last_rssi
                0x000022d0                cc2420_sfd_start_time
                0x000022d2                cc2420_time_of_departure
                0x000022d4                cc2420_time_of_arrival
                0x000022d6                cc2420_last_correlation
                0x000022d8                cc2420_authority_level_of_sender
                0x000022da                cc2420_sfd_counter
                0x000022dc                cc2420_sfd_end_time
 COMMON         0x000022de        0x8 contiki-z1.a(node-id.o)
                0x000022de                node_mac
 COMMON         0x000022e6        0x1 contiki-z1.a(sensors.o)
                0x000022e6                sensors_event
 *fill*         0x000022e7        0x1 00
 COMMON         0x000022e8        0x7 contiki-z1.a(adxl345.o)
                0x000022e8                accm_int2_cb
                0x000022ea                int2_event
                0x000022ec                accm_int1_cb
                0x000022ee                int1_event
 *fill*         0x000022ef        0x1 00
 COMMON         0x000022f0       0x56 contiki-z1.a(energest.o)
                0x000022f0                energest_total_time
                0x00002320                energest_total_count
                0x00002322                energest_current_mode
                0x0000232e                energest_current_time
 COMMON         0x00002346        0x1 contiki-z1.a(process.o)
                0x00002346                process_maxevents
 *fill*         0x00002347        0x1 00
 COMMON         0x00002348        0x8 contiki-z1.a(sicslowpan.o)
                0x00002348                frag_sender
 COMMON         0x00002350      0x2a0 contiki-z1.a(uip6.o)
                0x00002350                uip_len
                0x00002352                uip_sappdata
                0x00002354                uip_acc32
                0x00002358                uip_lladdr
                0x00002360                uip_aligned_buf
                0x000023ec                uip_flags
                0x000023ee                uip_next_hdr
                0x000023f0                uip_udp_conn
                0x000023f2                uip_appdata
                0x000023f4                uip_conn
                0x000023f6                uip_conns
                0x000024a6                uip_listenports
                0x000024b6                uip_slen
                0x000024b8                uip_udp_conns
 COMMON         0x000025f0      0x15c contiki-z1.a(uip-ds6.o)
                0x000025f0                uip_ds6_timer_ra
                0x000025f8                uip_ds6_if
                0x000026e4                uip_ds6_netif_addr_list_offset
                0x000026e5                uip_ds6_addr_size
                0x000026e6                uip_ds6_prefix_list
                0x00002740                uip_ds6_timer_periodic
 COMMON         0x0000274c        0x1 contiki-z1.a(tcpip.o)
                0x0000274c                tcpip_event
 *fill*         0x0000274d        0x1 00
 COMMON         0x0000274e       0xde contiki-z1.a(rpl-dag.o)
                0x0000274e                default_instance
                0x00002750                instance_table
 COMMON         0x0000282c       0x1a contiki-z1.a(rpl-icmp6.o)
                0x0000282c                new_data
                0x0000282e                positive_value
                0x00002830                endOfIp
                0x00002832                negative_value
                0x00002834                trustAddress
                0x00002844                trustValue
 COMMON         0x00002846        0x8 contiki-z1.a(linkaddr.o)
                0x00002846                linkaddr_node_addr
 COMMON         0x0000284e       0x2e contiki-z1.a(packetbuf.o)
                0x0000284e                packetbuf_addrs
                0x0000285e                packetbuf_attrs
 COMMON         0x0000287c       0x10 contiki-z1.a(i2cmaster.o)
                0x0000287c                transmit_data1
                0x0000287d                rx_byte_ctr
                0x0000287e                tx_buf_ptr
                0x00002880                tx_byte_ctr
                0x00002882                i
                0x00002884                receive_data
                0x00002886                rx_buf
                0x00002888                transmit_data2
                0x0000288a                rx_buf_ptr
 COMMON         0x0000288c        0x8 contiki-z1.a(compower.o)
                0x0000288c                compower_idle_activity
                0x00002894                . = ALIGN (0x2)
                0x00002894                PROVIDE (__bss_end, .)
                0x0000166a                PROVIDE (__bss_size, SIZEOF (.bss))

.noinit         0x00002894        0x2 load address 0x0000fa5a
                0x00002894                PROVIDE (__noinit_start, .)
 *(.noinit .noinit.*)
 .noinit.crt0   0x00002894        0x2 /usr/lib/gcc/msp430/4.6.3/mcpu-430x/mmpy-16/libcrt0.a(__watchdog_support.o)
                0x00002894                __wdt_clear_value
                0x00002896                . = ALIGN (0x2)
                0x00002896                PROVIDE (__noinit_end, .)
                0x00002896                . = ALIGN (0x2)
                0x00002896                _end = .

.infomem        0x00001000        0x0
 *(.infomem)
                0x00001000                . = ALIGN (0x2)
 *(.infomem.*)

.infomemnobits  0x00001000        0x0
 *(.infomemnobits)
                0x00001000                . = ALIGN (0x2)
 *(.infomemnobits.*)

.infoa
 *(.infoa .infoa.*)

.infob
 *(.infob .infob.*)

.infoc
 *(.infoc .infoc.*)

.infod
 *(.infod .infod.*)

.vectors        0x0000ffc0       0x40
                0x0000ffc0                PROVIDE (__vectors_start, .)
 *(.vectors*)
 .vectors       0x0000ffc0       0x40 /usr/lib/gcc/msp430/4.6.3/mcpu-430x/mmpy-16/crt0ivtbl32.o
                0x0000ffc0                __ivtbl_32
                0x00010000                _vectors_end = .

.fartext        0x00010000        0x0
                0x00010000                . = ALIGN (0x2)
 *(.fartext)
                0x00010000                . = ALIGN (0x2)
 *(.fartext.*)
                0x00010000                _efartext = .

.profiler
 *(.profiler)

.stab           0x00000000    0x2a438
 *(.stab)
 .stab          0x00000000     0x1218 udp-client.co
 .stab          0x00001218     0x1680 obj_z1/contiki-z1-main.o
                               0x1b24 (size before relaxing)
 .stab          0x00002898      0x240 contiki-z1.a(contiki-z1-plat)
                                0x5a0 (size before relaxing)
 .stab          0x00002ad8      0x4a4 contiki-z1.a(msp430.o)
                                0x7f8 (size before relaxing)
 .stab          0x00002f7c      0x5dc contiki-z1.a(leds.o)
                                0x828 (size before relaxing)
 .stab          0x00003558      0x3fc contiki-z1.a(watchdog.o)
                                0x750 (size before relaxing)
 .stab          0x00003954      0x9fc contiki-z1.a(xmem.o)
                                0xf3c (size before relaxing)
 .stab          0x00004350      0x288 contiki-z1.a(spi.o)
                                0x5dc (size before relaxing)
 .stab          0x000045d8     0x25ec contiki-z1.a(cc2420.o)
                               0x2cac (size before relaxing)
 .stab          0x00006bc4      0x75c contiki-z1.a(cc2420-arch.o)
                               0x16a4 (size before relaxing)
 .stab          0x00007320      0x300 contiki-z1.a(node-id.o)
                                0x6d8 (size before relaxing)
 .stab          0x00007620      0x654 contiki-z1.a(sensors.o)
                                0xb70 (size before relaxing)
 .stab          0x00007c74      0x468 contiki-z1.a(button-sensor.o)
                                0x7d4 (size before relaxing)
 .stab          0x000080dc      0x51c contiki-z1.a(uart0.o)
                                0xa2c (size before relaxing)
 .stab          0x000085f8      0x264 contiki-z1.a(uart0-putchar.o)
                                0x78c (size before relaxing)
 .stab          0x0000885c      0xb10 contiki-z1.a(adxl345.o)
                               0x1128 (size before relaxing)
 .stab          0x0000936c      0x948 contiki-z1.a(clock.o)
                                0xc9c (size before relaxing)
 .stab          0x00009cb4      0x3a8 contiki-z1.a(leds-arch.o)
                                0x6fc (size before relaxing)
 .stab          0x0000a05c      0x3cc contiki-z1.a(rtimer-arch.o)
                                0x720 (size before relaxing)
 .stab          0x0000a428      0x294 contiki-z1.a(autostart.o)
                                0x534 (size before relaxing)
 .stab          0x0000a6bc      0x7a4 contiki-z1.a(ctimer.o)
                                0xb10 (size before relaxing)
 .stab          0x0000ae60      0x474 contiki-z1.a(energest.o)
                                0x6fc (size before relaxing)
 .stab          0x0000b2d4      0xa38 contiki-z1.a(etimer.o)
                                0xd08 (size before relaxing)
 .stab          0x0000bd0c      0xb7c contiki-z1.a(process.o)
                               0x1014 (size before relaxing)
 .stab          0x0000c888      0x3d8 contiki-z1.a(rtimer.o)
                                0x6c0 (size before relaxing)
 .stab          0x0000cc60      0x354 contiki-z1.a(timer.o)
                                0x594 (size before relaxing)
 .stab          0x0000cfb4      0x7f8 contiki-z1.a(list.o)
                                0x804 (size before relaxing)
 .stab          0x0000d7ac      0x228 contiki-z1.a(random.o)
                                0x624 (size before relaxing)
 .stab          0x0000d9d4     0x1f8c contiki-z1.a(sicslowpan.o)
                               0x2ef8 (size before relaxing)
 .stab          0x0000f960     0x2bd4 contiki-z1.a(uip6.o)
                               0x378c (size before relaxing)
 .stab          0x00012534     0x13d4 contiki-z1.a(uip-ds6.o)
                               0x1f74 (size before relaxing)
 .stab          0x00013908      0xde0 contiki-z1.a(uip-ds6-nbr.o)
                               0x1818 (size before relaxing)
 .stab          0x000146e8     0x1260 contiki-z1.a(uip-ds6-route.o)
                               0x1de8 (size before relaxing)
 .stab          0x00015948      0xcf0 contiki-z1.a(uip-icmp6.o)
                               0x1968 (size before relaxing)
 .stab          0x00016638      0xd20 contiki-z1.a(uip-nd6.o)
                               0x18fc (size before relaxing)
 .stab          0x00017358     0x14ac contiki-z1.a(tcpip.o)
                               0x26f4 (size before relaxing)
 .stab          0x00018804      0x444 contiki-z1.a(uip-debug.o)
                                0xbd0 (size before relaxing)
 .stab          0x00018c48      0x444 contiki-z1.a(uip-udp-packet.)
                                0xc00 (size before relaxing)
 .stab          0x0001908c      0xb64 contiki-z1.a(rpl.o)
                               0x17b8 (size before relaxing)
 .stab          0x00019bf0     0x2f10 contiki-z1.a(rpl-dag.o)
                               0x3c18 (size before relaxing)
 .stab          0x0001cb00      0xa50 contiki-z1.a(rpl-ext-header.)
                               0x180c (size before relaxing)
 .stab          0x0001d550     0x1bb4 contiki-z1.a(rpl-icmp6.o)
                               0x29b8 (size before relaxing)
 .stab          0x0001f104      0x8f4 contiki-z1.a(rpl-mrhof.o)
                               0x15e4 (size before relaxing)
 .stab          0x0001f9f8      0xbdc contiki-z1.a(rpl-timers.o)
                               0x18cc (size before relaxing)
 .stab          0x000205d4      0x2c4 contiki-z1.a(linkaddr.o)
                                0x6c0 (size before relaxing)
 .stab          0x00020898      0xd80 contiki-z1.a(nbr-table.o)
                               0x1428 (size before relaxing)
 .stab          0x00021618      0xdb0 contiki-z1.a(packetbuf.o)
                               0x1ed8 (size before relaxing)
 .stab          0x000223c8      0xaa4 contiki-z1.a(queuebuf.o)
                               0x1bb4 (size before relaxing)
 .stab          0x00022e6c     0x1050 contiki-z1.a(csma.o)
                               0x1590 (size before relaxing)
 .stab          0x00023ebc      0x930 contiki-z1.a(framer-802154.o)
                                0xf54 (size before relaxing)
 .stab          0x000247ec      0x3fc contiki-z1.a(framer.o)
                                0xc54 (size before relaxing)
 .stab          0x00024be8      0x1f8 contiki-z1.a(mac.o)
                                0x4ec (size before relaxing)
 .stab          0x00024de0     0x1794 contiki-z1.a(contikimac.o)
                               0x2208 (size before relaxing)
 .stab          0x00026574      0x75c contiki-z1.a(nullsec.o)
                                0xda4 (size before relaxing)
 .stab          0x00026cd0     0x10b0 contiki-z1.a(powertrace.o)
                               0x1af4 (size before relaxing)
 .stab          0x00027d80      0x894 contiki-z1.a(i2cmaster.o)
                                0xbe8 (size before relaxing)
 .stab          0x00028614      0x51c contiki-z1.a(compower.o)
                                0xd20 (size before relaxing)
 .stab          0x00028b30      0x3c0 contiki-z1.a(stimer.o)
                                0x600 (size before relaxing)
 .stab          0x00028ef0      0x5c4 contiki-z1.a(memb.o)
                                0xaf8 (size before relaxing)
 .stab          0x000294b4      0x924 contiki-z1.a(frame802154.o)
                               0x10f8 (size before relaxing)
 .stab          0x00029dd8      0x660 contiki-z1.a(mac-sequence.o)
                               0x1788 (size before relaxing)

.stabstr        0x00000000    0x1d247
 *(.stabstr)
 .stabstr       0x00000000    0x1d247 udp-client.co

.stab.excl
 *(.stab.excl)

.stab.exclstr
 *(.stab.exclstr)

.stab.index
 *(.stab.index)

.stab.indexstr
 *(.stab.indexstr)

.comment
 *(.comment)

.debug
 *(.debug)

.line
 *(.line)

.debug_srcinfo
 *(.debug_srcinfo)

.debug_sfnames
 *(.debug_sfnames)

.debug_aranges  0x00000000      0x1a4
 *(.debug_aranges)
 .debug_aranges
                0x00000000       0x14 /usr/lib/gcc/msp430/4.6.3/mcpu-430x/mmpy-16/libgcc.a(_mulsi3.o)
 .debug_aranges
                0x00000014       0x14 /usr/lib/gcc/msp430/4.6.3/mcpu-430x/mmpy-16/libgcc.a(_udivmod16.o)
 .debug_aranges
                0x00000028       0x14 /usr/lib/gcc/msp430/4.6.3/mcpu-430x/mmpy-16/libgcc.a(_divmod16.o)
 .debug_aranges
                0x0000003c       0x14 /usr/lib/gcc/msp430/4.6.3/mcpu-430x/mmpy-16/libgcc.a(_udivmod32.o)
 .debug_aranges
                0x00000050       0x14 /usr/lib/gcc/msp430/4.6.3/../../../../msp430/lib/mcpu-430x/mmpy-16/libc.a(strncmp.o)
 .debug_aranges
                0x00000064       0x14 /usr/lib/gcc/msp430/4.6.3/../../../../msp430/lib/mcpu-430x/mmpy-16/libc.a(memcmp.o)
 .debug_aranges
                0x00000078       0x14 /usr/lib/gcc/msp430/4.6.3/../../../../msp430/lib/mcpu-430x/mmpy-16/libc.a(memcpy.o)
 .debug_aranges
                0x0000008c       0x14 /usr/lib/gcc/msp430/4.6.3/../../../../msp430/lib/mcpu-430x/mmpy-16/libc.a(memmove.o)
 .debug_aranges
                0x000000a0       0x14 /usr/lib/gcc/msp430/4.6.3/../../../../msp430/lib/mcpu-430x/mmpy-16/libc.a(memset.o)
 .debug_aranges
                0x000000b4       0x14 /usr/lib/gcc/msp430/4.6.3/../../../../msp430/lib/mcpu-430x/mmpy-16/libc.a(printf.o)
 .debug_aranges
                0x000000c8       0x14 /usr/lib/gcc/msp430/4.6.3/../../../../msp430/lib/mcpu-430x/mmpy-16/libc.a(sprintf.o)
 .debug_aranges
                0x000000dc       0x14 /usr/lib/gcc/msp430/4.6.3/../../../../msp430/lib/mcpu-430x/mmpy-16/libc.a(vuprintf.o)
 .debug_aranges
                0x000000f0       0x14 /usr/lib/gcc/msp430/4.6.3/../../../../msp430/lib/mcpu-430x/mmpy-16/libc.a(puts.o)
 .debug_aranges
                0x00000104       0x14 /usr/lib/gcc/msp430/4.6.3/../../../../msp430/lib/mcpu-430x/mmpy-16/libc.a(rand.o)
 .debug_aranges
                0x00000118       0x14 /usr/lib/gcc/msp430/4.6.3/mcpu-430x/mmpy-16/libgcc.a(_udivmod64.o)
 .debug_aranges
                0x0000012c       0x14 /usr/lib/gcc/msp430/4.6.3/mcpu-430x/mmpy-16/libcrt0.a(__watchdog_support.o)
 .debug_aranges
                0x00000140       0x14 /usr/lib/gcc/msp430/4.6.3/mcpu-430x/mmpy-16/libcrt0.a(__init_stack.o)
 .debug_aranges
                0x00000154       0x14 /usr/lib/gcc/msp430/4.6.3/mcpu-430x/mmpy-16/libcrt0.a(_copy_data.o)
 .debug_aranges
                0x00000168       0x14 /usr/lib/gcc/msp430/4.6.3/mcpu-430x/mmpy-16/libcrt0.a(_clear_bss.o)
 .debug_aranges
                0x0000017c       0x14 /usr/lib/gcc/msp430/4.6.3/mcpu-430x/mmpy-16/libcrt0.a(_endless_loop__.o)
 .debug_aranges
                0x00000190       0x14 /usr/lib/gcc/msp430/4.6.3/mcpu-430x/mmpy-16/libcrt0.a(_unexpected_.o)

.debug_pubnames
 *(.debug_pubnames)

.debug_info     0x00000000     0x182d
 *(.debug_info)
 .debug_info    0x00000000       0xe0 /usr/lib/gcc/msp430/4.6.3/mcpu-430x/mmpy-16/libgcc.a(_mulsi3.o)
 .debug_info    0x000000e0       0xe0 /usr/lib/gcc/msp430/4.6.3/mcpu-430x/mmpy-16/libgcc.a(_udivmod16.o)
 .debug_info    0x000001c0       0xe0 /usr/lib/gcc/msp430/4.6.3/mcpu-430x/mmpy-16/libgcc.a(_divmod16.o)
 .debug_info    0x000002a0       0xe0 /usr/lib/gcc/msp430/4.6.3/mcpu-430x/mmpy-16/libgcc.a(_udivmod32.o)
 .debug_info    0x00000380       0xbb /usr/lib/gcc/msp430/4.6.3/../../../../msp430/lib/mcpu-430x/mmpy-16/libc.a(strncmp.o)
 .debug_info    0x0000043b       0xe8 /usr/lib/gcc/msp430/4.6.3/../../../../msp430/lib/mcpu-430x/mmpy-16/libc.a(memcmp.o)
 .debug_info    0x00000523      0x113 /usr/lib/gcc/msp430/4.6.3/../../../../msp430/lib/mcpu-430x/mmpy-16/libc.a(memcpy.o)
 .debug_info    0x00000636      0x113 /usr/lib/gcc/msp430/4.6.3/../../../../msp430/lib/mcpu-430x/mmpy-16/libc.a(memmove.o)
 .debug_info    0x00000749       0xfe /usr/lib/gcc/msp430/4.6.3/../../../../msp430/lib/mcpu-430x/mmpy-16/libc.a(memset.o)
 .debug_info    0x00000847      0x105 /usr/lib/gcc/msp430/4.6.3/../../../../msp430/lib/mcpu-430x/mmpy-16/libc.a(printf.o)
 .debug_info    0x0000094c      0x277 /usr/lib/gcc/msp430/4.6.3/../../../../msp430/lib/mcpu-430x/mmpy-16/libc.a(sprintf.o)
 .debug_info    0x00000bc3      0x565 /usr/lib/gcc/msp430/4.6.3/../../../../msp430/lib/mcpu-430x/mmpy-16/libc.a(vuprintf.o)
 .debug_info    0x00001128       0x96 /usr/lib/gcc/msp430/4.6.3/../../../../msp430/lib/mcpu-430x/mmpy-16/libc.a(puts.o)
 .debug_info    0x000011be      0x13f /usr/lib/gcc/msp430/4.6.3/../../../../msp430/lib/mcpu-430x/mmpy-16/libc.a(rand.o)
 .debug_info    0x000012fd       0xe0 /usr/lib/gcc/msp430/4.6.3/mcpu-430x/mmpy-16/libgcc.a(_udivmod64.o)
 .debug_info    0x000013dd       0xb8 /usr/lib/gcc/msp430/4.6.3/mcpu-430x/mmpy-16/libcrt0.a(__watchdog_support.o)
 .debug_info    0x00001495       0xb8 /usr/lib/gcc/msp430/4.6.3/mcpu-430x/mmpy-16/libcrt0.a(__init_stack.o)
 .debug_info    0x0000154d       0xb8 /usr/lib/gcc/msp430/4.6.3/mcpu-430x/mmpy-16/libcrt0.a(_copy_data.o)
 .debug_info    0x00001605       0xb8 /usr/lib/gcc/msp430/4.6.3/mcpu-430x/mmpy-16/libcrt0.a(_clear_bss.o)
 .debug_info    0x000016bd       0xb8 /usr/lib/gcc/msp430/4.6.3/mcpu-430x/mmpy-16/libcrt0.a(_endless_loop__.o)
 .debug_info    0x00001775       0xb8 /usr/lib/gcc/msp430/4.6.3/mcpu-430x/mmpy-16/libcrt0.a(_unexpected_.o)
 *(.gnu.linkonce.wi.*)

.debug_abbrev   0x00000000      0x8d1
 *(.debug_abbrev)
 .debug_abbrev  0x00000000       0x14 /usr/lib/gcc/msp430/4.6.3/mcpu-430x/mmpy-16/libgcc.a(_mulsi3.o)
 .debug_abbrev  0x00000014       0x14 /usr/lib/gcc/msp430/4.6.3/mcpu-430x/mmpy-16/libgcc.a(_udivmod16.o)
 .debug_abbrev  0x00000028       0x14 /usr/lib/gcc/msp430/4.6.3/mcpu-430x/mmpy-16/libgcc.a(_divmod16.o)
 .debug_abbrev  0x0000003c       0x14 /usr/lib/gcc/msp430/4.6.3/mcpu-430x/mmpy-16/libgcc.a(_udivmod32.o)
 .debug_abbrev  0x00000050       0x7c /usr/lib/gcc/msp430/4.6.3/../../../../msp430/lib/mcpu-430x/mmpy-16/libc.a(strncmp.o)
 .debug_abbrev  0x000000cc       0x9b /usr/lib/gcc/msp430/4.6.3/../../../../msp430/lib/mcpu-430x/mmpy-16/libc.a(memcmp.o)
 .debug_abbrev  0x00000167       0x97 /usr/lib/gcc/msp430/4.6.3/../../../../msp430/lib/mcpu-430x/mmpy-16/libc.a(memcpy.o)
 .debug_abbrev  0x000001fe       0x97 /usr/lib/gcc/msp430/4.6.3/../../../../msp430/lib/mcpu-430x/mmpy-16/libc.a(memmove.o)
 .debug_abbrev  0x00000295       0x9c /usr/lib/gcc/msp430/4.6.3/../../../../msp430/lib/mcpu-430x/mmpy-16/libc.a(memset.o)
 .debug_abbrev  0x00000331       0xd0 /usr/lib/gcc/msp430/4.6.3/../../../../msp430/lib/mcpu-430x/mmpy-16/libc.a(printf.o)
 .debug_abbrev  0x00000401      0x105 /usr/lib/gcc/msp430/4.6.3/../../../../msp430/lib/mcpu-430x/mmpy-16/libc.a(sprintf.o)
 .debug_abbrev  0x00000506      0x1ef /usr/lib/gcc/msp430/4.6.3/../../../../msp430/lib/mcpu-430x/mmpy-16/libc.a(vuprintf.o)
 .debug_abbrev  0x000006f5       0x60 /usr/lib/gcc/msp430/4.6.3/../../../../msp430/lib/mcpu-430x/mmpy-16/libc.a(puts.o)
 .debug_abbrev  0x00000755       0xf0 /usr/lib/gcc/msp430/4.6.3/../../../../msp430/lib/mcpu-430x/mmpy-16/libc.a(rand.o)
 .debug_abbrev  0x00000845       0x14 /usr/lib/gcc/msp430/4.6.3/mcpu-430x/mmpy-16/libgcc.a(_udivmod64.o)
 .debug_abbrev  0x00000859       0x14 /usr/lib/gcc/msp430/4.6.3/mcpu-430x/mmpy-16/libcrt0.a(__watchdog_support.o)
 .debug_abbrev  0x0000086d       0x14 /usr/lib/gcc/msp430/4.6.3/mcpu-430x/mmpy-16/libcrt0.a(__init_stack.o)
 .debug_abbrev  0x00000881       0x14 /usr/lib/gcc/msp430/4.6.3/mcpu-430x/mmpy-16/libcrt0.a(_copy_data.o)
 .debug_abbrev  0x00000895       0x14 /usr/lib/gcc/msp430/4.6.3/mcpu-430x/mmpy-16/libcrt0.a(_clear_bss.o)
 .debug_abbrev  0x000008a9       0x14 /usr/lib/gcc/msp430/4.6.3/mcpu-430x/mmpy-16/libcrt0.a(_endless_loop__.o)
 .debug_abbrev  0x000008bd       0x14 /usr/lib/gcc/msp430/4.6.3/mcpu-430x/mmpy-16/libcrt0.a(_unexpected_.o)

.debug_line     0x00000000      0xe76
 *(.debug_line)
 .debug_line    0x00000000       0xa2 /usr/lib/gcc/msp430/4.6.3/mcpu-430x/mmpy-16/libgcc.a(_mulsi3.o)
 .debug_line    0x000000a2       0x9c /usr/lib/gcc/msp430/4.6.3/mcpu-430x/mmpy-16/libgcc.a(_udivmod16.o)
 .debug_line    0x0000013e       0xa7 /usr/lib/gcc/msp430/4.6.3/mcpu-430x/mmpy-16/libgcc.a(_divmod16.o)
 .debug_line    0x000001e5       0xa7 /usr/lib/gcc/msp430/4.6.3/mcpu-430x/mmpy-16/libgcc.a(_udivmod32.o)
 .debug_line    0x0000028c       0x75 /usr/lib/gcc/msp430/4.6.3/../../../../msp430/lib/mcpu-430x/mmpy-16/libc.a(strncmp.o)
 .debug_line    0x00000301       0x73 /usr/lib/gcc/msp430/4.6.3/../../../../msp430/lib/mcpu-430x/mmpy-16/libc.a(memcmp.o)
 .debug_line    0x00000374       0xe9 /usr/lib/gcc/msp430/4.6.3/../../../../msp430/lib/mcpu-430x/mmpy-16/libc.a(memcpy.o)
 .debug_line    0x0000045d       0xe9 /usr/lib/gcc/msp430/4.6.3/../../../../msp430/lib/mcpu-430x/mmpy-16/libc.a(memmove.o)
 .debug_line    0x00000546       0xc8 /usr/lib/gcc/msp430/4.6.3/../../../../msp430/lib/mcpu-430x/mmpy-16/libc.a(memset.o)
 .debug_line    0x0000060e       0x72 /usr/lib/gcc/msp430/4.6.3/../../../../msp430/lib/mcpu-430x/mmpy-16/libc.a(printf.o)
 .debug_line    0x00000680       0x9c /usr/lib/gcc/msp430/4.6.3/../../../../msp430/lib/mcpu-430x/mmpy-16/libc.a(sprintf.o)
 .debug_line    0x0000071c      0x2ce /usr/lib/gcc/msp430/4.6.3/../../../../msp430/lib/mcpu-430x/mmpy-16/libc.a(vuprintf.o)
 .debug_line    0x000009ea       0x4d /usr/lib/gcc/msp430/4.6.3/../../../../msp430/lib/mcpu-430x/mmpy-16/libc.a(puts.o)
 .debug_line    0x00000a37       0x4f /usr/lib/gcc/msp430/4.6.3/../../../../msp430/lib/mcpu-430x/mmpy-16/libc.a(rand.o)
 .debug_line    0x00000a86       0xd5 /usr/lib/gcc/msp430/4.6.3/mcpu-430x/mmpy-16/libgcc.a(_udivmod64.o)
 .debug_line    0x00000b5b       0x84 /usr/lib/gcc/msp430/4.6.3/mcpu-430x/mmpy-16/libcrt0.a(__watchdog_support.o)
 .debug_line    0x00000bdf       0x82 /usr/lib/gcc/msp430/4.6.3/mcpu-430x/mmpy-16/libcrt0.a(__init_stack.o)
 .debug_line    0x00000c61       0x88 /usr/lib/gcc/msp430/4.6.3/mcpu-430x/mmpy-16/libcrt0.a(_copy_data.o)
 .debug_line    0x00000ce9       0x88 /usr/lib/gcc/msp430/4.6.3/mcpu-430x/mmpy-16/libcrt0.a(_clear_bss.o)
 .debug_line    0x00000d71       0x83 /usr/lib/gcc/msp430/4.6.3/mcpu-430x/mmpy-16/libcrt0.a(_endless_loop__.o)
 .debug_line    0x00000df4       0x82 /usr/lib/gcc/msp430/4.6.3/mcpu-430x/mmpy-16/libcrt0.a(_unexpected_.o)

.debug_frame    0x00000000      0x23c
 *(.debug_frame)
 .debug_frame   0x00000000       0x24 /usr/lib/gcc/msp430/4.6.3/../../../../msp430/lib/mcpu-430x/mmpy-16/libc.a(strncmp.o)
 .debug_frame   0x00000024       0x24 /usr/lib/gcc/msp430/4.6.3/../../../../msp430/lib/mcpu-430x/mmpy-16/libc.a(memcmp.o)
 .debug_frame   0x00000048       0x2c /usr/lib/gcc/msp430/4.6.3/../../../../msp430/lib/mcpu-430x/mmpy-16/libc.a(memcpy.o)
 .debug_frame   0x00000074       0x2c /usr/lib/gcc/msp430/4.6.3/../../../../msp430/lib/mcpu-430x/mmpy-16/libc.a(memmove.o)
 .debug_frame   0x000000a0       0x2a /usr/lib/gcc/msp430/4.6.3/../../../../msp430/lib/mcpu-430x/mmpy-16/libc.a(memset.o)
 .debug_frame   0x000000ca       0x2a /usr/lib/gcc/msp430/4.6.3/../../../../msp430/lib/mcpu-430x/mmpy-16/libc.a(printf.o)
 .debug_frame   0x000000f4       0x64 /usr/lib/gcc/msp430/4.6.3/../../../../msp430/lib/mcpu-430x/mmpy-16/libc.a(sprintf.o)
 .debug_frame   0x00000158       0x84 /usr/lib/gcc/msp430/4.6.3/../../../../msp430/lib/mcpu-430x/mmpy-16/libc.a(vuprintf.o)
 .debug_frame   0x000001dc       0x24 /usr/lib/gcc/msp430/4.6.3/../../../../msp430/lib/mcpu-430x/mmpy-16/libc.a(puts.o)
 .debug_frame   0x00000200       0x3c /usr/lib/gcc/msp430/4.6.3/../../../../msp430/lib/mcpu-430x/mmpy-16/libc.a(rand.o)

.debug_str      0x00000000      0x45c
 *(.debug_str)
 .debug_str     0x00000000       0xc4 /usr/lib/gcc/msp430/4.6.3/../../../../msp430/lib/mcpu-430x/mmpy-16/libc.a(strncmp.o)
                                 0xfd (size before relaxing)
 .debug_str     0x000000c4       0x19 /usr/lib/gcc/msp430/4.6.3/../../../../msp430/lib/mcpu-430x/mmpy-16/libc.a(memcmp.o)