Archive member included because of file (symbol)

contiki-z1.a(contiki-z1-plat)
                              obj_z1/contiki-z1-main.o (init_platform)
contiki-z1.a(msp430.o)        obj_z1/contiki-z1-main.o (splhigh_)
contiki-z1.a(leds.o)          obj_z1/contiki-z1-main.o (leds_init)
contiki-z1.a(watchdog.o)      obj_z1/contiki-z1-main.o (watchdog_start)
contiki-z1.a(xmem.o)          obj_z1/contiki-z1-main.o (xmem_init)
contiki-z1.a(spi.o)           contiki-z1.a(xmem.o) (spi_init)
contiki-z1.a(cc2420.o)        obj_z1/contiki-z1-main.o (cc2420_set_pan_addr)
contiki-z1.a(cc2420-arch.o)   contiki-z1.a(cc2420.o) (cc2420_arch_init)
contiki-z1.a(node-id.o)       obj_z1/contiki-z1-main.o (node_id_restore)
contiki-z1.a(sensors.o)       udp-server.co (sensors_event)
contiki-z1.a(button-sensor.o)
                              udp-server.co (button_sensor)
contiki-z1.a(uart0.o)         obj_z1/contiki-z1-main.o (uart0_active)
contiki-z1.a(uart0-putchar.o)
                              udp-server.co (putchar)
contiki-z1.a(adxl345.o)       obj_z1/contiki-z1-main.o (accm_init)
contiki-z1.a(clock.o)         obj_z1/contiki-z1-main.o (clock_init)
contiki-z1.a(leds-arch.o)     contiki-z1.a(leds.o) (leds_arch_init)
contiki-z1.a(rtimer-arch.o)   obj_z1/contiki-z1-main.o (rtimer_arch_now)
contiki-z1.a(autostart.o)     obj_z1/contiki-z1-main.o (autostart_start)
contiki-z1.a(ctimer.o)        obj_z1/contiki-z1-main.o (ctimer_init)
contiki-z1.a(energest.o)      obj_z1/contiki-z1-main.o (energest_init)
contiki-z1.a(etimer.o)        contiki-z1.a(clock.o) (etimer_request_poll)
contiki-z1.a(process.o)       udp-server.co (process_current)
contiki-z1.a(rtimer.o)        obj_z1/contiki-z1-main.o (rtimer_init)
contiki-z1.a(timer.o)         contiki-z1.a(button-sensor.o) (timer_set)
contiki-z1.a(list.o)          contiki-z1.a(ctimer.o) (list_init)
contiki-z1.a(sicslowpan.o)    obj_z1/contiki-z1-main.o (sicslowpan_driver)
contiki-z1.a(uip6.o)          udp-server.co (uip_aligned_buf)
contiki-z1.a(uip-ds6.o)       contiki-z1.a(uip6.o) (uip_ds6_is_addr_onlink)
contiki-z1.a(uip-ds6-nbr.o)   contiki-z1.a(uip-ds6.o) (uip_ds6_neighbors_init)
contiki-z1.a(uip-ds6-route.o)
                              contiki-z1.a(uip-ds6.o) (uip_ds6_route_init)
contiki-z1.a(uip-icmp6.o)     contiki-z1.a(uip6.o) (uip_icmp6_input)
contiki-z1.a(uip-nd6.o)       contiki-z1.a(uip-ds6-nbr.o) (uip_nd6_ns_output)
contiki-z1.a(tcpip.o)         contiki-z1.a(sicslowpan.o) (tcpip_set_outputfunc)
contiki-z1.a(uip-debug.o)     udp-server.co (uip_debug_ipaddr_print)
contiki-z1.a(rpl.o)           contiki-z1.a(uip-ds6-nbr.o) (rpl_link_neighbor_callback)
contiki-z1.a(rpl-dag.o)       contiki-z1.a(rpl.o) (default_instance)
contiki-z1.a(rpl-ext-header.)
                              contiki-z1.a(uip6.o) (rpl_verify_header)
contiki-z1.a(rpl-icmp6.o)     udp-server.co (count)
contiki-z1.a(rpl-mrhof.o)     contiki-z1.a(rpl.o) (rpl_mrhof)
contiki-z1.a(rpl-timers.o)    contiki-z1.a(rpl.o) (rpl_reset_periodic_timer)
contiki-z1.a(linkaddr.o)      obj_z1/contiki-z1-main.o (linkaddr_copy)
contiki-z1.a(nbr-table.o)     contiki-z1.a(uip-ds6-nbr.o) (nbr_table_register)
contiki-z1.a(packetbuf.o)     contiki-z1.a(cc2420.o) (packetbuf_set_datalen)
contiki-z1.a(queuebuf.o)      obj_z1/contiki-z1-main.o (queuebuf_init)
contiki-z1.a(csma.o)          udp-server.co (csma_driver)
contiki-z1.a(framer-802154.o)
                              contiki-z1.a(sicslowpan.o) (framer_802154)
contiki-z1.a(framer.o)        contiki-z1.a(framer-802154.o) (framer_canonical_create_and_secure)
contiki-z1.a(mac.o)           contiki-z1.a(csma.o) (mac_call_sent_callback)
contiki-z1.a(contikimac.o)    obj_z1/contiki-z1-main.o (contikimac_driver)
contiki-z1.a(nullsec.o)       contiki-z1.a(sicslowpan.o) (nullsec_driver)
contiki-z1.a(powertrace.o)    udp-server.co (powertrace_start)
contiki-z1.a(i2cmaster.o)     contiki-z1.a(adxl345.o) (i2c_receiveinit)
contiki-z1.a(compower.o)      contiki-z1.a(powertrace.o) (compower_idle_activity)
contiki-z1.a(stimer.o)        contiki-z1.a(uip-ds6.o) (stimer_set)
contiki-z1.a(memb.o)          contiki-z1.a(uip-ds6-route.o) (memb_init)
contiki-z1.a(random.o)        contiki-z1.a(uip-ds6.o) (random_rand)
contiki-z1.a(frame802154.o)   contiki-z1.a(framer-802154.o) (frame802154_hdrlen)
contiki-z1.a(mac-sequence.o)  contiki-z1.a(contikimac.o) (mac_sequence_is_duplicate)
/usr/lib/gcc/msp430/4.6.3/mcpu-430x/mmpy-16/libgcc.a(_mulsi3.o)
                              contiki-z1.a(rpl.o) (__mulsi3)
/usr/lib/gcc/msp430/4.6.3/mcpu-430x/mmpy-16/libgcc.a(_udivmod16.o)
                              contiki-z1.a(rpl-dag.o) (__udivhi3)
/usr/lib/gcc/msp430/4.6.3/mcpu-430x/mmpy-16/libgcc.a(_divmod16.o)
                              contiki-z1.a(sicslowpan.o) (__divhi3)
/usr/lib/gcc/msp430/4.6.3/mcpu-430x/mmpy-16/libgcc.a(_udivmod32.o)
                              obj_z1/contiki-z1-main.o (__udivsi3)
/usr/lib/gcc/msp430/4.6.3/../../../../msp430/lib/mcpu-430x/mmpy-16/libc.a(strncmp.o)
[...]
Memory Configuration

Name             Origin             Length             Attributes
sfr              0x00000000         0x00000010
peripheral_8bit  0x00000010         0x000000f0
peripheral_16bit 0x00000100         0x00000100
ram_mirror       0x00000200         0x00000800         xw
infomem          0x00001000         0x00000100
infod            0x00001000         0x00000040
infoc            0x00001040         0x00000040
infob            0x00001080         0x00000040
infoa            0x000010c0         0x00000040
ram              0x00001100         0x00002000         xw
rom              0x00003100         0x0000cebe         xr
vectors          0x0000ffc0         0x00000040
far_rom          0x00010000         0x0000a000
bsl              0x00000000         0x00000000
ram2             0x00000000         0x00000000         xw
usbram           0x00000000         0x00000000         xw
*default*        0x00000000         0xffffffff

Linker script and memory map

LOAD /usr/lib/gcc/msp430/4.6.3/mcpu-430x/mmpy-16/crt0ivtbl32.o
                0x00000041                __P1SEL2 = 0x41
                0x00000045                __P5SEL2 = 0x45
LOAD udp-server.co
LOAD obj_z1/contiki-z1-main.o
LOAD contiki-z1.a
LOAD /usr/lib/gcc/msp430/4.6.3/mcpu-430x/mmpy-16/libgcc.a
LOAD /usr/lib/gcc/msp430/4.6.3/../../../../msp430/lib/mcpu-430x/mmpy-16/libc.a
LOAD /usr/lib/gcc/msp430/4.6.3/mcpu-430x/mmpy-16/libgcc.a
LOAD /usr/lib/gcc/msp430/4.6.3/mcpu-430x/mmpy-16/libcrt0.a
                0x00000040                PROVIDE (__info_segment_size, 0x40)
                0x00001000                PROVIDE (__infod, 0x1000)
                0x00001040                PROVIDE (__infoc, 0x1040)
                0x00001080                PROVIDE (__infob, 0x1080)
                0x000010c0                PROVIDE (__infoa, 0x10c0)
                0x00000000                __IE1 = 0x0
                0x00000002                __IFG1 = 0x2
                0x00000001                __IE2 = 0x1
                0x00000003                __IFG2 = 0x3
                0x00000006                __UC1IE = 0x6
                0x00000007                __UC1IFG = 0x7
                0x000001a0                __ADC12CTL0 = 0x1a0
                0x000001a2                __ADC12CTL1 = 0x1a2
                0x000001a4                __ADC12IFG = 0x1a4
                0x000001a6                __ADC12IE = 0x1a6
                0x000001a8                __ADC12IV = 0x1a8
                0x00000140                __ADC12MEM0 = 0x140
                0x00000142                __ADC12MEM1 = 0x142
                0x00000144                __ADC12MEM2 = 0x144
                0x00000146                __ADC12MEM3 = 0x146
                0x00000148                __ADC12MEM4 = 0x148
                0x0000014a                __ADC12MEM5 = 0x14a
                0x0000014c                __ADC12MEM6 = 0x14c
                0x0000014e                __ADC12MEM7 = 0x14e
                0x00000150                __ADC12MEM8 = 0x150
                0x00000152                __ADC12MEM9 = 0x152
                0x00000154                __ADC12MEM10 = 0x154
                0x00000156                __ADC12MEM11 = 0x156
                0x00000158                __ADC12MEM12 = 0x158
                0x0000015a                __ADC12MEM13 = 0x15a
                0x0000015c                __ADC12MEM14 = 0x15c
                0x0000015e                __ADC12MEM15 = 0x15e
                0x00000080                __ADC12MCTL0 = 0x80
                0x00000081                __ADC12MCTL1 = 0x81
                0x00000082                __ADC12MCTL2 = 0x82
                0x00000083                __ADC12MCTL3 = 0x83
                0x00000084                __ADC12MCTL4 = 0x84
                0x00000085                __ADC12MCTL5 = 0x85
                0x00000086                __ADC12MCTL6 = 0x86
                0x00000087                __ADC12MCTL7 = 0x87
                0x00000088                __ADC12MCTL8 = 0x88
                0x00000089                __ADC12MCTL9 = 0x89
                0x0000008a                __ADC12MCTL10 = 0x8a
                0x0000008b                __ADC12MCTL11 = 0x8b
                0x0000008c                __ADC12MCTL12 = 0x8c
                0x0000008d                __ADC12MCTL13 = 0x8d
                0x0000008e                __ADC12MCTL14 = 0x8e
                0x0000008f                __ADC12MCTL15 = 0x8f
                0x00000056                __DCOCTL = 0x56
                0x00000057                __BCSCTL1 = 0x57
                0x00000058                __BCSCTL2 = 0x58
                0x00000053                __BCSCTL3 = 0x53
                0x00000059                __CACTL1 = 0x59
                0x0000005a                __CACTL2 = 0x5a
                0x0000005b                __CAPD = 0x5b
                0x000001c0                __DAC12_0CTL = 0x1c0
                0x000001c2                __DAC12_1CTL = 0x1c2
                0x000001c8                __DAC12_0DAT = 0x1c8
                0x000001ca                __DAC12_1DAT = 0x1ca
                0x00000122                __DMACTL0 = 0x122
                0x00000124                __DMACTL1 = 0x124
                0x00000126                __DMAIV = 0x126
                0x000001d0                __DMA0CTL = 0x1d0
                0x000001dc                __DMA1CTL = 0x1dc
                0x000001e8                __DMA2CTL = 0x1e8
                0x000001d2                __DMA0SA = 0x1d2
                0x000001d2                __DMA0SAL = 0x1d2
                0x000001d6                __DMA0DA = 0x1d6
                0x000001d6                __DMA0DAL = 0x1d6
                0x000001da                __DMA0SZ = 0x1da
                0x000001de                __DMA1SA = 0x1de
                0x000001de                __DMA1SAL = 0x1de
                0x000001e2                __DMA1DA = 0x1e2
                0x000001e2                __DMA1DAL = 0x1e2
                0x000001e6                __DMA1SZ = 0x1e6
                0x000001ea                __DMA2SA = 0x1ea
                0x000001ea                __DMA2SAL = 0x1ea
                0x000001ee                __DMA2DA = 0x1ee
                0x000001ee                __DMA2DAL = 0x1ee
                0x000001f2                __DMA2SZ = 0x1f2
                0x00000128                __FCTL1 = 0x128
                0x0000012a                __FCTL2 = 0x12a
                0x0000012c                __FCTL3 = 0x12c
                0x000001be                __FCTL4 = 0x1be
                0x00000130                __MPY = 0x130
                0x00000132                __MPYS = 0x132
                0x00000134                __MAC = 0x134
                0x00000136                __MACS = 0x136
                0x00000138                __OP2 = 0x138
                0x0000013a                __RESLO = 0x13a
                0x0000013c                __RESHI = 0x13c
                0x0000013e                __SUMEXT = 0x13e
                0x00000020                __P1IN = 0x20
                0x00000021                __P1OUT = 0x21
                0x00000022                __P1DIR = 0x22
                0x00000023                __P1IFG = 0x23
                0x00000024                __P1IES = 0x24
                0x00000025                __P1IE = 0x25
                0x00000026                __P1SEL = 0x26
                0x00000027                __P1REN = 0x27
                0x00000028                __P2IN = 0x28
                0x00000029                __P2OUT = 0x29
                0x0000002a                __P2DIR = 0x2a
                0x0000002b                __P2IFG = 0x2b
                0x0000002c                __P2IES = 0x2c
                0x0000002d                __P2IE = 0x2d
                0x0000002e                __P2SEL = 0x2e
                0x0000002f                __P2REN = 0x2f
                0x00000018                __P3IN = 0x18
                0x00000019                __P3OUT = 0x19
                0x0000001a                __P3DIR = 0x1a
                0x0000001b                __P3SEL = 0x1b
                0x00000010                __P3REN = 0x10
                0x0000001c                __P4IN = 0x1c
                0x0000001d                __P4OUT = 0x1d
                0x0000001e                __P4DIR = 0x1e
                0x0000001f                __P4SEL = 0x1f
                0x00000011                __P4REN = 0x11
                0x00000030                __P5IN = 0x30
                0x00000031                __P5OUT = 0x31
                0x00000032                __P5DIR = 0x32
                0x00000033                __P5SEL = 0x33
                0x00000012                __P5REN = 0x12
                0x00000034                __P6IN = 0x34
                0x00000035                __P6OUT = 0x35
                0x00000036                __P6DIR = 0x36
                0x00000037                __P6SEL = 0x37
                0x00000013                __P6REN = 0x13
                0x00000038                __P7IN = 0x38
                0x0000003a                __P7OUT = 0x3a
                0x0000003c                __P7DIR = 0x3c
                0x0000003e                __P7SEL = 0x3e
                0x00000014                __P7REN = 0x14
                0x00000039                __P8IN = 0x39
                0x0000003b                __P8OUT = 0x3b
                0x0000003d                __P8DIR = 0x3d
                0x0000003f                __P8SEL = 0x3f
                0x00000015                __P8REN = 0x15
                0x00000038                __PAIN = 0x38
                0x0000003a                __PAOUT = 0x3a
                0x0000003c                __PADIR = 0x3c
                0x0000003e                __PASEL = 0x3e
                0x00000014                __PAREN = 0x14
                0x00000055                __SVSCTL = 0x55
                0x0000012e                __TAIV = 0x12e
                0x00000160                __TACTL = 0x160
                0x00000162                __TACCTL0 = 0x162
                0x00000164                __TACCTL1 = 0x164
                0x00000166                __TACCTL2 = 0x166
                0x00000170                __TAR = 0x170
                0x00000172                __TACCR0 = 0x172
                0x00000174                __TACCR1 = 0x174
                0x00000176                __TACCR2 = 0x176
                0x0000011e                __TBIV = 0x11e
                0x00000180                __TBCTL = 0x180
                0x00000182                __TBCCTL0 = 0x182
                0x00000184                __TBCCTL1 = 0x184
                0x00000186                __TBCCTL2 = 0x186
                0x00000188                __TBCCTL3 = 0x188
                0x0000018a                __TBCCTL4 = 0x18a
                0x0000018c                __TBCCTL5 = 0x18c
                0x0000018e                __TBCCTL6 = 0x18e
                0x00000190                __TBR = 0x190
                0x00000192                __TBCCR0 = 0x192
                0x00000194                __TBCCR1 = 0x194
                0x00000196                __TBCCR2 = 0x196
                0x00000198                __TBCCR3 = 0x198
                0x0000019a                __TBCCR4 = 0x19a
                0x0000019c                __TBCCR5 = 0x19c
                0x0000019e                __TBCCR6 = 0x19e
                0x00000060                __UCA0CTL0 = 0x60
                0x00000061                __UCA0CTL1 = 0x61
                0x00000062                __UCA0BR0 = 0x62
                0x00000063                __UCA0BR1 = 0x63
                0x00000064                __UCA0MCTL = 0x64
                0x00000065                __UCA0STAT = 0x65
                0x00000066                __UCA0RXBUF = 0x66
                0x00000067                __UCA0TXBUF = 0x67
                0x0000005d                __UCA0ABCTL = 0x5d
                0x0000005e                __UCA0IRTCTL = 0x5e
                0x0000005f                __UCA0IRRCTL = 0x5f
                0x00000068                __UCB0CTL0 = 0x68
                0x00000069                __UCB0CTL1 = 0x69
                0x0000006a                __UCB0BR0 = 0x6a
                0x0000006b                __UCB0BR1 = 0x6b
                0x0000006c                __UCB0I2CIE = 0x6c
                0x0000006d                __UCB0STAT = 0x6d
                0x0000006e                __UCB0RXBUF = 0x6e
                0x0000006f                __UCB0TXBUF = 0x6f
                0x00000118                __UCB0I2COA = 0x118
                0x0000011a                __UCB0I2CSA = 0x11a
                0x000000d0                __UCA1CTL0 = 0xd0
                0x000000d1                __UCA1CTL1 = 0xd1
                0x000000d2                __UCA1BR0 = 0xd2
                0x000000d3                __UCA1BR1 = 0xd3
                0x000000d4                __UCA1MCTL = 0xd4
                0x000000d5                __UCA1STAT = 0xd5
                0x000000d6                __UCA1RXBUF = 0xd6
                0x000000d7                __UCA1TXBUF = 0xd7
                0x000000cd                __UCA1ABCTL = 0xcd
                0x000000ce                __UCA1IRTCTL = 0xce
                0x000000cf                __UCA1IRRCTL = 0xcf
                0x000000d8                __UCB1CTL0 = 0xd8
                0x000000d9                __UCB1CTL1 = 0xd9
                0x000000da                __UCB1BR0 = 0xda
                0x000000db                __UCB1BR1 = 0xdb
                0x000000dc                __UCB1I2CIE = 0xdc
                0x000000dd                __UCB1STAT = 0xdd
                0x000000de                __UCB1RXBUF = 0xde
                0x000000df                __UCB1TXBUF = 0xdf
                0x0000017c                __UCB1I2COA = 0x17c
                0x0000017e                __UCB1I2CSA = 0x17e
                0x00000120                __WDTCTL = 0x120
                0x000010c0                __TLV_CHECKSUM = 0x10c0
                0x000010f6                __TLV_DCO_30_TAG = 0x10f6
                0x000010f7                __TLV_DCO_30_LEN = 0x10f7
                0x000010da                __TLV_ADC12_1_TAG = 0x10da
                0x000010db                __TLV_ADC12_1_LEN = 0x10db
                0x000010f8                __CALDCO_16MHZ = 0x10f8
                0x000010f9                __CALBC1_16MHZ = 0x10f9
                0x000010fa                __CALDCO_12MHZ = 0x10fa
                0x000010fb                __CALBC1_12MHZ = 0x10fb
                0x000010fc                __CALDCO_8MHZ = 0x10fc
                0x000010fd                __CALBC1_8MHZ = 0x10fd
                0x000010fe                __CALDCO_1MHZ = 0x10fe
                0x000010ff                __CALBC1_1MHZ = 0x10ff

.hash
 *(.hash)

.dynsym
 *(.dynsym)

.dynstr
 *(.dynstr)

.gnu.version
 *(.gnu.version)

.gnu.version_d
 *(.gnu.version_d)

.gnu.version_r
 *(.gnu.version_r)

.rel.init
 *(.rel.init)

.rela.init
 *(.rela.init)

.rel.fini
 *(.rel.fini)

.rela.fini
 *(.rela.fini)

.rel.text
 *(.rel.text .rel.text.* .rel.gnu.linkonce.t.*)

.rela.text
 *(.rela.text .rela.text.* .rela.gnu.linkonce.t.*)

.rel.rodata
 *(.rel.rodata .rel.rodata.* .rel.gnu.linkonce.r.*)

.rela.rodata
 *(.rela.rodata .rela.rodata.* .rela.gnu.linkonce.r.*)

.rel.data
 *(.rel.data .rel.data.* .rel.gnu.linkonce.d.*)

.rela.data
 *(.rela.data .rela.data.* .rela.gnu.linkonce.d.*)

.rel.bss
 *(.rel.bss .rel.bss.* .rel.gnu.linkonce.b.*)

.rela.bss
 *(.rela.bss .rela.bss.* .rela.gnu.linkonce.b.*)

.rel.ctors
 *(.rel.ctors)

.rela.ctors
 *(.rela.ctors)

.rel.dtors
 *(.rel.dtors)

.rela.dtors
 *(.rela.dtors)

.rel.got
 *(.rel.got)

.rela.got
 *(.rela.got)

.rel.plt
 *(.rel.plt)

.rela.plt
 *(.rela.plt)

.text           0x00003100     0xc4ec
                0x00003100                . = ALIGN (0x2)
 *(.init .init.*)
 *(.init0)
 .init0         0x00003100        0x0 /usr/lib/gcc/msp430/4.6.3/mcpu-430x/mmpy-16/libcrt0.a(_reset_vector__.o)
                0x00003100                _reset_vector__
 *(.init1)
 .init1         0x00003100        0xc /usr/lib/gcc/msp430/4.6.3/mcpu-430x/mmpy-16/libcrt0.a(__watchdog_support.o)
                0x00003100                __watchdog_support
 *(.init2)
 .init2         0x0000310c        0x4 /usr/lib/gcc/msp430/4.6.3/mcpu-430x/mmpy-16/libcrt0.a(__init_stack.o)
                0x0000310c                __init_stack
 *(.init3)
 .init3         0x00003110        0x0 /usr/lib/gcc/msp430/4.6.3/mcpu-430x/mmpy-16/libcrt0.a(__low_level_init.o)
                0x00003110                __low_level_init
 *(.init4)
 .init4         0x00003110       0x18 /usr/lib/gcc/msp430/4.6.3/mcpu-430x/mmpy-16/libcrt0.a(_copy_data.o)
                0x00003110                __do_copy_data
 .init4         0x00003128       0x16 /usr/lib/gcc/msp430/4.6.3/mcpu-430x/mmpy-16/libcrt0.a(_clear_bss.o)
                0x00003128                __do_clear_bss
 *(.init5)
 *(.init6)
 *(.init7)
 *(.init8)
 *(.init9)
 .init9         0x0000313e      0x35c obj_z1/contiki-z1-main.o
                0x0000313e                main
 *(.fini9)
 .fini9         0x0000349a        0x0 /usr/lib/gcc/msp430/4.6.3/mcpu-430x/mmpy-16/libcrt0.a(__stop_progExec__.o)
                0x0000349a                __stop_progExec__
 *(.fini8)
 *(.fini7)
 *(.fini6)
 *(.fini5)
 *(.fini4)
 *(.fini3)
 *(.fini2)
 *(.fini1)
 *(.fini0)
 .fini0         0x0000349a        0x6 /usr/lib/gcc/msp430/4.6.3/mcpu-430x/mmpy-16/libcrt0.a(_endless_loop__.o)
                0x0000349a                _endless_loop__
 *(.fini .fini.*)
                0x000034a0                . = ALIGN (0x2)
                0x000034a0                __ctors_start = .
 *(.ctors)
                0x000034a0                __ctors_end = .
                0x000034a0                __dtors_start = .
 *(.dtors)
                0x000034a0                __dtors_end = .
                0x000034a0                . = ALIGN (0x2)
 *(.text .text.* .gnu.linkonce.t.*)
 .text          0x000034a0        0x4 /usr/lib/gcc/msp430/4.6.3/mcpu-430x/mmpy-16/crt0ivtbl32.o
                0x000034a0                __isr_14
                0x000034a0                __isr_4
                0x000034a0                __isr_29
                0x000034a0                __isr_11
                0x000034a0                __isr_5
                0x000034a0                __isr_2
                0x000034a0                __isr_10
                0x000034a0                __isr_7
                0x000034a0                __isr_0
                0x000034a0                __isr_28
                0x000034a0                __isr_8
                0x000034a0                __isr_20
                0x000034a0                __isr_3
                0x000034a0                __isr_12
                0x000034a0                __isr_13
                0x000034a0                __isr_27
                0x000034a0                __isr_9
                0x000034a0                __isr_30
                0x000034a0                __isr_6
                0x000034a0                __isr_22
                0x000034a0                __isr_1
                0x000034a0                __isr_15
                0x000034a0                __isr_21
 .text.crt0     0x000034a4        0x0 /usr/lib/gcc/msp430/4.6.3/mcpu-430x/mmpy-16/crt0ivtbl32.o
 .text          0x000034a4      0x350 udp-server.co
 .text          0x000037f4        0x6 obj_z1/contiki-z1-main.o
                0x000037f4                uip_log
 .text          0x000037fa        0xc contiki-z1.a(contiki-z1-plat)
                0x000037fa                init_platform
 .text          0x00003806       0xcc contiki-z1.a(msp430.o)
                0x00003806                msp430_init_dco
                0x0000382e                splhigh_
                0x00003836                msp430_sync_dco
                0x000038a8                msp430_cpu_init
 .text          0x000038d2      0x146 contiki-z1.a(leds.o)
                0x000039c0                leds_init
                0x000039ca                leds_get
                0x000039d0                leds_set
                0x000039d6                leds_on
                0x000039e0                leds_off
                0x000039ee                leds_toggle
                0x000039f8                leds_blink
 .text          0x00003a18       0x5c contiki-z1.a(watchdog.o)
                0x00003a18                __isr_26
                0x00003a18                watchdog_interrupt
                0x00003a1e                watchdog_start
                0x00003a32                watchdog_periodic
                0x00003a44                watchdog_stop
                0x00003a5a                watchdog_init
                0x00003a6e                watchdog_reboot
 .text          0x00003a74      0x350 contiki-z1.a(xmem.o)
                0x00003aec                xmem_init
                0x00003b0a                xmem_pread
                0x00003bda                xmem_pwrite
                0x00003d0e                xmem_erase
 .text          0x00003dc4       0x38 contiki-z1.a(spi.o)
                0x00003dc4                spi_init
 .text          0x00003dfc      0xa12 contiki-z1.a(cc2420.o)
                0x0000418c                cc2420_on
                0x000041ae                cc2420_off
                0x000043c0                cc2420_get_channel
                0x000043c6                cc2420_set_channel
                0x00004400                cc2420_set_pan_addr
                0x0000444c                cc2420_interrupt
                0x00004464                cc2420_set_txpower
                0x00004472                cc2420_get_txpower
                0x000045a8                cc2420_rssi
                0x00004696                cc2420_set_cca_threshold
                0x00004730                cc2420_init
 .text          0x0000480e       0x1a contiki-z1.a(cc2420-arch.o)
                0x0000480e                cc2420_arch_init
 .text          0x00004828       0x9a contiki-z1.a(node-id.o)
                0x00004828                node_id_restore
                0x00004874                node_id_burn
 .text          0x000048c2      0x158 contiki-z1.a(sensors.o)
                0x00004980                sensors_first
                0x00004986                sensors_next
                0x000049b2                sensors_changed
                0x000049dc                sensors_find
 .text          0x00004a1a      0x100 contiki-z1.a(button-sensor.o)
                0x00004aa4                irq_p2
                0x00004aa4                __isr_19
 .text          0x00004b1a       0xd8 contiki-z1.a(uart0.o)
                0x00004b1a                uart0_active
                0x00004b28                uart0_set_input
                0x00004b2e                uart0_writeb
                0x00004b46                uart0_init
                0x00004b8c                __isr_23
                0x00004b8c                uart0_rx_interrupt
 .text          0x00004bf2       0x10 contiki-z1.a(uart0-putchar.o)
                0x00004bf2                putchar
 .text          0x00004c02      0x318 contiki-z1.a(adxl345.o)
                0x00004c02                accm_write_reg
                0x00004c30                accm_write_stream
                0x00004c5a                accm_read_reg
                0x00004d04                accm_read_stream
                0x00004d56                accm_read_axis
                0x00004d7c                accm_set_grange
                0x00004da0                accm_init
                0x00004e2a                accm_set_irq
                0x00004e56                port1_isr
                0x00004e56                __isr_18
 .text          0x00004f1a      0x1e8 contiki-z1.a(clock.o)
                0x00004f1a                __isr_24
                0x00004f1a                timera1
                0x00005024                clock_time
                0x0000503e                clock_set
                0x00005054                clock_fine_max
                0x0000505a                clock_fine
                0x00005066                clock_init
                0x0000508e                clock_delay
                0x0000509a                clock_wait
                0x000050c2                clock_set_seconds
                0x000050da                clock_seconds
                0x000050f4                clock_counter
 .text          0x00005102       0x78 contiki-z1.a(leds-arch.o)
                0x00005102                leds_arch_init
                0x00005110                leds_arch_get
                0x00005140                leds_arch_set
 .text          0x0000517a       0x7e contiki-z1.a(rtimer-arch.o)
                0x0000517a                rtimer_arch_init
                0x00005188                rtimer_arch_now
                0x00005196                __isr_25
                0x00005196                timera0
                0x000051f2                rtimer_arch_schedule
 .text          0x000051f8       0x2a contiki-z1.a(autostart.o)
                0x000051f8                autostart_start
                0x0000520e                autostart_exit
 .text          0x00005222      0x1ae contiki-z1.a(ctimer.o)
                0x000052be                ctimer_init
                0x000052d6                ctimer_set
                0x0000531e                ctimer_reset
                0x0000534a                ctimer_restart
                0x00005376                ctimer_stop
                0x0000539e                ctimer_expired
 .text          0x000053d0       0xae contiki-z1.a(energest.o)
                0x000053d0                energest_init
                0x000053f8                energest_type_time
                0x00005434                energest_leveldevice_leveltime
                0x0000543a                energest_type_set
                0x00005446                energest_flush
 .text          0x0000547e      0x252 contiki-z1.a(etimer.o)
                0x000054ee                etimer_request_poll
                0x000055f8                etimer_set
                0x0000560a                etimer_reset
                0x0000561c                etimer_restart
                0x0000562e                etimer_adjust
                0x00005648                etimer_expired
                0x00005656                etimer_expiration_time
                0x0000566a                etimer_start_time
                0x00005672                etimer_pending
                0x0000567e                etimer_next_expiration_time
                0x00005694                etimer_stop
 .text          0x000056d0      0x2a0 contiki-z1.a(process.o)
                0x000057d0                process_alloc_event
                0x000057de                process_exit
                0x000057e8                process_init
                0x00005804                process_run
                0x000058a8                process_nevents
                0x000058b6                process_post
                0x00005906                process_post_synch
                0x00005918                process_start
                0x0000594a                process_poll
                0x00005962                process_is_running
 .text          0x00005970       0x50 contiki-z1.a(rtimer.o)
                0x00005970                rtimer_init
                0x00005976                rtimer_set
                0x0000599a                rtimer_run_next
 .text          0x000059c0       0x8c contiki-z1.a(timer.o)
                0x000059c0                timer_set
                0x000059dc                timer_reset
                0x000059ea                timer_restart
                0x000059fe                timer_expired
                0x00005a28                timer_remaining
 .text          0x00005a4c       0xf6 contiki-z1.a(list.o)
                0x00005a4c                list_init
                0x00005a52                list_head
                0x00005a56                list_copy
                0x00005a5c                list_tail
                0x00005a6e                list_chop
                0x00005a92                list_pop
                0x00005aa0                list_remove
                0x00005ad4                list_push
                0x00005aea                list_add
                0x00005b10                list_length
                0x00005b20                list_insert
                0x00005b36                list_item_next
 .text          0x00005b42      0xefc contiki-z1.a(sicslowpan.o)
                0x000062ea                sicslowpan_init
                0x00006a2c                rime_sniffer_add
                0x00006a32                rime_sniffer_remove
                0x00006a38                sicslowpan_get_last_rssi
 .text          0x00006a3e     0x138a contiki-z1.a(uip6.o)
                0x00006b92                uip_add32
                0x00006bf6                uip_chksum
                0x00006c0e                uip_icmp6chksum
                0x00006c18                uip_tcpchksum
                0x00006c22                uip_udpchksum
                0x00006c2c                uip_init
                0x00006c8e                uip_connect
                0x00006daa                remove_ext_hdr
                0x00006e00                uip_udp_new
                0x00006ec4                uip_unlisten
                0x00006eee                uip_listen
                0x00006f1a                uip_process
                0x00007d2a                uip_htons
                0x00007d36                uip_htonl
                0x00007d60                uip_send
 .text.unlikely
                0x00007dc8       0x2e contiki-z1.a(uip6.o)
 .text          0x00007df6      0x68c contiki-z1.a(uip-ds6.o)
                0x00007df6                uip_ds6_list_loop
                0x00007e5c                uip_ds6_prefix_add
                0x00007ecc                uip_ds6_prefix_rm
                0x00007ed6                uip_ds6_prefix_lookup
                0x00007efe                uip_ds6_is_addr_onlink
                0x00007f40                uip_ds6_addr_lookup
                0x00007f6a                uip_ds6_get_link_local
                0x00007fa8                uip_ds6_get_global
                0x00007fe6                uip_ds6_maddr_add
                0x0000802e                uip_ds6_addr_add
                0x000080e2                uip_ds6_maddr_rm
                0x000080ec                uip_ds6_maddr_lookup
                0x00008116                uip_ds6_addr_rm
                0x0000816a                uip_ds6_periodic
                0x000081b4                uip_ds6_aaddr_add
                0x000081fa                uip_ds6_aaddr_rm
                0x00008204                uip_ds6_aaddr_lookup
                0x0000822c                uip_ds6_set_addr_iid
                0x00008240                get_match_length
                0x0000827a                uip_ds6_select_src
                0x00008314                uip_ds6_compute_reachable_time
                0x0000834a                uip_ds6_init
 .text          0x00008482      0x29e contiki-z1.a(uip-ds6-nbr.o)
                0x00008482                uip_ds6_nbr_rm
                0x0000849c                uip_ds6_neighbors_init
                0x000084aa                uip_ds6_nbr_add
                0x000084fe                uip_ds6_nbr_get_ipaddr
                0x00008500                uip_ds6_nbr_get_ll
                0x0000850c                uip_ds6_nbr_num
                0x00008530                uip_ds6_nbr_lookup
                0x0000856e                uip_ds6_nbr_ll_lookup
                0x0000857a                uip_ds6_nbr_ipaddr_from_lladdr
                0x00008580                uip_ds6_nbr_lladdr_from_ipaddr
                0x00008592                uip_ds6_link_neighbor_callback
                0x000085b8                uip_ds6_neighbor_periodic
                0x000086d4                uip_ds6_get_least_lifetime_neighbor
 .text          0x00008720      0x472 contiki-z1.a(uip-ds6-route.o)
                0x00008760                uip_ds6_notification_add
                0x00008778                uip_ds6_notification_rm
                0x00008784                uip_ds6_route_init
                0x000087ba                uip_ds6_route_nexthop
                0x000087d4                uip_ds6_route_head
                0x000087de                uip_ds6_route_next
                0x000087ec                uip_ds6_route_num_routes
                0x000087f2                uip_ds6_route_lookup
                0x00008860                uip_ds6_route_rm
                0x0000893a                uip_ds6_route_add
                0x00008a32                uip_ds6_route_rm_by_nexthop
                0x00008a46                uip_ds6_defrt_rm
                0x00008a8a                uip_ds6_defrt_lookup
                0x00008abc                uip_ds6_defrt_add
                0x00008b24                uip_ds6_defrt_choose
                0x00008b5a                uip_ds6_defrt_periodic
 .text          0x00008b92      0x4a0 contiki-z1.a(uip-icmp6.o)
                0x00008dc4                uip_icmp6_input
                0x00008e04                uip_icmp6_register_input_handler
                0x00008e10                uip_icmp6_error_output
                0x00008f76                uip_icmp6_send
                0x00008ffc                uip_icmp6_echo_reply_callback_add
                0x00009014                uip_icmp6_echo_reply_callback_rm
                0x00009020                uip_icmp6_init
 .text          0x00009032      0x556 contiki-z1.a(uip-nd6.o)
                0x00009422                uip_nd6_ns_output
                0x00009576                uip_nd6_init
 .text          0x00009588      0x4ca contiki-z1.a(tcpip.o)
                0x0000959e                tcpip_output
                0x000095ae                tcpip_set_outputfunc
                0x000095b4                tcp_unlisten
                0x000095e6                tcp_listen
                0x0000961a                tcp_attach
                0x00009626                udp_attach
                0x00009632                udp_new
                0x0000964c                udp_broadcast_new
                0x00009692                tcpip_input
                0x000096a8                tcpip_ipv6_output
                0x000099a2                tcpip_poll_udp
                0x000099b0                tcpip_poll_tcp
                0x000099be                tcp_connect
                0x000099e0                tcpip_uipcall
 .text          0x00009a52       0xac contiki-z1.a(uip-debug.o)
                0x00009a52                uip_debug_ipaddr_print
                0x00009ac2                uip_debug_lladdr_print
 .text          0x00009afe      0x254 contiki-z1.a(rpl.o)
                0x00009afe                rpl_get_mode
                0x00009b04                rpl_set_mode
                0x00009b40                rpl_purge_routes
                0x00009bd6                rpl_remove_routes
                0x00009bf8                rpl_remove_routes_by_nexthop
                0x00009c36                rpl_add_route
                0x00009c76                rpl_link_neighbor_callback
                0x00009cea                rpl_ipv6_neighbor_callback
                0x00009d08                rpl_init
 .text          0x00009d52      0xfc8 contiki-z1.a(rpl-dag.o)
                0x00009eba                rpl_get_nbr
                0x00009ed8                rpl_print_neighbor_list
                0x00009fc0                rpl_dag_init
                0x00009fce                rpl_get_parent
                0x00009fda                rpl_get_parent_rank
                0x00009ff2                rpl_get_parent_link_metric
                0x0000a00a                rpl_get_parent_ipaddr
                0x0000a01a                rpl_set_prefix
                0x0000a08e                rpl_set_default_route
                0x0000a0e4                rpl_alloc_instance
                0x0000a118                rpl_set_default_instance
                0x0000a11e                rpl_get_default_instance
                0x0000a124                rpl_add_parent
                0x0000a172                rpl_find_parent
                0x0000a18c                rpl_find_parent_any_dag
                0x0000a1ae                rpl_select_parent
                0x0000a224                rpl_select_dag
                0x0000a396                rpl_nullify_parent
                0x0000a3e6                rpl_remove_parent
                0x0000a430                rpl_free_dag
                0x0000a466                rpl_free_instance
                0x0000a4ce                rpl_move_parent
                0x0000a520                rpl_get_any_dag
                0x0000a538                rpl_get_instance
                0x0000a552                rpl_alloc_dag
                0x0000a5ae                rpl_repair_root
                0x0000a5fe                rpl_set_root
                0x0000a718                rpl_find_of
                0x0000a728                rpl_join_instance
                0x0000a850                rpl_local_repair
                0x0000a8b4                rpl_process_parent_event
                0x0000a8fa                rpl_recalculate_ranks
                0x0000a942                rpl_add_dag
                0x0000aa44                rpl_process_dio
                0x0000ad0e                rpl_lock_parent
 .text          0x0000ad1a      0x336 contiki-z1.a(rpl-ext-header.)
                0x0000ad1a                rpl_verify_header
                0x0000adcc                rpl_update_header_empty
                0x0000aeee                rpl_update_header_final
                0x0000af82                rpl_remove_header
                0x0000afcc                rpl_invert_header
                0x0000b03e                rpl_insert_header
 .text          0x0000b050      0xd0c contiki-z1.a(rpl-icmp6.o)
                0x0000b5d8                dis_output
                0x0000b628                dio_output
                0x0000b892                dao_output_target
                0x0000b964                dao_output
                0x0000b98a                dao_ack_output
                0x0000bc42                tru_output
                0x0000bd32                rpl_icmp6_register_handlers
 .text          0x0000bd5c      0x196 contiki-z1.a(rpl-mrhof.o)
 .text          0x0000bef2      0x44c contiki-z1.a(rpl-timers.o)
                0x0000c15a                rpl_reset_periodic_timer
                0x0000c1b6                rpl_reset_dio_timer
                0x0000c1ce                rpl_schedule_dao
                0x0000c1da                rpl_schedule_dao_immediately
                0x0000c1e4                rpl_cancel_dao
                0x0000c1fe                rpl_schedule_probing
 .text          0x0000c33e       0x26 contiki-z1.a(linkaddr.o)
                0x0000c33e                linkaddr_copy
                0x0000c346                linkaddr_cmp
                0x0000c358                linkaddr_set_node_addr
 .text          0x0000c364      0x464 contiki-z1.a(nbr-table.o)
                0x0000c4ea                nbr_table_register
                0x0000c510                nbr_table_next
                0x0000c588                nbr_table_head
                0x0000c5ba                nbr_table_add_lladdr
                0x0000c6e6                nbr_table_get_from_lladdr
                0x0000c72a                nbr_table_remove
                0x0000c754                nbr_table_lock
                0x0000c764                nbr_table_unlock
                0x0000c774                nbr_table_get_lladdr
 .text          0x0000c7c8      0x1e2 contiki-z1.a(packetbuf.o)
                0x0000c7c8                packetbuf_clear_hdr
                0x0000c7d0                packetbuf_compact
                0x0000c7fe                packetbuf_copyto_hdr
                0x0000c81a                packetbuf_copyto
                0x0000c860                packetbuf_hdr_remove
                0x0000c866                packetbuf_hdrreduce
                0x0000c880                packetbuf_set_datalen
                0x0000c886                packetbuf_dataptr
                0x0000c894                packetbuf_hdrptr
                0x0000c89e                packetbuf_datalen
                0x0000c8a4                packetbuf_hdrlen
                0x0000c8b4                packetbuf_totlen
                0x0000c8c0                packetbuf_hdralloc
                0x0000c8ea                packetbuf_attr_clear
                0x0000c912                packetbuf_clear
                0x0000c92c                packetbuf_copyfrom
                0x0000c956                packetbuf_attr_copyto
                0x0000c978                packetbuf_attr_copyfrom
                0x0000c99c                packetbuf_holds_broadcast
 .text          0x0000c9aa      0x13c contiki-z1.a(queuebuf.o)
                0x0000c9aa                queuebuf_init
                0x0000c9bc                queuebuf_numfree
                0x0000c9c6                queuebuf_new_from_packetbuf
                0x0000ca14                queuebuf_update_attr_from_packetbuf
                0x0000ca26                queuebuf_update_from_packetbuf
                0x0000ca48                queuebuf_free
                0x0000ca72                queuebuf_to_packetbuf
                0x0000caa4                queuebuf_dataptr
                0x0000cac0                queuebuf_datalen
                0x0000cac8                queuebuf_addr
                0x0000cad6                queuebuf_attr
                0x0000cae4                queuebuf_debug_print
 .text          0x0000cae6      0x376 contiki-z1.a(csma.o)
 .text          0x0000ce5c      0x1b4 contiki-z1.a(framer-802154.o)
 .text          0x0000d010       0x20 contiki-z1.a(framer.o)
                0x0000d010                framer_canonical_create_and_secure
 .text          0x0000d030       0x14 contiki-z1.a(mac.o)
                0x0000d030                mac_call_sent_callback
 .text          0x0000d044      0x602 contiki-z1.a(contikimac.o)
                0x0000d642                contikimac_debug_print
 .text          0x0000d646       0x1c contiki-z1.a(nullsec.o)
 .text          0x0000d662      0x9de contiki-z1.a(powertrace.o)
                0x0000d72e                powertrace_print
                0x0000e000                powertrace_start
                0x0000e018                powertrace_stop
                0x0000e022                powertrace_sniff
 .text          0x0000e040      0x1b2 contiki-z1.a(i2cmaster.o)
                0x0000e040                i2c_setrate
                0x0000e046                i2c_receiveinit
                0x0000e07e                i2c_transmitinit
                0x0000e0b0                i2c_receive_n
                0x0000e0f4                i2c_busy
                0x0000e0fe                i2c_enable
                0x0000e122                i2c_disable
                0x0000e13c                i2c_transmit_n
                0x0000e150                __isr_16
                0x0000e150                i2c_tx_interrupt
                0x0000e1da                i2c_rx_interrupt
                0x0000e1da                __isr_17
 .text          0x0000e1f2       0xb6 contiki-z1.a(compower.o)
                0x0000e1f2                compower_accumulate
                0x0000e25c                compower_clear
                0x0000e26e                compower_init
                0x0000e278                compower_attrconv
                0x0000e288                compower_accumulate_attrs
 .text          0x0000e2a8       0xa4 contiki-z1.a(stimer.o)
                0x0000e2a8                stimer_set
                0x0000e2c4                stimer_reset
                0x0000e2d2                stimer_restart
                0x0000e2e6                stimer_expired
                0x0000e316                stimer_remaining
                0x0000e33a                stimer_elapsed
 .text          0x0000e34c      0x102 contiki-z1.a(memb.o)
                0x0000e34c                memb_init
                0x0000e382                memb_alloc
                0x0000e3c0                memb_free
                0x0000e3fa                memb_inmemb
                0x0000e428                memb_numfree
 .text          0x0000e44e        0xc contiki-z1.a(random.o)
                0x0000e44e                random_init
                0x0000e454                random_rand
 .text          0x0000e45a      0x35a contiki-z1.a(frame802154.o)
                0x0000e4ee                frame802154_hdrlen
                0x0000e51c                frame802154_create
                0x0000e62e                frame802154_parse
 .text          0x0000e7b4       0xa8 contiki-z1.a(mac-sequence.o)
                0x0000e7b4                mac_sequence_is_duplicate
                0x0000e7f0                mac_sequence_register_seqno
 .text          0x0000e85c        0x0 /usr/lib/gcc/msp430/4.6.3/mcpu-430x/mmpy-16/libgcc.a(_mulsi3.o)
 .text.libgcc   0x0000e85c       0x2a /usr/lib/gcc/msp430/4.6.3/mcpu-430x/mmpy-16/libgcc.a(_mulsi3.o)
                0x0000e85c                __mulsi3
 .text          0x0000e886        0x0 /usr/lib/gcc/msp430/4.6.3/mcpu-430x/mmpy-16/libgcc.a(_udivmod16.o)
 .text.libgcc   0x0000e886       0x22 /usr/lib/gcc/msp430/4.6.3/mcpu-430x/mmpy-16/libgcc.a(_udivmod16.o)
                0x0000e886                __udivhi3
                0x0000e886                __ext_udivmod16
                0x0000e8a0                __umodhi3
 .text          0x0000e8a8        0x0 /usr/lib/gcc/msp430/4.6.3/mcpu-430x/mmpy-16/libgcc.a(_divmod16.o)
 .text.libgcc   0x0000e8a8       0x3a /usr/lib/gcc/msp430/4.6.3/mcpu-430x/mmpy-16/libgcc.a(_divmod16.o)
                0x0000e8a8                __ext_divmod16
                0x0000e8a8                __divhi3
                0x0000e8da                __modhi3
 .text          0x0000e8e2        0x0 /usr/lib/gcc/msp430/4.6.3/mcpu-430x/mmpy-16/libgcc.a(_udivmod32.o)
 .text.libgcc   0x0000e8e2       0x38 /usr/lib/gcc/msp430/4.6.3/mcpu-430x/mmpy-16/libgcc.a(_udivmod32.o)
                0x0000e8e2                __udivsi3
                0x0000e8e2                __ext_udivmod32
                0x0000e910                __umodsi3
 .text          0x0000e91a       0x28 /usr/lib/gcc/msp430/4.6.3/../../../../msp430/lib/mcpu-430x/mmpy-16/libc.a(strncmp.o)
                0x0000e91a                strncmp
 .text          0x0000e942       0x20 /usr/lib/gcc/msp430/4.6.3/../../../../msp430/lib/mcpu-430x/mmpy-16/libc.a(memcmp.o)
                0x0000e942                memcmp
 .text          0x0000e962       0xe4 /usr/lib/gcc/msp430/4.6.3/../../../../msp430/lib/mcpu-430x/mmpy-16/libc.a(memcpy.o)
                0x0000e962                memcpy
 .text          0x0000ea46       0xe4 /usr/lib/gcc/msp430/4.6.3/../../../../msp430/lib/mcpu-430x/mmpy-16/libc.a(memmove.o)
                0x0000ea46                memmove
 .text          0x0000eb2a       0x5c /usr/lib/gcc/msp430/4.6.3/../../../../msp430/lib/mcpu-430x/mmpy-16/libc.a(memset.o)
                0x0000eb2a                memset
 .text          0x0000eb86       0xf2 /usr/lib/gcc/msp430/4.6.3/../../../../msp430/lib/mcpu-430x/mmpy-16/libc.a(malloc.o)
                0x0000eb86                malloc
                0x0000ec70                free
 .text          0x0000ec78       0x1e /usr/lib/gcc/msp430/4.6.3/../../../../msp430/lib/mcpu-430x/mmpy-16/libc.a(printf.o)
                0x0000ec78                printf
                0x0000ec88                vprintf
 .text          0x0000ec96      0x818 /usr/lib/gcc/msp430/4.6.3/../../../../msp430/lib/mcpu-430x/mmpy-16/libc.a(vuprintf.o)
                0x0000ee12                vuprintf
 .text          0x0000f4ae       0x2c /usr/lib/gcc/msp430/4.6.3/../../../../msp430/lib/mcpu-430x/mmpy-16/libc.a(puts.o)
                0x0000f4ae                puts
 .text          0x0000f4da       0x54 /usr/lib/gcc/msp430/4.6.3/../../../../msp430/lib/mcpu-430x/mmpy-16/libc.a(rand.o)
                0x0000f4da                rand_r
                0x0000f4fe                rand
                0x0000f524                srand
 .text          0x0000f52e        0x0 /usr/lib/gcc/msp430/4.6.3/mcpu-430x/mmpy-16/libgcc.a(_udivmod64.o)
 .text.libgcc   0x0000f52e       0xbc /usr/lib/gcc/msp430/4.6.3/mcpu-430x/mmpy-16/libgcc.a(_udivmod64.o)
                0x0000f52e                __xabi_udivmod64
                0x0000f580                __udivdi3
                0x0000f59a                __umoddi3
                0x0000f5bc                __udivmoddi4
 .text          0x0000f5ea        0x0 /usr/lib/gcc/msp430/4.6.3/mcpu-430x/mmpy-16/libcrt0.a(_reset_vector__.o)
 .text          0x0000f5ea        0x0 /usr/lib/gcc/msp430/4.6.3/mcpu-430x/mmpy-16/libcrt0.a(__watchdog_support.o)
 .text          0x0000f5ea        0x0 /usr/lib/gcc/msp430/4.6.3/mcpu-430x/mmpy-16/libcrt0.a(__init_stack.o)
 .text          0x0000f5ea        0x0 /usr/lib/gcc/msp430/4.6.3/mcpu-430x/mmpy-16/libcrt0.a(__low_level_init.o)
 .text          0x0000f5ea        0x0 /usr/lib/gcc/msp430/4.6.3/mcpu-430x/mmpy-16/libcrt0.a(_copy_data.o)
 .text          0x0000f5ea        0x0 /usr/lib/gcc/msp430/4.6.3/mcpu-430x/mmpy-16/libcrt0.a(_clear_bss.o)
 .text          0x0000f5ea        0x0 /usr/lib/gcc/msp430/4.6.3/mcpu-430x/mmpy-16/libcrt0.a(__stop_progExec__.o)
 .text          0x0000f5ea        0x0 /usr/lib/gcc/msp430/4.6.3/mcpu-430x/mmpy-16/libcrt0.a(_endless_loop__.o)
 .text          0x0000f5ea        0x0 /usr/lib/gcc/msp430/4.6.3/mcpu-430x/mmpy-16/libcrt0.a(_unexpected_.o)
 .text.crt0     0x0000f5ea        0x2 /usr/lib/gcc/msp430/4.6.3/mcpu-430x/mmpy-16/libcrt0.a(_unexpected_.o)
                0x0000f5ea                _unexpected_
                0x0000f5ec                . = ALIGN (0x2)

.rodata         0x0000f5ec      0x6b4
                0x0000f5ec                . = ALIGN (0x2)
 *(.rodata .rodata.* .gnu.linkonce.r.*)
 .rodata        0x0000f5ec      0x1b2 udp-server.co
                0x0000f786                autostart_processes
 .rodata        0x0000f79e      0x115 obj_z1/contiki-z1-main.o
 .rodata        0x0000f8b3       0x2c contiki-z1.a(xmem.o)
 *fill*         0x0000f8df        0x1 00
 .rodata        0x0000f8e0       0x5a contiki-z1.a(cc2420.o)
                0x0000f8fc                cc2420_aes_128_driver
                0x0000f900                cc2420_driver
 .rodata        0x0000f93a        0x8 contiki-z1.a(sensors.o)
 .rodata        0x0000f942       0x10 contiki-z1.a(button-sensor.o)
                0x0000f94a                button_sensor
 .rodata        0x0000f952       0x16 contiki-z1.a(adxl345.o)
 .rodata        0x0000f968        0xf contiki-z1.a(ctimer.o)
 .rodata        0x0000f977        0xc contiki-z1.a(etimer.o)
 *fill*         0x0000f983        0x1 00
 .rodata        0x0000f984       0x24 contiki-z1.a(sicslowpan.o)
                0x0000f990                sicslowpan_driver
                0x0000f996                llprefix
                0x0000f998                unc_mxconf
                0x0000f99c                unc_ctxconf
                0x0000f9a0                unc_llconf
 .rodata        0x0000f9a8       0x20 contiki-z1.a(uip6.o)
 .rodata        0x0000f9c8        0xd contiki-z1.a(tcpip.o)
 .rodata        0x0000f9d5       0x29 contiki-z1.a(uip-debug.o)
 .rodata        0x0000f9fe       0x6a contiki-z1.a(rpl-dag.o)
 .rodata        0x0000fa68       0xbd contiki-z1.a(rpl-icmp6.o)
 *fill*         0x0000fb25        0x1 00
 .rodata        0x0000fb26        0x8 contiki-z1.a(linkaddr.o)
                0x0000fb26                linkaddr_null
 .rodata        0x0000fb2e       0x14 contiki-z1.a(csma.o)
                0x0000fb34                csma_driver
 .rodata        0x0000fb42        0x8 contiki-z1.a(framer-802154.o)
                0x0000fb42                framer_802154
 .rodata        0x0000fb4a       0x1c contiki-z1.a(contikimac.o)
                0x0000fb56                contikimac_driver
 .rodata        0x0000fb66       0x14 contiki-z1.a(nullsec.o)
                0x0000fb6e                nullsec_driver
 .rodata        0x0000fb7a      0x11d contiki-z1.a(powertrace.o)
 .rodata        0x0000fc97        0x2 contiki-z1.a(frame802154.o)
 .rodata        0x0000fc99        0x7 /usr/lib/gcc/msp430/4.6.3/../../../../msp430/lib/mcpu-430x/mmpy-16/libc.a(vuprintf.o)
                0x0000fca0                . = ALIGN (0x2)
                0x0000fca0                _etext = .

.data           0x00001100      0x12a load address 0x0000fca0
                0x00001100                . = ALIGN (0x2)
                0x00001100                PROVIDE (__data_start, .)
 *(.data .data.* .gnu.linkonce.d.*)
 .data          0x00001100        0x0 /usr/lib/gcc/msp430/4.6.3/mcpu-430x/mmpy-16/crt0ivtbl32.o
 .data          0x00001100        0xa udp-server.co
                0x00001100                udp_server_process
 .data          0x0000110a        0x4 obj_z1/contiki-z1-main.o
                0x0000110a                sensors
 .data          0x0000110e        0x0 contiki-z1.a(contiki-z1-plat)
 .data          0x0000110e        0x2 contiki-z1.a(msp430.o)
 .data          0x00001110        0x0 contiki-z1.a(leds.o)
 .data          0x00001110        0x0 contiki-z1.a(watchdog.o)
 .data          0x00001110        0x0 contiki-z1.a(xmem.o)
 .data          0x00001110        0x0 contiki-z1.a(spi.o)
 .data          0x00001110        0xa contiki-z1.a(cc2420.o)
                0x00001110                cc2420_process
 .data          0x0000111a        0x0 contiki-z1.a(cc2420-arch.o)
 .data          0x0000111a        0x0 contiki-z1.a(node-id.o)
 .data          0x0000111a        0xa contiki-z1.a(sensors.o)
                0x0000111a                sensors_process
 .data          0x00001124        0x0 contiki-z1.a(button-sensor.o)
 .data          0x00001124        0x0 contiki-z1.a(uart0.o)
 .data          0x00001124        0x0 contiki-z1.a(uart0-putchar.o)
 .data          0x00001124       0x20 contiki-z1.a(adxl345.o)
                0x00001124                accmeter_process
 .data          0x00001144        0x0 contiki-z1.a(clock.o)
 .data          0x00001144        0x0 contiki-z1.a(leds-arch.o)
 .data          0x00001144        0x0 contiki-z1.a(rtimer-arch.o)
 .data          0x00001144        0x0 contiki-z1.a(autostart.o)
 .data          0x00001144        0xa contiki-z1.a(ctimer.o)
                0x00001144                ctimer_process
 .data          0x0000114e        0x0 contiki-z1.a(energest.o)
 .data          0x0000114e        0xa contiki-z1.a(etimer.o)
                0x0000114e                etimer_process
 .data          0x00001158        0x0 contiki-z1.a(process.o)
 .data          0x00001158        0x0 contiki-z1.a(rtimer.o)
 .data          0x00001158        0x0 contiki-z1.a(timer.o)
 .data          0x00001158        0x0 contiki-z1.a(list.o)
 .data          0x00001158        0x0 contiki-z1.a(sicslowpan.o)
 .data          0x00001158        0x0 contiki-z1.a(uip6.o)
 .data          0x00001158        0x0 contiki-z1.a(uip-ds6.o)
 .data          0x00001158        0xa contiki-z1.a(uip-ds6-nbr.o)
                0x00001158                ds6_neighbors
 .data          0x00001162       0x20 contiki-z1.a(uip-ds6-route.o)
 .data          0x00001182        0xc contiki-z1.a(uip-icmp6.o)
 .data          0x0000118e        0xc contiki-z1.a(uip-nd6.o)
 .data          0x0000119a        0xa contiki-z1.a(tcpip.o)
                0x0000119a                tcpip_process
 .data          0x000011a4        0x0 contiki-z1.a(uip-debug.o)
 .data          0x000011a4        0x0 contiki-z1.a(rpl.o)
 .data          0x000011a4        0xa contiki-z1.a(rpl-dag.o)
                0x000011a4                rpl_parents
 .data          0x000011ae        0x0 contiki-z1.a(rpl-ext-header.)
 .data          0x000011ae       0x20 contiki-z1.a(rpl-icmp6.o)
 .data          0x000011ce        0xe contiki-z1.a(rpl-mrhof.o)
                0x000011ce                rpl_mrhof
 .data          0x000011dc        0x0 contiki-z1.a(rpl-timers.o)
 .data          0x000011dc        0x0 contiki-z1.a(linkaddr.o)
 .data          0x000011dc        0x8 contiki-z1.a(nbr-table.o)
 .data          0x000011e4        0x0 contiki-z1.a(packetbuf.o)
 .data          0x000011e4       0x10 contiki-z1.a(queuebuf.o)
 .data          0x000011f4       0x18 contiki-z1.a(csma.o)
 .data          0x0000120c        0x0 contiki-z1.a(framer-802154.o)
 .data          0x0000120c        0x0 contiki-z1.a(framer.o)
 .data          0x0000120c        0x0 contiki-z1.a(mac.o)
 .data          0x0000120c        0x0 contiki-z1.a(contikimac.o)
 .data          0x0000120c        0x0 contiki-z1.a(nullsec.o)
 .data          0x0000120c       0x18 contiki-z1.a(powertrace.o)
                0x0000120c                powertrace_process
 .data          0x00001224        0x1 contiki-z1.a(i2cmaster.o)
                0x00001224                prescale_lsb
 .data          0x00001225        0x0 contiki-z1.a(compower.o)
 .data          0x00001225        0x0 contiki-z1.a(stimer.o)
 .data          0x00001225        0x0 contiki-z1.a(memb.o)
 .data          0x00001225        0x0 contiki-z1.a(random.o)
 .data          0x00001225        0x0 contiki-z1.a(frame802154.o)
 .data          0x00001225        0x0 contiki-z1.a(mac-sequence.o)
 .data          0x00001225        0x0 /usr/lib/gcc/msp430/4.6.3/mcpu-430x/mmpy-16/libgcc.a(_mulsi3.o)
 .data          0x00001225        0x0 /usr/lib/gcc/msp430/4.6.3/mcpu-430x/mmpy-16/libgcc.a(_udivmod16.o)
 .data          0x00001225        0x0 /usr/lib/gcc/msp430/4.6.3/mcpu-430x/mmpy-16/libgcc.a(_divmod16.o)
 .data          0x00001225        0x0 /usr/lib/gcc/msp430/4.6.3/mcpu-430x/mmpy-16/libgcc.a(_udivmod32.o)
 .data          0x00001225        0x0 /usr/lib/gcc/msp430/4.6.3/../../../../msp430/lib/mcpu-430x/mmpy-16/libc.a(strncmp.o)
 .data          0x00001225        0x0 /usr/lib/gcc/msp430/4.6.3/../../../../msp430/lib/mcpu-430x/mmpy-16/libc.a(memcmp.o)
 .data          0x00001225        0x0 /usr/lib/gcc/msp430/4.6.3/../../../../msp430/lib/mcpu-430x/mmpy-16/libc.a(memcpy.o)
 .data          0x00001225        0x0 /usr/lib/gcc/msp430/4.6.3/../../../../msp430/lib/mcpu-430x/mmpy-16/libc.a(memmove.o)
 .data          0x00001225        0x0 /usr/lib/gcc/msp430/4.6.3/../../../../msp430/lib/mcpu-430x/mmpy-16/libc.a(memset.o)
 .data          0x00001225        0x0 /usr/lib/gcc/msp430/4.6.3/../../../../msp430/lib/mcpu-430x/mmpy-16/libc.a(malloc.o)
 .data          0x00001225        0x0 /usr/lib/gcc/msp430/4.6.3/../../../../msp430/lib/mcpu-430x/mmpy-16/libc.a(printf.o)
 .data          0x00001225        0x0 /usr/lib/gcc/msp430/4.6.3/../../../../msp430/lib/mcpu-430x/mmpy-16/libc.a(vuprintf.o)
 .data          0x00001225        0x0 /usr/lib/gcc/msp430/4.6.3/../../../../msp430/lib/mcpu-430x/mmpy-16/libc.a(puts.o)
 *fill*         0x00001225        0x1 00
 .data          0x00001226        0x4 /usr/lib/gcc/msp430/4.6.3/../../../../msp430/lib/mcpu-430x/mmpy-16/libc.a(rand.o)
 .data          0x0000122a        0x0 /usr/lib/gcc/msp430/4.6.3/mcpu-430x/mmpy-16/libgcc.a(_udivmod64.o)
 .data          0x0000122a        0x0 /usr/lib/gcc/msp430/4.6.3/mcpu-430x/mmpy-16/libcrt0.a(_reset_vector__.o)
 .data          0x0000122a        0x0 /usr/lib/gcc/msp430/4.6.3/mcpu-430x/mmpy-16/libcrt0.a(__watchdog_support.o)
 .data          0x0000122a        0x0 /usr/lib/gcc/msp430/4.6.3/mcpu-430x/mmpy-16/libcrt0.a(__init_stack.o)
 .data          0x0000122a        0x0 /usr/lib/gcc/msp430/4.6.3/mcpu-430x/mmpy-16/libcrt0.a(__low_level_init.o)
 .data          0x0000122a        0x0 /usr/lib/gcc/msp430/4.6.3/mcpu-430x/mmpy-16/libcrt0.a(_copy_data.o)
 .data          0x0000122a        0x0 /usr/lib/gcc/msp430/4.6.3/mcpu-430x/mmpy-16/libcrt0.a(_clear_bss.o)
 .data          0x0000122a        0x0 /usr/lib/gcc/msp430/4.6.3/mcpu-430x/mmpy-16/libcrt0.a(__stop_progExec__.o)
 .data          0x0000122a        0x0 /usr/lib/gcc/msp430/4.6.3/mcpu-430x/mmpy-16/libcrt0.a(_endless_loop__.o)
 .data          0x0000122a        0x0 /usr/lib/gcc/msp430/4.6.3/mcpu-430x/mmpy-16/libcrt0.a(_unexpected_.o)
                0x0000122a                . = ALIGN (0x2)
                0x0000122a                _edata = .
                0x0000fca0                PROVIDE (__data_load_start, LOADADDR (.data))
                0x0000012a                PROVIDE (__data_size, SIZEOF (.data))

.bss            0x0000122a     0x170e load address 0x0000fdca
                0x0000122a                PROVIDE (__bss_start, .)
 *(.bss .bss.*)
 .bss           0x0000122a        0x0 /usr/lib/gcc/msp430/4.6.3/mcpu-430x/mmpy-16/crt0ivtbl32.o
 .bss           0x0000122a       0x10 udp-server.co
                0x0000122a                trustValues
 .bss           0x0000123a        0x4 obj_z1/contiki-z1-main.o
 .bss           0x0000123e        0x0 contiki-z1.a(contiki-z1-plat)
 .bss           0x0000123e        0x0 contiki-z1.a(msp430.o)
 .bss           0x0000123e        0x1 contiki-z1.a(leds.o)
 *fill*         0x0000123f        0x1 00
 .bss           0x00001240        0x2 contiki-z1.a(watchdog.o)
 .bss           0x00001242        0x0 contiki-z1.a(xmem.o)
 .bss           0x00001242        0x2 contiki-z1.a(spi.o)
                0x00001242                spi_busy
 .bss           0x00001244        0x8 contiki-z1.a(cc2420.o)
 .bss           0x0000124c        0x0 contiki-z1.a(cc2420-arch.o)
 .bss           0x0000124c        0x2 contiki-z1.a(node-id.o)
                0x0000124c                node_id
 .bss           0x0000124e        0x6 contiki-z1.a(sensors.o)
 .bss           0x00001254        0x8 contiki-z1.a(button-sensor.o)
 .bss           0x0000125c        0x4 contiki-z1.a(uart0.o)
 .bss           0x00001260        0x0 contiki-z1.a(uart0-putchar.o)
 .bss           0x00001260       0x16 contiki-z1.a(adxl345.o)
 .bss           0x00001276        0xa contiki-z1.a(clock.o)
 .bss           0x00001280        0x0 contiki-z1.a(leds-arch.o)
 .bss           0x00001280        0x0 contiki-z1.a(rtimer-arch.o)
 .bss           0x00001280        0x0 contiki-z1.a(autostart.o)
 .bss           0x00001280        0x4 contiki-z1.a(ctimer.o)
 .bss           0x00001284        0x0 contiki-z1.a(energest.o)
 .bss           0x00001284        0x6 contiki-z1.a(etimer.o)
 .bss           0x0000128a       0x42 contiki-z1.a(process.o)
                0x0000128a                process_current
                0x0000128c                process_list
 .bss           0x000012cc        0x2 contiki-z1.a(rtimer.o)
 .bss           0x000012ce        0x0 contiki-z1.a(timer.o)
 .bss           0x000012ce        0x0 contiki-z1.a(list.o)
 .bss           0x000012ce       0xc0 contiki-z1.a(sicslowpan.o)
 .bss           0x0000138e       0x12 contiki-z1.a(uip6.o)
                0x0000138e                uip_ext_opt_offset
                0x00001390                uip_ext_len
                0x00001392                uip_ext_bitmap
 .bss           0x000013a0       0x18 contiki-z1.a(uip-ds6.o)
 .bss           0x000013b8      0x23a contiki-z1.a(uip-ds6-nbr.o)
 .bss           0x000015f2      0x29c contiki-z1.a(uip-ds6-route.o)
 .bss           0x0000188e       0x14 contiki-z1.a(uip-icmp6.o)
 .bss           0x000018a2        0xa contiki-z1.a(uip-nd6.o)
 .bss           0x000018ac       0x36 contiki-z1.a(tcpip.o)
 .bss           0x000018e2        0x0 contiki-z1.a(uip-debug.o)
 .bss           0x000018e2        0x2 contiki-z1.a(rpl.o)
 .bss           0x000018e4       0xb4 contiki-z1.a(rpl-dag.o)
 .bss           0x00001998        0x0 contiki-z1.a(rpl-ext-header.)
 .bss           0x00001998       0x12 contiki-z1.a(rpl-icmp6.o)
                0x00001998                count
 .bss           0x000019aa        0x4 contiki-z1.a(rpl-mrhof.o)
                0x000019aa                attack_flag_sinkhole
                0x000019ac                attack_flag
 .bss           0x000019ae       0x18 contiki-z1.a(rpl-timers.o)
 .bss           0x000019c6        0x0 contiki-z1.a(linkaddr.o)
 .bss           0x000019c6       0xda contiki-z1.a(nbr-table.o)
 .bss           0x00001aa0       0xb8 contiki-z1.a(packetbuf.o)
 .bss           0x00001b58      0x2d0 contiki-z1.a(queuebuf.o)
 .bss           0x00001e28       0x8c contiki-z1.a(csma.o)
 .bss           0x00001eb4        0x2 contiki-z1.a(framer-802154.o)
 .bss           0x00001eb6        0x0 contiki-z1.a(framer.o)
 .bss           0x00001eb6        0x0 contiki-z1.a(mac.o)
 .bss           0x00001eb6       0x2a contiki-z1.a(contikimac.o)
 .bss           0x00001ee0        0x0 contiki-z1.a(nullsec.o)
 .bss           0x00001ee0      0x31a contiki-z1.a(powertrace.o)
 .bss           0x000021fa        0x4 contiki-z1.a(i2cmaster.o)
                0x000021fa                prescale_msb
 .bss           0x000021fe        0x8 contiki-z1.a(compower.o)
 .bss           0x00002206        0x0 contiki-z1.a(stimer.o)
 .bss           0x00002206        0x0 contiki-z1.a(memb.o)
 .bss           0x00002206        0x0 contiki-z1.a(random.o)
 .bss           0x00002206        0x0 contiki-z1.a(frame802154.o)
 .bss           0x00002206       0xa0 contiki-z1.a(mac-sequence.o)
 .bss           0x000022a6        0x0 /usr/lib/gcc/msp430/4.6.3/mcpu-430x/mmpy-16/libgcc.a(_mulsi3.o)
 .bss           0x000022a6        0x0 /usr/lib/gcc/msp430/4.6.3/mcpu-430x/mmpy-16/libgcc.a(_udivmod16.o)
 .bss           0x000022a6        0x0 /usr/lib/gcc/msp430/4.6.3/mcpu-430x/mmpy-16/libgcc.a(_divmod16.o)
 .bss           0x000022a6        0x0 /usr/lib/gcc/msp430/4.6.3/mcpu-430x/mmpy-16/libgcc.a(_udivmod32.o)
 .bss           0x000022a6        0x0 /usr/lib/gcc/msp430/4.6.3/../../../../msp430/lib/mcpu-430x/mmpy-16/libc.a(strncmp.o)
 .bss           0x000022a6        0x0 /usr/lib/gcc/msp430/4.6.3/../../../../msp430/lib/mcpu-430x/mmpy-16/libc.a(memcmp.o)
 .bss           0x000022a6        0x0 /usr/lib/gcc/msp430/4.6.3/../../../../msp430/lib/mcpu-430x/mmpy-16/libc.a(memcpy.o)
 .bss           0x000022a6        0x0 /usr/lib/gcc/msp430/4.6.3/../../../../msp430/lib/mcpu-430x/mmpy-16/libc.a(memmove.o)
 .bss           0x000022a6        0x0 /usr/lib/gcc/msp430/4.6.3/../../../../msp430/lib/mcpu-430x/mmpy-16/libc.a(memset.o)
 .bss           0x000022a6        0x1 /usr/lib/gcc/msp430/4.6.3/../../../../msp430/lib/mcpu-430x/mmpy-16/libc.a(malloc.o)
 .bss           0x000022a7        0x0 /usr/lib/gcc/msp430/4.6.3/../../../../msp430/lib/mcpu-430x/mmpy-16/libc.a(printf.o)
 .bss           0x000022a7        0x0 /usr/lib/gcc/msp430/4.6.3/../../../../msp430/lib/mcpu-430x/mmpy-16/libc.a(vuprintf.o)
 .bss           0x000022a7        0x0 /usr/lib/gcc/msp430/4.6.3/../../../../msp430/lib/mcpu-430x/mmpy-16/libc.a(puts.o)
 .bss           0x000022a7        0x0 /usr/lib/gcc/msp430/4.6.3/../../../../msp430/lib/mcpu-430x/mmpy-16/libc.a(rand.o)
 .bss           0x000022a7        0x0 /usr/lib/gcc/msp430/4.6.3/mcpu-430x/mmpy-16/libgcc.a(_udivmod64.o)
 .bss           0x000022a7        0x0 /usr/lib/gcc/msp430/4.6.3/mcpu-430x/mmpy-16/libcrt0.a(_reset_vector__.o)
 .bss           0x000022a7        0x0 /usr/lib/gcc/msp430/4.6.3/mcpu-430x/mmpy-16/libcrt0.a(__watchdog_support.o)
 .bss           0x000022a7        0x0 /usr/lib/gcc/msp430/4.6.3/mcpu-430x/mmpy-16/libcrt0.a(__init_stack.o)
 .bss           0x000022a7        0x0 /usr/lib/gcc/msp430/4.6.3/mcpu-430x/mmpy-16/libcrt0.a(__low_level_init.o)
 .bss           0x000022a7        0x0 /usr/lib/gcc/msp430/4.6.3/mcpu-430x/mmpy-16/libcrt0.a(_copy_data.o)
 .bss           0x000022a7        0x0 /usr/lib/gcc/msp430/4.6.3/mcpu-430x/mmpy-16/libcrt0.a(_clear_bss.o)
 .bss           0x000022a7        0x0 /usr/lib/gcc/msp430/4.6.3/mcpu-430x/mmpy-16/libcrt0.a(__stop_progExec__.o)
 .bss           0x000022a7        0x0 /usr/lib/gcc/msp430/4.6.3/mcpu-430x/mmpy-16/libcrt0.a(_endless_loop__.o)
 .bss           0x000022a7        0x0 /usr/lib/gcc/msp430/4.6.3/mcpu-430x/mmpy-16/libcrt0.a(_unexpected_.o)
 *(COMMON)
 *fill*         0x000022a7        0x1 00
 COMMON         0x000022a8       0x28 udp-server.co
                0x000022a8                b
                0x000022ac                p
                0x000022ae                n
                0x000022b0                k
                0x000022b2                positive_value
                0x000022b4                endOfIp
                0x000022b6                negative_value
                0x000022b8                d
                0x000022bc                trustAddress
                0x000022cc                u
 COMMON         0x000022d0        0x2 obj_z1/contiki-z1-main.o
                0x000022d0                sensors_flags
 COMMON         0x000022d2       0x10 contiki-z1.a(cc2420.o)
                0x000022d2                cc2420_last_rssi
                0x000022d4                cc2420_sfd_start_time
                0x000022d6                cc2420_time_of_departure
                0x000022d8                cc2420_time_of_arrival
                0x000022da                cc2420_last_correlation
                0x000022dc                cc2420_authority_level_of_sender
                0x000022de                cc2420_sfd_counter
                0x000022e0                cc2420_sfd_end_time
 COMMON         0x000022e2        0x8 contiki-z1.a(node-id.o)
                0x000022e2                node_mac
 COMMON         0x000022ea        0x1 contiki-z1.a(sensors.o)
                0x000022ea                sensors_event
 *fill*         0x000022eb        0x1 00
 COMMON         0x000022ec        0x7 contiki-z1.a(adxl345.o)
                0x000022ec                accm_int2_cb
                0x000022ee                int2_event
                0x000022f0                accm_int1_cb
                0x000022f2                int1_event
 *fill*         0x000022f3        0x1 00
 COMMON         0x000022f4       0x56 contiki-z1.a(energest.o)
                0x000022f4                energest_total_time
                0x00002324                energest_total_count
                0x00002326                energest_current_mode
                0x00002332                energest_current_time
 COMMON         0x0000234a        0x1 contiki-z1.a(process.o)
                0x0000234a                process_maxevents
 *fill*         0x0000234b        0x1 00
 COMMON         0x0000234c        0x8 contiki-z1.a(sicslowpan.o)
                0x0000234c                frag_sender
 COMMON         0x00002354      0x2a0 contiki-z1.a(uip6.o)
                0x00002354                uip_len
                0x00002356                uip_sappdata
                0x00002358                uip_acc32
                0x0000235c                uip_lladdr
                0x00002364                uip_aligned_buf
                0x000023f0                uip_flags
                0x000023f2                uip_next_hdr
                0x000023f4                uip_udp_conn
                0x000023f6                uip_appdata
                0x000023f8                uip_conn
                0x000023fa                uip_conns
                0x000024aa                uip_listenports
                0x000024ba                uip_slen
                0x000024bc                uip_udp_conns
 COMMON         0x000025f4      0x15c contiki-z1.a(uip-ds6.o)
                0x000025f4                uip_ds6_timer_ra
                0x000025fc                uip_ds6_if
                0x000026e8                uip_ds6_netif_addr_list_offset
                0x000026e9                uip_ds6_addr_size
                0x000026ea                uip_ds6_prefix_list
                0x00002744                uip_ds6_timer_periodic
 COMMON         0x00002750        0x1 contiki-z1.a(tcpip.o)
                0x00002750                tcpip_event
 *fill*         0x00002751        0x1 00
 COMMON         0x00002752       0xde contiki-z1.a(rpl-dag.o)
                0x00002752                default_instance
                0x00002754                instance_table
 COMMON         0x00002830       0xba contiki-z1.a(rpl-icmp6.o)
                0x00002830                negative_values
                0x00002842                posObs
                0x00002844                negObs
                0x00002846                positive_values
                0x00002858                neighbors
                0x000028e8                trustValue
 COMMON         0x000028ea        0x8 contiki-z1.a(linkaddr.o)
                0x000028ea                linkaddr_node_addr
 COMMON         0x000028f2       0x2e contiki-z1.a(packetbuf.o)
                0x000028f2                packetbuf_addrs
                0x00002902                packetbuf_attrs
 COMMON         0x00002920       0x10 contiki-z1.a(i2cmaster.o)
                0x00002920                transmit_data1
                0x00002921                rx_byte_ctr
                0x00002922                tx_buf_ptr
                0x00002924                tx_byte_ctr
                0x00002926                i
                0x00002928                receive_data
                0x0000292a                rx_buf
                0x0000292c                transmit_data2
                0x0000292e                rx_buf_ptr
 COMMON         0x00002930        0x8 contiki-z1.a(compower.o)
                0x00002930                compower_idle_activity
                0x00002938                . = ALIGN (0x2)
                0x00002938                PROVIDE (__bss_end, .)
                0x0000170e                PROVIDE (__bss_size, SIZEOF (.bss))

.noinit         0x00002938        0x2 load address 0x0000fdca
                0x00002938                PROVIDE (__noinit_start, .)
 *(.noinit .noinit.*)
 .noinit.crt0   0x00002938        0x2 /usr/lib/gcc/msp430/4.6.3/mcpu-430x/mmpy-16/libcrt0.a(__watchdog_support.o)
                0x00002938                __wdt_clear_value
                0x0000293a                . = ALIGN (0x2)
                0x0000293a                PROVIDE (__noinit_end, .)
                0x0000293a                . = ALIGN (0x2)
                0x0000293a                _end = .

.infomem        0x00001000        0x0
 *(.infomem)
                0x00001000                . = ALIGN (0x2)
 *(.infomem.*)

.infomemnobits  0x00001000        0x0
 *(.infomemnobits)
                0x00001000                . = ALIGN (0x2)
 *(.infomemnobits.*)

.infoa
 *(.infoa .infoa.*)

.infob
 *(.infob .infob.*)

.infoc
 *(.infoc .infoc.*)

.infod
 *(.infod .infod.*)

.vectors        0x0000ffc0       0x40
                0x0000ffc0                PROVIDE (__vectors_start, .)
 *(.vectors*)
 .vectors       0x0000ffc0       0x40 /usr/lib/gcc/msp430/4.6.3/mcpu-430x/mmpy-16/crt0ivtbl32.o
                0x0000ffc0                __ivtbl_32
                0x00010000                _vectors_end = .

.fartext        0x00010000        0x0
                0x00010000                . = ALIGN (0x2)
 *(.fartext)
                0x00010000                . = ALIGN (0x2)
 *(.fartext.*)
                0x00010000                _efartext = .

.profiler
 *(.profiler)

.stab           0x00000000    0x2a678
 *(.stab)
 .stab          0x00000000     0x1cec udp-server.co
 .stab          0x00001cec     0x12c0 obj_z1/contiki-z1-main.o
                               0x1b24 (size before relaxing)
 .stab          0x00002fac      0x240 contiki-z1.a(contiki-z1-plat)
                                0x5a0 (size before relaxing)
 .stab          0x000031ec      0x4a4 contiki-z1.a(msp430.o)
                                0x7f8 (size before relaxing)
 .stab          0x00003690      0x5dc contiki-z1.a(leds.o)
                                0x828 (size before relaxing)
 .stab          0x00003c6c      0x3fc contiki-z1.a(watchdog.o)
                                0x750 (size before relaxing)
 .stab          0x00004068      0x9fc contiki-z1.a(xmem.o)
                                0xf3c (size before relaxing)
 .stab          0x00004a64      0x288 contiki-z1.a(spi.o)
                                0x5dc (size before relaxing)
 .stab          0x00004cec     0x25e0 contiki-z1.a(cc2420.o)
                               0x2cac (size before relaxing)
 .stab          0x000072cc      0x72c contiki-z1.a(cc2420-arch.o)
                               0x16a4 (size before relaxing)
 .stab          0x000079f8      0x300 contiki-z1.a(node-id.o)
                                0x6d8 (size before relaxing)
 .stab          0x00007cf8      0x654 contiki-z1.a(sensors.o)
                                0xb70 (size before relaxing)
 .stab          0x0000834c      0x468 contiki-z1.a(button-sensor.o)
                                0x7d4 (size before relaxing)
 .stab          0x000087b4      0x4f8 contiki-z1.a(uart0.o)
                                0xa2c (size before relaxing)
 .stab          0x00008cac      0x264 contiki-z1.a(uart0-putchar.o)
                                0x78c (size before relaxing)
 .stab          0x00008f10      0xb10 contiki-z1.a(adxl345.o)
                               0x1128 (size before relaxing)
 .stab          0x00009a20      0x948 contiki-z1.a(clock.o)
                                0xc9c (size before relaxing)
 .stab          0x0000a368      0x3a8 contiki-z1.a(leds-arch.o)
                                0x6fc (size before relaxing)
 .stab          0x0000a710      0x3cc contiki-z1.a(rtimer-arch.o)
                                0x720 (size before relaxing)
 .stab          0x0000aadc      0x294 contiki-z1.a(autostart.o)
                                0x534 (size before relaxing)
 .stab          0x0000ad70      0x7a4 contiki-z1.a(ctimer.o)
                                0xb10 (size before relaxing)
 .stab          0x0000b514      0x474 contiki-z1.a(energest.o)
                                0x6fc (size before relaxing)
 .stab          0x0000b988      0xa38 contiki-z1.a(etimer.o)
                                0xd08 (size before relaxing)
 .stab          0x0000c3c0      0xb7c contiki-z1.a(process.o)
                               0x1014 (size before relaxing)
 .stab          0x0000cf3c      0x3d8 contiki-z1.a(rtimer.o)
                                0x6c0 (size before relaxing)
 .stab          0x0000d314      0x354 contiki-z1.a(timer.o)
                                0x594 (size before relaxing)
 .stab          0x0000d668      0x7f8 contiki-z1.a(list.o)
                                0x804 (size before relaxing)
 .stab          0x0000de60     0x1fb0 contiki-z1.a(sicslowpan.o)
                               0x2ef8 (size before relaxing)
 .stab          0x0000fe10     0x2bd4 contiki-z1.a(uip6.o)
                               0x378c (size before relaxing)
 .stab          0x000129e4     0x13d4 contiki-z1.a(uip-ds6.o)
                               0x1f74 (size before relaxing)
 .stab          0x00013db8      0xde0 contiki-z1.a(uip-ds6-nbr.o)
                               0x1818 (size before relaxing)
 .stab          0x00014b98     0x1260 contiki-z1.a(uip-ds6-route.o)
                               0x1de8 (size before relaxing)
 .stab          0x00015df8      0xcf0 contiki-z1.a(uip-icmp6.o)
                               0x1968 (size before relaxing)
 .stab          0x00016ae8      0xd20 contiki-z1.a(uip-nd6.o)
                               0x18fc (size before relaxing)
 .stab          0x00017808     0x14ac contiki-z1.a(tcpip.o)
                               0x26f4 (size before relaxing)
 .stab          0x00018cb4      0x444 contiki-z1.a(uip-debug.o)
                                0xbd0 (size before relaxing)
 .stab          0x000190f8      0xa8c contiki-z1.a(rpl.o)
                               0x17b8 (size before relaxing)
 .stab          0x00019b84     0x2f10 contiki-z1.a(rpl-dag.o)
                               0x3c18 (size before relaxing)
 .stab          0x0001ca94      0xa50 contiki-z1.a(rpl-ext-header.)
                               0x180c (size before relaxing)
 .stab          0x0001d4e4     0x1dc4 contiki-z1.a(rpl-icmp6.o)
                               0x2bc8 (size before relaxing)
 .stab          0x0001f2a8      0x8f4 contiki-z1.a(rpl-mrhof.o)
                               0x15e4 (size before relaxing)
 .stab          0x0001fb9c      0xbdc contiki-z1.a(rpl-timers.o)
                               0x18cc (size before relaxing)
 .stab          0x00020778      0x2c4 contiki-z1.a(linkaddr.o)
                                0x6c0 (size before relaxing)
 .stab          0x00020a3c      0xd80 contiki-z1.a(nbr-table.o)
                               0x1428 (size before relaxing)
 .stab          0x000217bc      0xdb0 contiki-z1.a(packetbuf.o)
                               0x1ed8 (size before relaxing)
 .stab          0x0002256c      0xaa4 contiki-z1.a(queuebuf.o)
                               0x1bb4 (size before relaxing)
 .stab          0x00023010     0x1050 contiki-z1.a(csma.o)
                               0x1590 (size before relaxing)
 .stab          0x00024060      0x930 contiki-z1.a(framer-802154.o)
                                0xf54 (size before relaxing)
 .stab          0x00024990      0x3fc contiki-z1.a(framer.o)
                                0xc54 (size before relaxing)
 .stab          0x00024d8c      0x1f8 contiki-z1.a(mac.o)
                                0x4ec (size before relaxing)
 .stab          0x00024f84     0x1794 contiki-z1.a(contikimac.o)
                               0x2208 (size before relaxing)
 .stab          0x00026718      0x75c contiki-z1.a(nullsec.o)
                                0xda4 (size before relaxing)
 .stab          0x00026e74      0xf24 contiki-z1.a(powertrace.o)
                               0x1af4 (size before relaxing)
 .stab          0x00027d98      0x894 contiki-z1.a(i2cmaster.o)
                                0xbe8 (size before relaxing)
 .stab          0x0002862c      0x51c contiki-z1.a(compower.o)
                                0xd20 (size before relaxing)
 .stab          0x00028b48      0x3c0 contiki-z1.a(stimer.o)
                                0x600 (size before relaxing)
 .stab          0x00028f08      0x5c4 contiki-z1.a(memb.o)
                                0xaf8 (size before relaxing)
 .stab          0x000294cc      0x228 contiki-z1.a(random.o)
                                0x624 (size before relaxing)
 .stab          0x000296f4      0x924 contiki-z1.a(frame802154.o)
                               0x10f8 (size before relaxing)
 .stab          0x0002a018      0x660 contiki-z1.a(mac-sequence.o)
                               0x1788 (size before relaxing)

.stabstr        0x00000000    0x1d2ed
 *(.stabstr)
 .stabstr       0x00000000    0x1d2ed udp-server.co

.stab.excl
 *(.stab.excl)

.stab.exclstr
 *(.stab.exclstr)

.stab.index
 *(.stab.index)

.stab.indexstr
 *(.stab.indexstr)

.comment
 *(.comment)

.debug
 *(.debug)

.line
 *(.line)

.debug_srcinfo
 *(.debug_srcinfo)

.debug_sfnames
 *(.debug_sfnames)

.debug_aranges  0x00000000      0x1a4
 *(.debug_aranges)
 .debug_aranges
                0x00000000       0x14 /usr/lib/gcc/msp430/4.6.3/mcpu-430x/mmpy-16/libgcc.a(_mulsi3.o)
 .debug_aranges
                0x00000014       0x14 /usr/lib/gcc/msp430/4.6.3/mcpu-430x/mmpy-16/libgcc.a(_udivmod16.o)
 .debug_aranges
                0x00000028       0x14 /usr/lib/gcc/msp430/4.6.3/mcpu-430x/mmpy-16/libgcc.a(_divmod16.o)
 .debug_aranges
                0x0000003c       0x14 /usr/lib/gcc/msp430/4.6.3/mcpu-430x/mmpy-16/libgcc.a(_udivmod32.o)
 .debug_aranges
                0x00000050       0x14 /usr/lib/gcc/msp430/4.6.3/../../../../msp430/lib/mcpu-430x/mmpy-16/libc.a(strncmp.o)
 .debug_aranges
                0x00000064       0x14 /usr/lib/gcc/msp430/4.6.3/../../../../msp430/lib/mcpu-430x/mmpy-16/libc.a(memcmp.o)
 .debug_aranges
                0x00000078       0x14 /usr/lib/gcc/msp430/4.6.3/../../../../msp430/lib/mcpu-430x/mmpy-16/libc.a(memcpy.o)
 .debug_aranges
                0x0000008c       0x14 /usr/lib/gcc/msp430/4.6.3/../../../../msp430/lib/mcpu-430x/mmpy-16/libc.a(memmove.o)
 .debug_aranges
                0x000000a0       0x14 /usr/lib/gcc/msp430/4.6.3/../../../../msp430/lib/mcpu-430x/mmpy-16/libc.a(memset.o)
 .debug_aranges
                0x000000b4       0x14 /usr/lib/gcc/msp430/4.6.3/../../../../msp430/lib/mcpu-430x/mmpy-16/libc.a(malloc.o)
 .debug_aranges
                0x000000c8       0x14 /usr/lib/gcc/msp430/4.6.3/../../../../msp430/lib/mcpu-430x/mmpy-16/libc.a(printf.o)
 .debug_aranges
                0x000000dc       0x14 /usr/lib/gcc/msp430/4.6.3/../../../../msp430/lib/mcpu-430x/mmpy-16/libc.a(vuprintf.o)
 .debug_aranges
                0x000000f0       0x14 /usr/lib/gcc/msp430/4.6.3/../../../../msp430/lib/mcpu-430x/mmpy-16/libc.a(puts.o)
 .debug_aranges
                0x00000104       0x14 /usr/lib/gcc/msp430/4.6.3/../../../../msp430/lib/mcpu-430x/mmpy-16/libc.a(rand.o)
 .debug_aranges
                0x00000118       0x14 /usr/lib/gcc/msp430/4.6.3/mcpu-430x/mmpy-16/libgcc.a(_udivmod64.o)
 .debug_aranges
                0x0000012c       0x14 /usr/lib/gcc/msp430/4.6.3/mcpu-430x/mmpy-16/libcrt0.a(__watchdog_support.o)
 .debug_aranges
                0x00000140       0x14 /usr/lib/gcc/msp430/4.6.3/mcpu-430x/mmpy-16/libcrt0.a(__init_stack.o)
 .debug_aranges
                0x00000154       0x14 /usr/lib/gcc/msp430/4.6.3/mcpu-430x/mmpy-16/libcrt0.a(_copy_data.o)
 .debug_aranges
                0x00000168       0x14 /usr/lib/gcc/msp430/4.6.3/mcpu-430x/mmpy-16/libcrt0.a(_clear_bss.o)
 .debug_aranges
                0x0000017c       0x14 /usr/lib/gcc/msp430/4.6.3/mcpu-430x/mmpy-16/libcrt0.a(_endless_loop__.o)
 .debug_aranges
                0x00000190       0x14 /usr/lib/gcc/msp430/4.6.3/mcpu-430x/mmpy-16/libcrt0.a(_unexpected_.o)

.debug_pubnames
 *(.debug_pubnames)

.debug_info     0x00000000     0x1705
 *(.debug_info)
 .debug_info    0x00000000       0xe0 /usr/lib/gcc/msp430/4.6.3/mcpu-430x/mmpy-16/libgcc.a(_mulsi3.o)
 .debug_info    0x000000e0       0xe0 /usr/lib/gcc/msp430/4.6.3/mcpu-430x/mmpy-16/libgcc.a(_udivmod16.o)
 .debug_info    0x000001c0       0xe0 /usr/lib/gcc/msp430/4.6.3/mcpu-430x/mmpy-16/libgcc.a(_divmod16.o)
 .debug_info    0x000002a0       0xe0 /usr/lib/gcc/msp430/4.6.3/mcpu-430x/mmpy-16/libgcc.a(_udivmod32.o)
 .debug_info    0x00000380       0xbb /usr/lib/gcc/msp430/4.6.3/../../../../msp430/lib/mcpu-430x/mmpy-16/libc.a(strncmp.o)
 .debug_info    0x0000043b       0xe8 /usr/lib/gcc/msp430/4.6.3/../../../../msp430/lib/mcpu-430x/mmpy-16/libc.a(memcmp.o)
 .debug_info    0x00000523      0x113 /usr/lib/gcc/msp430/4.6.3/../../../../msp430/lib/mcpu-430x/mmpy-16/libc.a(memcpy.o)
 .debug_info    0x00000636      0x113 /usr/lib/gcc/msp430/4.6.3/../../../../msp430/lib/mcpu-430x/mmpy-16/libc.a(memmove.o)
 .debug_info    0x00000749       0xfe /usr/lib/gcc/msp430/4.6.3/../../../../msp430/lib/mcpu-430x/mmpy-16/libc.a(memset.o)
 .debug_info    0x00000847      0x14f /usr/lib/gcc/msp430/4.6.3/../../../../msp430/lib/mcpu-430x/mmpy-16/libc.a(malloc.o)
 .debug_info    0x00000996      0x105 /usr/lib/gcc/msp430/4.6.3/../../../../msp430/lib/mcpu-430x/mmpy-16/libc.a(printf.o)
 .debug_info    0x00000a9b      0x565 /usr/lib/gcc/msp430/4.6.3/../../../../msp430/lib/mcpu-430x/mmpy-16/libc.a(vuprintf.o)
 .debug_info    0x00001000       0x96 /usr/lib/gcc/msp430/4.6.3/../../../../msp430/lib/mcpu-430x/mmpy-16/libc.a(puts.o)
 .debug_info    0x00001096      0x13f /usr/lib/gcc/msp430/4.6.3/../../../../msp430/lib/mcpu-430x/mmpy-16/libc.a(rand.o)
 .debug_info    0x000011d5       0xe0 /usr/lib/gcc/msp430/4.6.3/mcpu-430x/mmpy-16/libgcc.a(_udivmod64.o)
 .debug_info    0x000012b5       0xb8 /usr/lib/gcc/msp430/4.6.3/mcpu-430x/mmpy-16/libcrt0.a(__watchdog_support.o)
 .debug_info    0x0000136d       0xb8 /usr/lib/gcc/msp430/4.6.3/mcpu-430x/mmpy-16/libcrt0.a(__init_stack.o)
 .debug_info    0x00001425       0xb8 /usr/lib/gcc/msp430/4.6.3/mcpu-430x/mmpy-16/libcrt0.a(_copy_data.o)
 .debug_info    0x000014dd       0xb8 /usr/lib/gcc/msp430/4.6.3/mcpu-430x/mmpy-16/libcrt0.a(_clear_bss.o)
 .debug_info    0x00001595       0xb8 /usr/lib/gcc/msp430/4.6.3/mcpu-430x/mmpy-16/libcrt0.a(_endless_loop__.o)
 .debug_info    0x0000164d       0xb8 /usr/lib/gcc/msp430/4.6.3/mcpu-430x/mmpy-16/libcrt0.a(_unexpected_.o)
 *(.gnu.linkonce.wi.*)

.debug_abbrev   0x00000000      0x8c4
 *(.debug_abbrev)
 .debug_abbrev  0x00000000       0x14 /usr/lib/gcc/msp430/4.6.3/mcpu-430x/mmpy-16/libgcc.a(_mulsi3.o)
 .debug_abbrev  0x00000014       0x14 /usr/lib/gcc/msp430/4.6.3/mcpu-430x/mmpy-16/libgcc.a(_udivmod16.o)
 .debug_abbrev  0x00000028       0x14 /usr/lib/gcc/msp430/4.6.3/mcpu-430x/mmpy-16/libgcc.a(_divmod16.o)
 .debug_abbrev  0x0000003c       0x14 /usr/lib/gcc/msp430/4.6.3/mcpu-430x/mmpy-16/libgcc.a(_udivmod32.o)
 .debug_abbrev  0x00000050       0x7c /usr/lib/gcc/msp430/4.6.3/../../../../msp430/lib/mcpu-430x/mmpy-16/libc.a(strncmp.o)
 .debug_abbrev  0x000000cc       0x9b /usr/lib/gcc/msp430/4.6.3/../../../../msp430/lib/mcpu-430x/mmpy-16/libc.a(memcmp.o)
 .debug_abbrev  0x00000167       0x97 /usr/lib/gcc/msp430/4.6.3/../../../../msp430/lib/mcpu-430x/mmpy-16/libc.a(memcpy.o)
 .debug_abbrev  0x000001fe       0x97 /usr/lib/gcc/msp430/4.6.3/../../../../msp430/lib/mcpu-430x/mmpy-16/libc.a(memmove.o)
 .debug_abbrev  0x00000295       0x9c /usr/lib/gcc/msp430/4.6.3/../../../../msp430/lib/mcpu-430x/mmpy-16/libc.a(memset.o)
 .debug_abbrev  0x00000331       0xf8 /usr/lib/gcc/msp430/4.6.3/../../../../msp430/lib/mcpu-430x/mmpy-16/libc.a(malloc.o)
 .debug_abbrev  0x00000429       0xd0 /usr/lib/gcc/msp430/4.6.3/../../../../msp430/lib/mcpu-430x/mmpy-16/libc.a(printf.o)
 .debug_abbrev  0x000004f9      0x1ef /usr/lib/gcc/msp430/4.6.3/../../../../msp430/lib/mcpu-430x/mmpy-16/libc.a(vuprintf.o)
 .debug_abbrev  0x000006e8       0x60 /usr/lib/gcc/msp430/4.6.3/../../../../msp430/lib/mcpu-430x/mmpy-16/libc.a(puts.o)
 .debug_abbrev  0x00000748       0xf0 /usr/lib/gcc/msp430/4.6.3/../../../../msp430/lib/mcpu-430x/mmpy-16/libc.a(rand.o)
 .debug_abbrev  0x00000838       0x14 /usr/lib/gcc/msp430/4.6.3/mcpu-430x/mmpy-16/libgcc.a(_udivmod64.o)
 .debug_abbrev  0x0000084c       0x14 /usr/lib/gcc/msp430/4.6.3/mcpu-430x/mmpy-16/libcrt0.a(__watchdog_support.o)
 .debug_abbrev  0x00000860       0x14 /usr/lib/gcc/msp430/4.6.3/mcpu-430x/mmpy-16/libcrt0.a(__init_stack.o)
 .debug_abbrev  0x00000874       0x14 /usr/lib/gcc/msp430/4.6.3/mcpu-430x/mmpy-16/libcrt0.a(_copy_data.o)
 .debug_abbrev  0x00000888       0x14 /usr/lib/gcc/msp430/4.6.3/mcpu-430x/mmpy-16/libcrt0.a(_clear_bss.o)
 .debug_abbrev  0x0000089c       0x14 /usr/lib/gcc/msp430/4.6.3/mcpu-430x/mmpy-16/libcrt0.a(_endless_loop__.o)
 .debug_abbrev  0x000008b0       0x14 /usr/lib/gcc/msp430/4.6.3/mcpu-430x/mmpy-16/libcrt0.a(_unexpected_.o)

.debug_line     0x00000000      0xe97
 *(.debug_line)
 .debug_line    0x00000000       0xa2 /usr/lib/gcc/msp430/4.6.3/mcpu-430x/mmpy-16/libgcc.a(_mulsi3.o)
 .debug_line    0x000000a2       0x9c /usr/lib/gcc/msp430/4.6.3/mcpu-430x/mmpy-16/libgcc.a(_udivmod16.o)
 .debug_line    0x0000013e       0xa7 /usr/lib/gcc/msp430/4.6.3/mcpu-430x/mmpy-16/libgcc.a(_divmod16.o)
 .debug_line    0x000001e5       0xa7 /usr/lib/gcc/msp430/4.6.3/mcpu-430x/mmpy-16/libgcc.a(_udivmod32.o)
 .debug_line    0x0000028c       0x75 /usr/lib/gcc/msp430/4.6.3/../../../../msp430/lib/mcpu-430x/mmpy-16/libc.a(strncmp.o)
 .debug_line    0x00000301       0x73 /usr/lib/gcc/msp430/4.6.3/../../../../msp430/lib/mcpu-430x/mmpy-16/libc.a(memcmp.o)
 .debug_line    0x00000374       0xe9 /usr/lib/gcc/msp430/4.6.3/../../../../msp430/lib/mcpu-430x/mmpy-16/libc.a(memcpy.o)
 .debug_line    0x0000045d       0xe9 /usr/lib/gcc/msp430/4.6.3/../../../../msp430/lib/mcpu-430x/mmpy-16/libc.a(memmove.o)
 .debug_line    0x00000546       0xc8 /usr/lib/gcc/msp430/4.6.3/../../../../msp430/lib/mcpu-430x/mmpy-16/libc.a(memset.o)
 .debug_line    0x0000060e       0xbd /usr/lib/gcc/msp430/4.6.3/../../../../msp430/lib/mcpu-430x/mmpy-16/libc.a(malloc.o)
 .debug_line    0x000006cb       0x72 /usr/lib/gcc/msp430/4.6.3/../../../../msp430/lib/mcpu-430x/mmpy-16/libc.a(printf.o)
 .debug_line    0x0000073d      0x2ce /usr/lib/gcc/msp430/4.6.3/../../../../msp430/lib/mcpu-430x/mmpy-16/libc.a(vuprintf.o)
 .debug_line    0x00000a0b       0x4d /usr/lib/gcc/msp430/4.6.3/../../../../msp430/lib/mcpu-430x/mmpy-16/libc.a(puts.o)
 .debug_line    0x00000a58       0x4f /usr/lib/gcc/msp430/4.6.3/../../../../msp430/lib/mcpu-430x/mmpy-16/libc.a(rand.o)
 .debug_line    0x00000aa7       0xd5 /usr/lib/gcc/msp430/4.6.3/mcpu-430x/mmpy-16/libgcc.a(_udivmod64.o)
 .debug_line    0x00000b7c       0x84 /usr/lib/gcc/msp430/4.6.3/mcpu-430x/mmpy-16/libcrt0.a(__watchdog_support.o)
 .debug_line    0x00000c00       0x82 /usr/lib/gcc/msp430/4.6.3/mcpu-430x/mmpy-16/libcrt0.a(__init_stack.o)
 .debug_line    0x00000c82       0x88 /usr/lib/gcc/msp430/4.6.3/mcpu-430x/mmpy-16/libcrt0.a(_copy_data.o)
 .debug_line    0x00000d0a       0x88 /usr/lib/gcc/msp430/4.6.3/mcpu-430x/mmpy-16/libcrt0.a(_clear_bss.o)
 .debug_line    0x00000d92       0x83 /usr/lib/gcc/msp430/4.6.3/mcpu-430x/mmpy-16/libcrt0.a(_endless_loop__.o)
 .debug_line    0x00000e15       0x82 /usr/lib/gcc/msp430/4.6.3/mcpu-430x/mmpy-16/libcrt0.a(_unexpected_.o)

.debug_frame    0x00000000      0x216
 *(.debug_frame)
 .debug_frame   0x00000000       0x24 /usr/lib/gcc/msp430/4.6.3/../../../../msp430/lib/mcpu-430x/mmpy-16/libc.a(strncmp.o)
 .debug_frame   0x00000024       0x24 /usr/lib/gcc/msp430/4.6.3/../../../../msp430/lib/mcpu-430x/mmpy-16/libc.a(memcmp.o)
 .debug_frame   0x00000048       0x2c /usr/lib/gcc/msp430/4.6.3/../../../../msp430/lib/mcpu-430x/mmpy-16/libc.a(memcpy.o)
 .debug_frame   0x00000074       0x2c /usr/lib/gcc/msp430/4.6.3/../../../../msp430/lib/mcpu-430x/mmpy-16/libc.a(memmove.o)
 .debug_frame   0x000000a0       0x2a /usr/lib/gcc/msp430/4.6.3/../../../../msp430/lib/mcpu-430x/mmpy-16/libc.a(memset.o)
 .debug_frame   0x000000ca       0x3e /usr/lib/gcc/msp430/4.6.3/../../../../msp430/lib/mcpu-430x/mmpy-16/libc.a(malloc.o)
 .debug_frame   0x00000108       0x2a /usr/lib/gcc/msp430/4.6.3/../../../../msp430/lib/mcpu-430x/mmpy-16/libc.a(printf.o)
 .debug_frame   0x00000132       0x84 /usr/lib/gcc/msp430/4.6.3/../../../../msp430/lib/mcpu-430x/mmpy-16/libc.a(vuprintf.o)
 .debug_frame   0x000001b6       0x24 /usr/lib/gcc/msp430/4.6.3/../../../../msp430/lib/mcpu-430x/mmpy-16/libc.a(puts.o)
 .debug_frame   0x000001da       0x3c /usr/lib/gcc/msp430/4.6.3/../../../../msp430/lib/mcpu-430x/mmpy-16/libc.a(rand.o)

.debug_str      0x00000000      0x444
 *(.debug_str)
 .debug_str     0x00000000       0xc4 /usr/lib/gcc/msp430/4.6.3/../../../../msp430/lib/mcpu-430x/mmpy-16/libc.a(strncmp.o)